[2025-09-26 11:05:28] User -> FPS Edit -> Ariyalur@pds| Kallan kollai
[2025-09-26 11:05:28] User -> FPS Edit -> Ariyalur@pds| Thennur
[2025-09-26 11:05:28] User -> FPS Edit -> Ariyalur@pds| Varatharajanpettai  II
[2025-09-26 11:05:28] User -> FPS Edit -> Ariyalur@pds| Varatharajanpettai I
[2025-09-26 11:05:28] User -> FPS Edit -> Ariyalur@pds| Melaneduvai
[2025-09-26 11:05:28] User -> FPS Edit -> Ariyalur@pds| Andimadam I
[2025-09-26 11:05:28] User -> FPS Edit -> Ariyalur@pds| Annakarakuppam
[2025-09-26 11:05:29] User -> FPS Edit -> Ariyalur@pds| Andimadam II
[2025-09-26 11:05:29] User -> FPS Edit -> Ariyalur@pds| Kolapadi
[2025-09-26 11:05:29] User -> FPS Edit -> Ariyalur@pds| Vilandai I
[2025-09-26 11:05:29] User -> FPS Edit -> Ariyalur@pds| Vilandai Colony
[2025-09-26 11:05:29] User -> FPS Edit -> Ariyalur@pds| Vilandai II
[2025-09-26 11:05:29] User -> FPS Edit -> Ariyalur@pds| Salakarai
[2025-09-26 11:05:29] User -> FPS Edit -> Ariyalur@pds| Periya krishnapuram
[2025-09-26 11:05:29] User -> FPS Edit -> Ariyalur@pds| Azhagapuram
[2025-09-26 11:05:29] User -> FPS Edit -> Ariyalur@pds| Agaram
[2025-09-26 11:05:29] User -> FPS Edit -> Ariyalur@pds| Therkunatham
[2025-09-26 11:05:29] User -> FPS Edit -> Ariyalur@pds| Ayyur
[2025-09-26 11:05:29] User -> FPS Edit -> Ariyalur@pds| Kanguzhi
[2025-09-26 11:05:29] User -> FPS Edit -> Ariyalur@pds| Pukkuzhi
[2025-09-26 11:05:29] User -> FPS Edit -> Ariyalur@pds| Silambur
[2025-09-26 11:05:29] User -> FPS Edit -> Ariyalur@pds| Vizhuthudaiyan
[2025-09-26 11:05:29] User -> FPS Edit -> Ariyalur@pds| Periathukurichi
[2025-09-26 11:05:29] User -> FPS Edit -> Ariyalur@pds| Olaiyur
[2025-09-26 11:05:29] User -> FPS Edit -> Ariyalur@pds| Periyakarukkai
[2025-09-26 11:05:29] User -> FPS Edit -> Ariyalur@pds| Rangiyam
[2025-09-26 11:05:29] User -> FPS Edit -> Ariyalur@pds| Nagampandal
[2025-09-26 11:05:29] User -> FPS Edit -> Ariyalur@pds| Sriraman
[2025-09-26 11:05:30] User -> FPS Edit -> Ariyalur@pds| K N Kuppam
[2025-09-26 11:05:30] User -> FPS Edit -> Ariyalur@pds| Koovathur I
[2025-09-26 11:05:30] User -> FPS Edit -> Ariyalur@pds| Akinespuram
[2025-09-26 11:05:30] User -> FPS Edit -> Ariyalur@pds| Koovathur II
[2025-09-26 11:05:30] User -> FPS Edit -> Ariyalur@pds| Munnurankaduvetti
[2025-09-26 11:05:30] User -> FPS Edit -> Ariyalur@pds| Nettalakurichi
[2025-09-26 11:05:30] User -> FPS Edit -> Ariyalur@pds| Anikudichan
[2025-09-26 11:05:30] User -> FPS Edit -> Ariyalur@pds| Kattathur
[2025-09-26 11:05:30] User -> FPS Edit -> Ariyalur@pds| Kovilvazhlkai
[2025-09-26 11:05:30] User -> FPS Edit -> Ariyalur@pds| Kizhaneduvoi
[2025-09-26 11:05:30] User -> FPS Edit -> Ariyalur@pds| Thirukalappur
[2025-09-26 11:05:30] User -> FPS Edit -> Ariyalur@pds| K Kudikadu
[2025-09-26 11:05:30] User -> FPS Edit -> Ariyalur@pds| Kodukkur
[2025-09-26 11:05:30] User -> FPS Edit -> Ariyalur@pds| Edaiyakurichi I
[2025-09-26 11:05:30] User -> FPS Edit -> Ariyalur@pds| Kelapatti
[2025-09-26 11:05:30] User -> FPS Edit -> Ariyalur@pds| Maruthur
[2025-09-26 11:05:30] User -> FPS Edit -> Ariyalur@pds| Therkupatti
[2025-09-26 11:05:30] User -> FPS Edit -> Ariyalur@pds| Kuvagam
[2025-09-26 11:05:30] User -> FPS Edit -> Ariyalur@pds| Vallam
[2025-09-26 11:05:30] User -> FPS Edit -> Ariyalur@pds| Variyankaval
[2025-09-26 11:05:30] User -> FPS Edit -> Ariyalur@pds| Elaiyur I
[2025-09-26 11:05:31] User -> FPS Edit -> Ariyalur@pds| Koriyampatti
[2025-09-26 11:05:31] User -> FPS Edit -> Ariyalur@pds| Elaiyur II
[2025-09-26 11:05:31] User -> FPS Edit -> Ariyalur@pds| Kalvettu
[2025-09-26 11:05:31] User -> FPS Edit -> Ariyalur@pds| Devanur
[2025-09-26 11:05:31] User -> FPS Edit -> Ariyalur@pds| Melur
[2025-09-26 11:05:31] User -> FPS Edit -> Ariyalur@pds| Pattanankurichi
[2025-09-26 11:05:31] User -> FPS Edit -> Ariyalur@pds| Rettythathur
[2025-09-26 11:05:31] User -> FPS Edit -> Ariyalur@pds| Thatthoor
[2025-09-26 11:05:31] User -> FPS Edit -> Ariyalur@pds| Ediyakurichi II
[2025-09-26 11:05:31] User -> FPS Edit -> Ariyalur@pds| Kandiyankollai
[2025-09-26 11:05:31] User -> FPS Edit -> Ariyalur@pds| Vatakkupudukudi
[2025-09-26 11:05:31] User -> FPS Edit -> Ariyalur@pds| Pudukudi
[2025-09-26 11:05:31] User -> FPS Edit -> Ariyalur@pds| Kulathur
[2025-09-26 11:05:31] User -> FPS Edit -> Ariyalur@pds| Siluvacheri
[2025-09-26 11:05:31] User -> FPS Edit -> Ariyalur@pds| Thavadanallur
[2025-09-26 11:05:31] User -> FPS Edit -> Ariyalur@pds| Vilanthai III
[2025-09-26 11:05:31] User -> FPS Edit -> Ariyalur@pds| Amutham
[2025-09-26 11:05:31] User -> FPS Edit -> Ariyalur@pds| Amaravathi I
[2025-09-26 11:05:31] User -> FPS Edit -> Ariyalur@pds| Amaravathi II
[2025-09-26 11:05:31] User -> FPS Edit -> Ariyalur@pds| Arasu Nagar
[2025-09-26 11:05:31] User -> FPS Edit -> Ariyalur@pds| Amaravathi III
[2025-09-26 11:05:31] User -> FPS Edit -> Ariyalur@pds| A C M S I
[2025-09-26 11:05:32] User -> FPS Edit -> Ariyalur@pds| A C M S  II
[2025-09-26 11:05:32] User -> FPS Edit -> Ariyalur@pds| V S P I
[2025-09-26 11:05:32] User -> FPS Edit -> Ariyalur@pds| V S P II
[2025-09-26 11:05:32] User -> FPS Edit -> Ariyalur@pds| Orathur
[2025-09-26 11:05:32] User -> FPS Edit -> Ariyalur@pds| Vilangudi
[2025-09-26 11:05:32] User -> FPS Edit -> Ariyalur@pds| KavanurI
[2025-09-26 11:05:32] User -> FPS Edit -> Ariyalur@pds| Kathankudikadu
[2025-09-26 11:05:32] User -> FPS Edit -> Ariyalur@pds| Kavanur
[2025-09-26 11:05:32] User -> FPS Edit -> Ariyalur@pds| K Poyyur
[2025-09-26 11:05:32] User -> FPS Edit -> Ariyalur@pds| Kadugur
[2025-09-26 11:05:32] User -> FPS Edit -> Ariyalur@pds| Manakkudi
[2025-09-26 11:05:32] User -> FPS Edit -> Ariyalur@pds| Karuvidaichri
[2025-09-26 11:05:32] User -> FPS Edit -> Ariyalur@pds| Poyyur
[2025-09-26 11:05:32] User -> FPS Edit -> Ariyalur@pds| Archanapuram
[2025-09-26 11:05:32] User -> FPS Edit -> Ariyalur@pds| Arungal
[2025-09-26 11:05:32] User -> FPS Edit -> Ariyalur@pds| Kallakudi
[2025-09-26 11:05:32] User -> FPS Edit -> Ariyalur@pds| Semmanthangudi
[2025-09-26 11:05:32] User -> FPS Edit -> Ariyalur@pds| Melakaruppur
[2025-09-26 11:05:32] User -> FPS Edit -> Ariyalur@pds| Nerinjikkorai
[2025-09-26 11:05:32] User -> FPS Edit -> Ariyalur@pds| Velipringiyam
[2025-09-26 11:05:32] User -> FPS Edit -> Ariyalur@pds| Pudupalayam
[2025-09-26 11:05:33] User -> FPS Edit -> Ariyalur@pds| Poyyathanallur
[2025-09-26 11:05:33] User -> FPS Edit -> Ariyalur@pds| Kurichinatham
[2025-09-26 11:05:33] User -> FPS Edit -> Ariyalur@pds| Siruvalur
[2025-09-26 11:05:33] User -> FPS Edit -> Ariyalur@pds| Setithirukonam
[2025-09-26 11:05:33] User -> FPS Edit -> Ariyalur@pds| Periyathirukonam
[2025-09-26 11:05:33] User -> FPS Edit -> Ariyalur@pds| Muniyankurich
[2025-09-26 11:05:33] User -> FPS Edit -> Ariyalur@pds| Reddipalayam
[2025-09-26 11:05:33] User -> FPS Edit -> Ariyalur@pds| Vaippam
[2025-09-26 11:05:33] User -> FPS Edit -> Ariyalur@pds| Edayathankudi
[2025-09-26 11:05:33] User -> FPS Edit -> Ariyalur@pds| Siluppanur
[2025-09-26 11:05:33] User -> FPS Edit -> Ariyalur@pds| P Ottakovil
[2025-09-26 11:05:33] User -> FPS Edit -> Ariyalur@pds| Pungankuzhi
[2025-09-26 11:05:33] User -> FPS Edit -> Ariyalur@pds| Oriyur
[2025-09-26 11:05:33] User -> FPS Edit -> Ariyalur@pds| Vallakulam
[2025-09-26 11:05:33] User -> FPS Edit -> Ariyalur@pds| Andipattakadu
[2025-09-26 11:05:33] User -> FPS Edit -> Ariyalur@pds| Panangkoor
[2025-09-26 11:05:33] User -> FPS Edit -> Ariyalur@pds| Vallaikuzhi
[2025-09-26 11:05:33] User -> FPS Edit -> Ariyalur@pds| Alanthuraiyarkattalai
[2025-09-26 11:05:33] User -> FPS Edit -> Ariyalur@pds| Sundagudi
[2025-09-26 11:05:33] User -> FPS Edit -> Ariyalur@pds| Nagamangalam
[2025-09-26 11:05:33] User -> FPS Edit -> Ariyalur@pds| M suppurayapuram
[2025-09-26 11:05:33] User -> FPS Edit -> Ariyalur@pds| Manakkal
[2025-09-26 11:05:34] User -> FPS Edit -> Ariyalur@pds| Thamaraikulam
[2025-09-26 11:05:34] User -> FPS Edit -> Ariyalur@pds| Govindapuram
[2025-09-26 11:05:34] User -> FPS Edit -> Ariyalur@pds| Rajivnagar
[2025-09-26 11:05:34] User -> FPS Edit -> Ariyalur@pds| Min Nagar
[2025-09-26 11:05:34] User -> FPS Edit -> Ariyalur@pds| Valajanagaram
[2025-09-26 11:05:34] User -> FPS Edit -> Ariyalur@pds| Venkadakriushnapuram
[2025-09-26 11:05:34] User -> FPS Edit -> Ariyalur@pds| Kayarlapath
[2025-09-26 11:05:34] User -> FPS Edit -> Ariyalur@pds| Usenabath
[2025-09-26 11:05:34] User -> FPS Edit -> Ariyalur@pds| Seenivasapuram
[2025-09-26 11:05:34] User -> FPS Edit -> Ariyalur@pds| Kallankurichi
[2025-09-26 11:05:34] User -> FPS Edit -> Ariyalur@pds| Ottakovil I
[2025-09-26 11:05:34] User -> FPS Edit -> Ariyalur@pds| Salaiyakurichi
[2025-09-26 11:05:34] User -> FPS Edit -> Ariyalur@pds| Ottakovil II
[2025-09-26 11:05:34] User -> FPS Edit -> Ariyalur@pds| Athikudikadu
[2025-09-26 11:05:34] User -> FPS Edit -> Ariyalur@pds| Ayyanrayampuram
[2025-09-26 11:05:34] User -> FPS Edit -> Ariyalur@pds| Sennivanam
[2025-09-26 11:05:34] User -> FPS Edit -> Ariyalur@pds| Illuppaiyur
[2025-09-26 11:05:34] User -> FPS Edit -> Ariyalur@pds| Pottaveli
[2025-09-26 11:05:34] User -> FPS Edit -> Ariyalur@pds| Velur
[2025-09-26 11:05:34] User -> FPS Edit -> Ariyalur@pds| Mannuli
[2025-09-26 11:05:34] User -> FPS Edit -> Ariyalur@pds| Thelur
[2025-09-26 11:05:35] User -> FPS Edit -> Ariyalur@pds| Asthinapuram
[2025-09-26 11:05:35] User -> FPS Edit -> Ariyalur@pds| Kulamanickam
[2025-09-26 11:05:35] User -> FPS Edit -> Ariyalur@pds| Sempiyakudi
[2025-09-26 11:05:35] User -> FPS Edit -> Ariyalur@pds| Elandakudam I
[2025-09-26 11:05:35] User -> FPS Edit -> Ariyalur@pds| Elandakudam II
[2025-09-26 11:05:35] User -> FPS Edit -> Ariyalur@pds| Kovil Esanai
[2025-09-26 11:05:35] User -> FPS Edit -> Ariyalur@pds| Kopiliankudikadu
[2025-09-26 11:05:35] User -> FPS Edit -> Ariyalur@pds| Ayanathur
[2025-09-26 11:05:35] User -> FPS Edit -> Ariyalur@pds| Gandhinagar
[2025-09-26 11:05:35] User -> FPS Edit -> Ariyalur@pds| Thirumazhapady
[2025-09-26 11:05:35] User -> FPS Edit -> Ariyalur@pds| K Mettuthiru
[2025-09-26 11:05:35] User -> FPS Edit -> Ariyalur@pds| T A Puddukottai
[2025-09-26 11:05:35] User -> FPS Edit -> Ariyalur@pds| Kandiratheertham
[2025-09-26 11:05:35] User -> FPS Edit -> Ariyalur@pds| Senapathi
[2025-09-26 11:05:35] User -> FPS Edit -> Ariyalur@pds| Keelakavantankurichi
[2025-09-26 11:05:35] User -> FPS Edit -> Ariyalur@pds| Thavuthaikullam
[2025-09-26 11:05:35] User -> FPS Edit -> Ariyalur@pds| Varanavasi
[2025-09-26 11:05:35] User -> FPS Edit -> Ariyalur@pds| Karaiyavetti
[2025-09-26 11:05:35] User -> FPS Edit -> Ariyalur@pds| T A Venganur
[2025-09-26 11:05:35] User -> FPS Edit -> Ariyalur@pds| Sannavur
[2025-09-26 11:05:35] User -> FPS Edit -> Ariyalur@pds| Angiyanur
[2025-09-26 11:05:36] User -> FPS Edit -> Ariyalur@pds| Palinganatham
[2025-09-26 11:05:36] User -> FPS Edit -> Ariyalur@pds| Thirumanur I
[2025-09-26 11:05:36] User -> FPS Edit -> Ariyalur@pds| Thirumanur II
[2025-09-26 11:05:36] User -> FPS Edit -> Ariyalur@pds| Thiruvenganur
[2025-09-26 11:05:36] User -> FPS Edit -> Ariyalur@pds| Vadugapalayam
[2025-09-26 11:05:36] User -> FPS Edit -> Ariyalur@pds| Mudikondan
[2025-09-26 11:05:36] User -> FPS Edit -> Ariyalur@pds| Manjamedu
[2025-09-26 11:05:36] User -> FPS Edit -> Ariyalur@pds| Elakkurichi
[2025-09-26 11:05:36] User -> FPS Edit -> Ariyalur@pds| Vandarayankattalai
[2025-09-26 11:05:36] User -> FPS Edit -> Ariyalur@pds| Sengarayankattalai
[2025-09-26 11:05:36] User -> FPS Edit -> Ariyalur@pds| Elunachipuram
[2025-09-26 11:05:36] User -> FPS Edit -> Ariyalur@pds| Sullangudi
[2025-09-26 11:05:36] User -> FPS Edit -> Ariyalur@pds| Vilupanankurichi
[2025-09-26 11:05:36] User -> FPS Edit -> Ariyalur@pds| K Mathur
[2025-09-26 11:05:36] User -> FPS Edit -> Ariyalur@pds| Kamarasavalli
[2025-09-26 11:05:36] User -> FPS Edit -> Ariyalur@pds| Koman
[2025-09-26 11:05:36] User -> FPS Edit -> Ariyalur@pds| K Thelur
[2025-09-26 11:05:36] User -> FPS Edit -> Ariyalur@pds| Kuruvadi
[2025-09-26 11:05:36] User -> FPS Edit -> Ariyalur@pds| Vaipur
[2025-09-26 11:05:36] User -> FPS Edit -> Ariyalur@pds| Thoothur
[2025-09-26 11:05:36] User -> FPS Edit -> Ariyalur@pds| Keezhakolathur II
[2025-09-26 11:05:36] User -> FPS Edit -> Ariyalur@pds| Keezhakolathur I
[2025-09-26 11:05:36] User -> FPS Edit -> Ariyalur@pds| Narasingapuram
[2025-09-26 11:05:37] User -> FPS Edit -> Ariyalur@pds| Kelaesanai
[2025-09-26 11:05:37] User -> FPS Edit -> Ariyalur@pds| Chinnapattakadu
[2025-09-26 11:05:37] User -> FPS Edit -> Ariyalur@pds| SETTIKULI
[2025-09-26 11:05:37] User -> FPS Edit -> Ariyalur@pds| Kovilur
[2025-09-26 11:05:37] User -> FPS Edit -> Ariyalur@pds| Keelapalur I
[2025-09-26 11:05:37] User -> FPS Edit -> Ariyalur@pds| Malathankulam
[2025-09-26 11:05:37] User -> FPS Edit -> Ariyalur@pds| Keelaiyur
[2025-09-26 11:05:37] User -> FPS Edit -> Ariyalur@pds| Melapalur
[2025-09-26 11:05:37] User -> FPS Edit -> Ariyalur@pds| Poondi
[2025-09-26 11:05:37] User -> FPS Edit -> Ariyalur@pds| Periyanagalur
[2025-09-26 11:05:37] User -> FPS Edit -> Ariyalur@pds| Kattupringiyam
[2025-09-26 11:05:37] User -> FPS Edit -> Ariyalur@pds| Melavannam
[2025-09-26 11:05:37] User -> FPS Edit -> Ariyalur@pds| Sathamangalam
[2025-09-26 11:05:37] User -> FPS Edit -> Ariyalur@pds| Thiruppayar
[2025-09-26 11:05:37] User -> FPS Edit -> Ariyalur@pds| Vettriyur
[2025-09-26 11:05:37] User -> FPS Edit -> Ariyalur@pds| Ayansuthamalli
[2025-09-26 11:05:37] User -> FPS Edit -> Ariyalur@pds| Erakkudi
[2025-09-26 11:05:37] User -> FPS Edit -> Ariyalur@pds| Mallur
[2025-09-26 11:05:37] User -> FPS Edit -> Ariyalur@pds| Maravanur
[2025-09-26 11:05:37] User -> FPS Edit -> Ariyalur@pds| Maravanur
[2025-09-26 11:05:38] User -> FPS Edit -> Ariyalur@pds| Subrayapuram
[2025-09-26 11:05:38] User -> FPS Edit -> Ariyalur@pds| Eleri
[2025-09-26 11:05:38] User -> FPS Edit -> Ariyalur@pds| Keelavannam
[2025-09-26 11:05:38] User -> FPS Edit -> Ariyalur@pds| Karupilakattalai
[2025-09-26 11:05:38] User -> FPS Edit -> Ariyalur@pds| Keelapalur II
[2025-09-26 11:05:38] User -> FPS Edit -> Ariyalur@pds| Veppanguli
[2025-09-26 11:05:38] User -> FPS Edit -> Ariyalur@pds| Kokudi
[2025-09-26 11:05:38] User -> FPS Edit -> Ariyalur@pds| Virakalur
[2025-09-26 11:05:38] User -> FPS Edit -> Ariyalur@pds| Kallur
[2025-09-26 11:05:38] User -> FPS Edit -> Ariyalur@pds| Melavarappankurichi
[2025-09-26 11:05:38] User -> FPS Edit -> Ariyalur@pds| Melaramanallur
[2025-09-26 11:05:38] User -> FPS Edit -> Ariyalur@pds| Azagiyamanavalam
[2025-09-26 11:05:38] User -> FPS Edit -> Ariyalur@pds| Palayapadi
[2025-09-26 11:05:38] User -> FPS Edit -> Ariyalur@pds| Annimangalam
[2025-09-26 11:05:38] User -> FPS Edit -> Ariyalur@pds| Aranmanaikurichi
[2025-09-26 11:05:38] User -> FPS Edit -> Ariyalur@pds| Vilagam
[2025-09-26 11:05:38] User -> FPS Edit -> Ariyalur@pds| A V K Colony
[2025-09-26 11:05:38] User -> FPS Edit -> Ariyalur@pds| Palaniyandinagar
[2025-09-26 11:05:38] User -> FPS Edit -> Ariyalur@pds| Kunthapuram
[2025-09-26 11:05:38] User -> FPS Edit -> Ariyalur@pds| Ameenapath
[2025-09-26 11:05:38] User -> FPS Edit -> Ariyalur@pds| Annanagar
[2025-09-26 11:05:38] User -> FPS Edit -> Ariyalur@pds| Keelarayampuram
[2025-09-26 11:05:39] User -> FPS Edit -> Ariyalur@pds| Cinna Ananthavadi
[2025-09-26 11:05:39] User -> FPS Edit -> Ariyalur@pds| Kilimangalam   II
[2025-09-26 11:05:39] User -> FPS Edit -> Ariyalur@pds| Valarakurichi
[2025-09-26 11:05:39] User -> FPS Edit -> Ariyalur@pds| Kilimangalam I
[2025-09-26 11:05:39] User -> FPS Edit -> Ariyalur@pds| Elangaichery
[2025-09-26 11:05:39] User -> FPS Edit -> Ariyalur@pds| Sendhurai I
[2025-09-26 11:05:39] User -> FPS Edit -> Ariyalur@pds| Sendthurai II
[2025-09-26 11:05:39] User -> FPS Edit -> Ariyalur@pds| Sedakudikkadu
[2025-09-26 11:05:39] User -> FPS Edit -> Ariyalur@pds| Maruvathoor
[2025-09-26 11:05:39] User -> FPS Edit -> Ariyalur@pds| Nallampalayam
[2025-09-26 11:05:39] User -> FPS Edit -> Ariyalur@pds| Ujjaini
[2025-09-26 11:05:39] User -> FPS Edit -> Ariyalur@pds| Sirukadamboor
[2025-09-26 11:05:39] User -> FPS Edit -> Ariyalur@pds| Ninniyur
[2025-09-26 11:05:39] User -> FPS Edit -> Ariyalur@pds| Nakkambadi
[2025-09-26 11:05:39] User -> FPS Edit -> Ariyalur@pds| Ukanthanayagan Kudikkadu
[2025-09-26 11:05:39] User -> FPS Edit -> Ariyalur@pds| Manappathoor
[2025-09-26 11:05:39] User -> FPS Edit -> Ariyalur@pds| Kulumoor I
[2025-09-26 11:05:39] User -> FPS Edit -> Ariyalur@pds| Mullaiyur
[2025-09-26 11:05:39] User -> FPS Edit -> Ariyalur@pds| Vankaram
[2025-09-26 11:05:39] User -> FPS Edit -> Ariyalur@pds| Ayanthathanoor
[2025-09-26 11:05:39] User -> FPS Edit -> Ariyalur@pds| Sivaramapuram
[2025-09-26 11:05:39] User -> FPS Edit -> Ariyalur@pds| Anganoor
[2025-09-26 11:05:40] User -> FPS Edit -> Ariyalur@pds| Sannasinallur
[2025-09-26 11:05:40] User -> FPS Edit -> Ariyalur@pds| Sengamedu
[2025-09-26 11:05:40] User -> FPS Edit -> Ariyalur@pds| Thalavai South
[2025-09-26 11:05:40] User -> FPS Edit -> Ariyalur@pds| Siluppanoor
[2025-09-26 11:05:40] User -> FPS Edit -> Ariyalur@pds| ThalavaaiCoodalore
[2025-09-26 11:05:40] User -> FPS Edit -> Ariyalur@pds| Marunkoor
[2025-09-26 11:05:40] User -> FPS Edit -> Ariyalur@pds| Thular
[2025-09-26 11:05:40] User -> FPS Edit -> Ariyalur@pds| Kanchamalaipatti
[2025-09-26 11:05:40] User -> FPS Edit -> Ariyalur@pds| Asaveeran Kudikkadu
[2025-09-26 11:05:40] User -> FPS Edit -> Ariyalur@pds| Marakurichy
[2025-09-26 11:05:40] User -> FPS Edit -> Ariyalur@pds| Thamaraipoondi
[2025-09-26 11:05:40] User -> FPS Edit -> Ariyalur@pds| Manakudayan
[2025-09-26 11:05:40] User -> FPS Edit -> Ariyalur@pds| Ponparappi I
[2025-09-26 11:05:40] User -> FPS Edit -> Ariyalur@pds| Ponparappi II
[2025-09-26 11:05:40] User -> FPS Edit -> Ariyalur@pds| Sirukalathoor
[2025-09-26 11:05:40] User -> FPS Edit -> Ariyalur@pds| Nallan Colony
[2025-09-26 11:05:40] User -> FPS Edit -> Ariyalur@pds| Elaikkadamboor
[2025-09-26 11:05:40] User -> FPS Edit -> Ariyalur@pds| Periyakkurichi
[2025-09-26 11:05:40] User -> FPS Edit -> Ariyalur@pds| Mathumadakki
[2025-09-26 11:05:40] User -> FPS Edit -> Ariyalur@pds| Keezhamaligai
[2025-09-26 11:05:40] User -> FPS Edit -> Ariyalur@pds| Irumpulikurichy I
[2025-09-26 11:05:40] User -> FPS Edit -> Ariyalur@pds| Paranam   II
[2025-09-26 11:05:41] User -> FPS Edit -> Ariyalur@pds| Paranam  I
[2025-09-26 11:05:41] User -> FPS Edit -> Ariyalur@pds| Kumizhiyzam
[2025-09-26 11:05:41] User -> FPS Edit -> Ariyalur@pds| Kazhumangalam
[2025-09-26 11:05:41] User -> FPS Edit -> Ariyalur@pds| Nagalkuzhi
[2025-09-26 11:05:41] User -> FPS Edit -> Ariyalur@pds| Pilakurichi
[2025-09-26 11:05:41] User -> FPS Edit -> Ariyalur@pds| Chookkanathapuram
[2025-09-26 11:05:41] User -> FPS Edit -> Ariyalur@pds| Pazhamalainathapuram
[2025-09-26 11:05:41] User -> FPS Edit -> Ariyalur@pds| Namangunam
[2025-09-26 11:05:41] User -> FPS Edit -> Ariyalur@pds| Vanchinapuram II
[2025-09-26 11:05:41] User -> FPS Edit -> Ariyalur@pds| Vanjinapuram I
[2025-09-26 11:05:41] User -> FPS Edit -> Ariyalur@pds| Periya Ananthavadi
[2025-09-26 11:05:41] User -> FPS Edit -> Ariyalur@pds| Chozhankudikkadu
[2025-09-26 11:05:41] User -> FPS Edit -> Ariyalur@pds| Nanthiyankudikkadu
[2025-09-26 11:05:41] User -> FPS Edit -> Ariyalur@pds| Veerakkan
[2025-09-26 11:05:41] User -> FPS Edit -> Ariyalur@pds| Alathiyure
[2025-09-26 11:05:41] User -> FPS Edit -> Ariyalur@pds| Mullukurichi
[2025-09-26 11:05:41] User -> FPS Edit -> Ariyalur@pds| Adhanakurichi
[2025-09-26 11:05:41] User -> FPS Edit -> Ariyalur@pds| Muthukulam
[2025-09-26 11:05:41] User -> FPS Edit -> Ariyalur@pds| Pudupalayam
[2025-09-26 11:05:41] User -> FPS Edit -> Ariyalur@pds| Kuzhumoor
[2025-09-26 11:05:42] User -> FPS Edit -> Ariyalur@pds| Irumpulikurichi   II A
[2025-09-26 11:05:42] User -> FPS Edit -> Ariyalur@pds| Irum puliKurichi II
[2025-09-26 11:05:42] User -> FPS Edit -> Ariyalur@pds| Sendurai III
[2025-09-26 11:05:42] User -> FPS Edit -> Ariyalur@pds| Sendurai IV
[2025-09-26 11:05:42] User -> FPS Edit -> Ariyalur@pds| Ujjaini II
[2025-09-26 11:05:42] User -> FPS Edit -> Ariyalur@pds| Sirukdambooar II
[2025-09-26 11:05:42] User -> FPS Edit -> Ariyalur@pds| Amutham
[2025-09-26 11:05:42] User -> FPS Edit -> Ariyalur@pds| Melakudiyiruppu
[2025-09-26 11:05:42] User -> FPS Edit -> Ariyalur@pds| Amaravathi I
[2025-09-26 11:05:42] User -> FPS Edit -> Ariyalur@pds| Amaravathi II
[2025-09-26 11:05:42] User -> FPS Edit -> Ariyalur@pds| Sengunthapuram
[2025-09-26 11:05:42] User -> FPS Edit -> Ariyalur@pds| Jayankondam I
[2025-09-26 11:05:42] User -> FPS Edit -> Ariyalur@pds| Jayankondam II
[2025-09-26 11:05:42] User -> FPS Edit -> Ariyalur@pds| Chinnavalayam
[2025-09-26 11:05:42] User -> FPS Edit -> Ariyalur@pds| Jayankondam III
[2025-09-26 11:05:42] User -> FPS Edit -> Ariyalur@pds| Jayankondam IV
[2025-09-26 11:05:42] User -> FPS Edit -> Ariyalur@pds| Kommedu
[2025-09-26 11:05:42] User -> FPS Edit -> Ariyalur@pds| Keelakudiyiruppu
[2025-09-26 11:05:42] User -> FPS Edit -> Ariyalur@pds| Susaiyapparpattinam
[2025-09-26 11:05:42] User -> FPS Edit -> Ariyalur@pds| Udayarpalayam I
[2025-09-26 11:05:42] User -> FPS Edit -> Ariyalur@pds| Udayarpalayam II
[2025-09-26 11:05:42] User -> FPS Edit -> Ariyalur@pds| Udayarpalayam III
[2025-09-26 11:05:43] User -> FPS Edit -> Ariyalur@pds| Udayarpalayam IV
[2025-09-26 11:05:43] User -> FPS Edit -> Ariyalur@pds| Suriyamanal
[2025-09-26 11:05:43] User -> FPS Edit -> Ariyalur@pds| Periyavalayam
[2025-09-26 11:05:43] User -> FPS Edit -> Ariyalur@pds| Vizhapallam
[2025-09-26 11:05:43] User -> FPS Edit -> Ariyalur@pds| Devamangalam
[2025-09-26 11:05:43] User -> FPS Edit -> Ariyalur@pds| Uthirakudi
[2025-09-26 11:05:43] User -> FPS Edit -> Ariyalur@pds| Kaluvanthondi
[2025-09-26 11:05:43] User -> FPS Edit -> Ariyalur@pds| Angarayanallur
[2025-09-26 11:05:43] User -> FPS Edit -> Ariyalur@pds| Vanathirayanpattinam
[2025-09-26 11:05:43] User -> FPS Edit -> Ariyalur@pds| Elamangalam
[2025-09-26 11:05:43] User -> FPS Edit -> Ariyalur@pds| Katchiperumal
[2025-09-26 11:05:43] User -> FPS Edit -> Ariyalur@pds| Edaiyar
[2025-09-26 11:05:43] User -> FPS Edit -> Ariyalur@pds| Pilichikuzhi
[2025-09-26 11:05:43] User -> FPS Edit -> Ariyalur@pds| T Valavettikuppam
[2025-09-26 11:05:43] User -> FPS Edit -> Ariyalur@pds| Thatthanur
[2025-09-26 11:05:43] User -> FPS Edit -> Ariyalur@pds| Pottakollai
[2025-09-26 11:05:43] User -> FPS Edit -> Ariyalur@pds| Keezhaveli
[2025-09-26 11:05:43] User -> FPS Edit -> Ariyalur@pds| Karaikattankurichi
[2025-09-26 11:05:43] User -> FPS Edit -> Ariyalur@pds| Azhisugudi
[2025-09-26 11:05:43] User -> FPS Edit -> Ariyalur@pds| Parukkal
[2025-09-26 11:05:43] User -> FPS Edit -> Ariyalur@pds| Cholankurichi
[2025-09-26 11:05:43] User -> FPS Edit -> Ariyalur@pds| Kallathurtherkutheru
[2025-09-26 11:05:44] User -> FPS Edit -> Ariyalur@pds| Kallatthur
[2025-09-26 11:05:44] User -> FPS Edit -> Ariyalur@pds| Thandalai Vatakku
[2025-09-26 11:05:44] User -> FPS Edit -> Ariyalur@pds| Vataveekam
[2025-09-26 11:05:44] User -> FPS Edit -> Ariyalur@pds| Marukalankurichi
[2025-09-26 11:05:44] User -> FPS Edit -> Ariyalur@pds| Thandalai
[2025-09-26 11:05:44] User -> FPS Edit -> Ariyalur@pds| Vangudi
[2025-09-26 11:05:44] User -> FPS Edit -> Ariyalur@pds| Tharmasamuthiram
[2025-09-26 11:05:44] User -> FPS Edit -> Ariyalur@pds| Pappakudi I
[2025-09-26 11:05:44] User -> FPS Edit -> Ariyalur@pds| Pappakudi II
[2025-09-26 11:05:44] User -> FPS Edit -> Ariyalur@pds| Radhapuram
[2025-09-26 11:05:44] User -> FPS Edit -> Ariyalur@pds| Eravangudi
[2025-09-26 11:05:44] User -> FPS Edit -> Ariyalur@pds| Mathapuram
[2025-09-26 11:05:44] User -> FPS Edit -> Ariyalur@pds| Kumilankuzhi
[2025-09-26 11:05:44] User -> FPS Edit -> Ariyalur@pds| Meensurutti
[2025-09-26 11:05:44] User -> FPS Edit -> Ariyalur@pds| Kuttakarai
[2025-09-26 11:05:44] User -> FPS Edit -> Ariyalur@pds| Veerapogam
[2025-09-26 11:05:44] User -> FPS Edit -> Ariyalur@pds| Kattakaram
[2025-09-26 11:05:44] User -> FPS Edit -> Ariyalur@pds| Kollapuram
[2025-09-26 11:05:44] User -> FPS Edit -> Ariyalur@pds| Kulothunganallur
[2025-09-26 11:05:44] User -> FPS Edit -> Ariyalur@pds| Alathipallam
[2025-09-26 11:05:44] User -> FPS Edit -> Ariyalur@pds| Sokkalingapuram
[2025-09-26 11:05:45] User -> FPS Edit -> Ariyalur@pds| Nellithoppu
[2025-09-26 11:05:45] User -> FPS Edit -> Ariyalur@pds| Kankavadankanallur
[2025-09-26 11:05:45] User -> FPS Edit -> Ariyalur@pds| Muthuservamadam
[2025-09-26 11:05:45] User -> FPS Edit -> Ariyalur@pds| Sathiram
[2025-09-26 11:05:45] User -> FPS Edit -> Ariyalur@pds| Elaiyaperumalnallur
[2025-09-26 11:05:45] User -> FPS Edit -> Ariyalur@pds| Saluppai
[2025-09-26 11:05:45] User -> FPS Edit -> Ariyalur@pds| Vetthiyarvettu
[2025-09-26 11:05:45] User -> FPS Edit -> Ariyalur@pds| Veerachozhapuram
[2025-09-26 11:05:45] User -> FPS Edit -> Ariyalur@pds| Thazhuthazhaimedu
[2025-09-26 11:05:45] User -> FPS Edit -> Ariyalur@pds| Thennavanallur
[2025-09-26 11:05:45] User -> FPS Edit -> Ariyalur@pds| Kuzhavadaiyan
[2025-09-26 11:05:45] User -> FPS Edit -> Ariyalur@pds| Panthayankottai
[2025-09-26 11:05:45] User -> FPS Edit -> Ariyalur@pds| Uththapallam
[2025-09-26 11:05:45] User -> FPS Edit -> Ariyalur@pds| Utkottai I
[2025-09-26 11:05:45] User -> FPS Edit -> Ariyalur@pds| Utkottai II
[2025-09-26 11:05:45] User -> FPS Edit -> Ariyalur@pds| Melasengalmedu
[2025-09-26 11:05:45] User -> FPS Edit -> Ariyalur@pds| Gangaikondasolapuram
[2025-09-26 11:05:45] User -> FPS Edit -> Ariyalur@pds| Poovaikulam
[2025-09-26 11:05:45] User -> FPS Edit -> Ariyalur@pds| Pitchanur
[2025-09-26 11:05:45] User -> FPS Edit -> Ariyalur@pds| Edaikattu
[2025-09-26 11:05:45] User -> FPS Edit -> Ariyalur@pds| Kuruvalapparkovil
[2025-09-26 11:05:46] User -> FPS Edit -> Ariyalur@pds| Puthusavadi
[2025-09-26 11:05:46] User -> FPS Edit -> Ariyalur@pds| T Palur I
[2025-09-26 11:05:46] User -> FPS Edit -> Ariyalur@pds| T Palur II
[2025-09-26 11:05:46] User -> FPS Edit -> Ariyalur@pds| Annakaranpettai
[2025-09-26 11:05:46] User -> FPS Edit -> Ariyalur@pds| Edangkanni
[2025-09-26 11:05:46] User -> FPS Edit -> Ariyalur@pds| T K P natham
[2025-09-26 11:05:46] User -> FPS Edit -> Ariyalur@pds| Arulmozhi
[2025-09-26 11:05:46] User -> FPS Edit -> Ariyalur@pds| Karaikurichi
[2025-09-26 11:05:46] User -> FPS Edit -> Ariyalur@pds| Mathanathur
[2025-09-26 11:05:46] User -> FPS Edit -> Ariyalur@pds| Vazhaikurichi
[2025-09-26 11:05:46] User -> FPS Edit -> Ariyalur@pds| Sripuranthan
[2025-09-26 11:05:46] User -> FPS Edit -> Ariyalur@pds| Arankottai
[2025-09-26 11:05:46] User -> FPS Edit -> Ariyalur@pds| Kasankottai
[2025-09-26 11:05:46] User -> FPS Edit -> Ariyalur@pds| Kovinthaputhur
[2025-09-26 11:05:46] User -> FPS Edit -> Ariyalur@pds| Gunamangalam
[2025-09-26 11:05:46] User -> FPS Edit -> Ariyalur@pds| Mazhavarayanallur
[2025-09-26 11:05:46] User -> FPS Edit -> Ariyalur@pds| Katampur
[2025-09-26 11:05:46] User -> FPS Edit -> Ariyalur@pds| Sathampadi
[2025-09-26 11:05:46] User -> FPS Edit -> Ariyalur@pds| Alavai
[2025-09-26 11:05:46] User -> FPS Edit -> Ariyalur@pds| Kizhanattham
[2025-09-26 11:05:46] User -> FPS Edit -> Ariyalur@pds| Udaiyavarthiyanur
[2025-09-26 11:05:46] User -> FPS Edit -> Ariyalur@pds| Ambalavarkattalai
[2025-09-26 11:05:47] User -> FPS Edit -> Ariyalur@pds| Uthayanattham
[2025-09-26 11:05:47] User -> FPS Edit -> Ariyalur@pds| Ko Kandiyankollai
[2025-09-26 11:05:47] User -> FPS Edit -> Ariyalur@pds| Kotalai
[2025-09-26 11:05:47] User -> FPS Edit -> Ariyalur@pds| Ayepalayam
[2025-09-26 11:05:47] User -> FPS Edit -> Ariyalur@pds| Kodalikarupur
[2025-09-26 11:05:47] User -> FPS Edit -> Ariyalur@pds| Porpathinthanallur
[2025-09-26 11:05:47] User -> FPS Edit -> Ariyalur@pds| Silal
[2025-09-26 11:05:47] User -> FPS Edit -> Ariyalur@pds| Anaigudam
[2025-09-26 11:05:47] User -> FPS Edit -> Ariyalur@pds| Amirtharayankottai
[2025-09-26 11:05:47] User -> FPS Edit -> Ariyalur@pds| Cholamadevi
[2025-09-26 11:05:47] User -> FPS Edit -> Ariyalur@pds| Kodankudi
[2025-09-26 11:05:47] User -> FPS Edit -> Ariyalur@pds| Kelamykalpattai
[2025-09-26 11:05:47] User -> FPS Edit -> Ariyalur@pds| Malamaykalpatti
[2025-09-26 11:05:47] User -> FPS Edit -> Ariyalur@pds| Nayaganaipriyal
[2025-09-26 11:05:47] User -> FPS Edit -> Ariyalur@pds| Kottiyal
[2025-09-26 11:05:47] User -> FPS Edit -> Ariyalur@pds| Irukaiyur
[2025-09-26 11:05:47] User -> FPS Edit -> Ariyalur@pds| Sengarayapuram
[2025-09-26 11:05:47] User -> FPS Edit -> Ariyalur@pds| Kaduvettankurichi
[2025-09-26 11:05:47] User -> FPS Edit -> Ariyalur@pds| Karkudi
[2025-09-26 11:05:47] User -> FPS Edit -> Ariyalur@pds| Poovanthikollai
[2025-09-26 11:05:47] User -> FPS Edit -> Ariyalur@pds| Naduvalur
[2025-09-26 11:05:47] User -> FPS Edit -> Ariyalur@pds| Puliyankudi
[2025-09-26 11:05:48] User -> FPS Edit -> Ariyalur@pds| Sutthamalli
[2025-09-26 11:05:48] User -> FPS Edit -> Ariyalur@pds| Koraikuzhi
[2025-09-26 11:05:48] User -> FPS Edit -> Ariyalur@pds| Anikurichi
[2025-09-26 11:05:48] User -> FPS Edit -> Ariyalur@pds| Vadakadal
[2025-09-26 11:05:48] User -> FPS Edit -> Ariyalur@pds| Venmankondan
[2025-09-26 11:05:48] User -> FPS Edit -> Ariyalur@pds| Nachiyarpettai
[2025-09-26 11:05:48] User -> FPS Edit -> Ariyalur@pds| Athichanur
[2025-09-26 11:05:48] User -> FPS Edit -> Ariyalur@pds| Managathi
[2025-09-26 11:05:48] User -> FPS Edit -> Ariyalur@pds| Suntharesapuram
[2025-09-26 11:05:48] User -> FPS Edit -> Ariyalur@pds| Kolaiyanur
[2025-09-26 11:05:48] User -> FPS Edit -> Ariyalur@pds| Ulliyakudi
[2025-09-26 11:05:48] User -> FPS Edit -> Ariyalur@pds| Malanikuzhi
[2025-09-26 11:05:48] User -> FPS Edit -> Ariyalur@pds| Kunjuveli
[2025-09-26 11:05:48] User -> FPS Edit -> Ariyalur@pds| Mudduvanchari
[2025-09-26 11:05:48] User -> FPS Edit -> Ariyalur@pds| Ambapur
[2025-09-26 11:05:48] User -> FPS Edit -> Ariyalur@pds| Senguzhi
[2025-09-26 11:05:48] User -> FPS Edit -> Ariyalur@pds| Vikaramangalam
[2025-09-26 11:05:48] User -> FPS Edit -> Ariyalur@pds| Thathampettai
[2025-09-26 11:05:48] User -> FPS Edit -> Ariyalur@pds| Vanavanallur
[2025-09-26 11:05:48] User -> FPS Edit -> Ariyalur@pds| Mayikavalputhur
[2025-09-26 11:05:48] User -> FPS Edit -> Ariyalur@pds| Kadarankondan
[2025-09-26 11:05:48] User -> FPS Edit -> Ariyalur@pds| Ayuthakalam
[2025-09-26 11:05:49] User -> FPS Edit -> Ariyalur@pds| Meensuruti II
[2025-09-26 11:05:49] User -> FPS Edit -> Ariyalur@pds| Sutthamalli II
[2025-09-26 11:05:49] User -> FPS Edit -> Ariyalur@pds| T Kudikadu
[2025-09-26 11:05:49] User -> FPS Edit -> Ariyalur@pds| T Palur III
[2025-09-26 11:05:49] User -> FPS Edit -> Ariyalur@pds| Sripuranthan II
