[2026-04-23 14:03:22] User -> DCP added ->fci@pds| Requested JSON -> {"name":"AKshay","type":"sdf","latitude":"11","longitude":"70","demand_frice":"65654","district":"Ariyalur","id":"567","demand":"564","demand_rice":"45656"}
[2026-04-23 14:06:26] User -> DCP Edit ->fci@pds| Requested JSON -> {"name":"AKshayghb","uniqueid":"DCP_69e9d952a5d","active":"1","type":"sdf","latitude":"11","longitude":"70","demand_frice":"45656","district":"Ariyalur","id":"567","demand":"564","demand_rice":"45656"}
[2026-04-23 14:06:28] User -> DCP InActive -> fci@pds| Akshayghb
[2026-04-23 14:06:29] User -> DCP Active -> fci@pds| Akshayghb
[2026-04-23 14:06:50] User -> DCP deleted -> fci@pds| Requested JSON -> {"uid":"DCP_69e9d952a5d"} | Akshayghb
[2026-04-23 14:08:03] User -> DCP deleted -> fci@pds| Requested JSON -> {"uid":"all"} | all
[2026-04-23 14:12:53] User -> DCP Added -> admin@pds| FSD Egmore
[2026-04-23 14:12:53] User -> DCP Added -> admin@pds| Silo Elavur
[2026-04-23 14:12:53] User -> DCP Added -> admin@pds| FSD, Sevur
[2026-04-23 14:12:53] User -> DCP Added -> admin@pds| FSD, Arakkonam
[2026-04-23 14:12:53] User -> DCP Added -> admin@pds| PEG,Madhuranthagam
[2026-04-23 14:12:53] User -> DCP Added -> admin@pds| PEG,Thiruvanammalai
[2026-04-23 14:12:53] User -> DCP Added -> admin@pds| CWC Madurai-II
[2026-04-23 14:12:53] User -> DCP Added -> admin@pds| FSD Ramnad
[2026-04-23 14:12:53] User -> DCP Added -> admin@pds| TNWC Ramnad PEG
[2026-04-23 14:12:53] User -> DCP Added -> admin@pds| TNWC Karikudi PEG
[2026-04-23 14:12:53] User -> DCP Added -> admin@pds| CWC Virudhunagar
[2026-04-23 14:12:53] User -> DCP Added -> admin@pds| FSD MG Complex 
[2026-04-23 14:12:53] User -> DCP Added -> admin@pds| TNWC Tirunelveli 
[2026-04-23 14:12:53] User -> DCP Added -> admin@pds| TNWC PEG Muthur 
[2026-04-23 14:12:53] User -> DCP Added -> admin@pds| CWC Nagercoil  
[2026-04-23 14:12:53] User -> DCP Added -> admin@pds| TNWC DINDIGUL 
[2026-04-23 14:12:53] User -> DCP Added -> admin@pds| CWC Moolapalayam
[2026-04-23 14:12:53] User -> DCP Added -> admin@pds| CWC Hosur
[2026-04-23 14:12:53] User -> DCP Added -> admin@pds| TNWC Tiruppur 
[2026-04-23 14:12:53] User -> DCP Added -> admin@pds| TNWC Namakkal
[2026-04-23 14:12:53] User -> DCP Added -> admin@pds| PEG Dharmapuri
[2026-04-23 14:12:53] User -> DCP Added -> admin@pds| SILO Madukkarai
[2026-04-23 14:12:53] User -> DCP Added -> admin@pds| FSD Peelamedu
[2026-04-23 14:12:53] User -> DCP Added -> admin@pds| FSD Salem
[2026-04-23 14:12:53] User -> DCP Added -> admin@pds| FSD COIMBATORE
[2026-04-23 14:12:53] User -> DCP Added -> admin@pds| CWC Thanjavur
[2026-04-23 14:12:53] User -> DCP Added -> admin@pds| FSD Sembanarkoil
[2026-04-23 14:12:53] User -> DCP Added -> admin@pds| TNWC Pudukottai
[2026-04-23 14:12:53] User -> DCP Added -> admin@pds| CWC Trichy
[2026-04-23 14:12:53] User -> DCP Added -> admin@pds| TNWC Trichy
[2026-04-23 14:12:53] User -> DCP Added -> admin@pds| TNWC Chinnasalem
[2026-04-23 14:12:53] User -> DCP Added -> admin@pds| TNWC Villupuram
[2026-04-23 14:12:53] User -> DCP Added -> admin@pds| PEG Villupuram
[2026-04-23 14:12:53] User -> DCP Added -> admin@pds| FSD Chidambaram
[2026-04-23 14:12:53] User -> DCP Added -> admin@pds| CWC Chidambaram
[2026-04-23 14:12:53] User -> DCP Added -> admin@pds| CWC Cuddalore
[2026-04-23 14:12:53] User -> DCP Added -> admin@pds| FSD Karaikal
[2026-04-23 14:12:53] User -> DCP Added -> admin@pds| FSD Thiruvandarkoil
[2026-04-23 14:12:53] User -> DCP Added -> admin@pds| Akshayghb
[2026-04-23 14:14:32] User -> DCP deleted -> fci@pds| Requested JSON -> {"uid":"DCP_69e9db8d944"} | Akshayghb
[2026-04-23 14:14:42] User -> DCP deleted -> fci@pds| Requested JSON -> {"uid":"all"} | all
[2026-04-23 14:14:51] User -> DCP Added -> fci@pds| FSD Egmore
[2026-04-23 14:14:51] User -> DCP Added -> fci@pds| Silo Elavur
[2026-04-23 14:14:51] User -> DCP Added -> fci@pds| FSD, Sevur
[2026-04-23 14:14:51] User -> DCP Added -> fci@pds| FSD, Arakkonam
[2026-04-23 14:14:51] User -> DCP Added -> fci@pds| PEG,Madhuranthagam
[2026-04-23 14:14:51] User -> DCP Added -> fci@pds| PEG,Thiruvanammalai
[2026-04-23 14:14:51] User -> DCP Added -> fci@pds| CWC Madurai-II
[2026-04-23 14:14:51] User -> DCP Added -> fci@pds| FSD Ramnad
[2026-04-23 14:14:51] User -> DCP Added -> fci@pds| TNWC Ramnad PEG
[2026-04-23 14:14:51] User -> DCP Added -> fci@pds| TNWC Karikudi PEG
[2026-04-23 14:14:51] User -> DCP Added -> fci@pds| CWC Virudhunagar
[2026-04-23 14:14:51] User -> DCP Added -> fci@pds| FSD MG Complex 
[2026-04-23 14:14:51] User -> DCP Added -> fci@pds| TNWC Tirunelveli 
[2026-04-23 14:14:51] User -> DCP Added -> fci@pds| TNWC PEG Muthur 
[2026-04-23 14:14:51] User -> DCP Added -> fci@pds| CWC Nagercoil  
[2026-04-23 14:14:51] User -> DCP Added -> fci@pds| TNWC DINDIGUL 
[2026-04-23 14:14:51] User -> DCP Added -> fci@pds| CWC Moolapalayam
[2026-04-23 14:14:51] User -> DCP Added -> fci@pds| CWC Hosur
[2026-04-23 14:14:51] User -> DCP Added -> fci@pds| TNWC Tiruppur 
[2026-04-23 14:14:51] User -> DCP Added -> fci@pds| TNWC Namakkal
[2026-04-23 14:14:51] User -> DCP Added -> fci@pds| PEG Dharmapuri
[2026-04-23 14:14:51] User -> DCP Added -> fci@pds| SILO Madukkarai
[2026-04-23 14:14:51] User -> DCP Added -> fci@pds| FSD Peelamedu
[2026-04-23 14:14:51] User -> DCP Added -> fci@pds| FSD Salem
[2026-04-23 14:14:51] User -> DCP Added -> fci@pds| FSD COIMBATORE
[2026-04-23 14:14:51] User -> DCP Added -> fci@pds| CWC Thanjavur
[2026-04-23 14:14:51] User -> DCP Added -> fci@pds| FSD Sembanarkoil
[2026-04-23 14:14:51] User -> DCP Added -> fci@pds| TNWC Pudukottai
[2026-04-23 14:14:51] User -> DCP Added -> fci@pds| CWC Trichy
[2026-04-23 14:14:51] User -> DCP Added -> fci@pds| TNWC Trichy
[2026-04-23 14:14:51] User -> DCP Added -> fci@pds| TNWC Chinnasalem
[2026-04-23 14:14:51] User -> DCP Added -> fci@pds| TNWC Villupuram
[2026-04-23 14:14:51] User -> DCP Added -> fci@pds| PEG Villupuram
[2026-04-23 14:14:51] User -> DCP Added -> fci@pds| FSD Chidambaram
[2026-04-23 14:14:51] User -> DCP Added -> fci@pds| CWC Chidambaram
[2026-04-23 14:14:51] User -> DCP Added -> fci@pds| CWC Cuddalore
[2026-04-23 14:14:51] User -> DCP Added -> fci@pds| FSD Karaikal
[2026-04-23 14:14:51] User -> DCP Added -> fci@pds| FSD Thiruvandarkoil
[2026-04-23 14:14:51] User -> DCP Added -> fci@pds| Akshayghb
[2026-04-23 14:15:09] User -> DCP deleted -> fci@pds| Requested JSON -> {"uid":"DCP_69e9dc037c5"} | Akshayghb
