[2025-07-31 10:37:39] User -> Warehouse Edit ->admin@pds| Requested JSON -> {"name":"Wsx","uniqueid":"WH_6889f55074e6","active":"1","type":"motorable","latitude":"11","storage":"1","district":"Ariyalur","id":"21","warehousetype":"swc","longitude":"22"}
[2025-07-31 10:38:25] User -> Warehouse deleted -> admin@pds| Requested JSON -> {"uid":"WH_6889f55074e6"} | Wsx
[2025-07-31 10:38:46] User -> Warehouse deleted -> admin@pds| Requested JSON -> [] | all
[2025-07-31 10:45:09] User -> FPS Active -> admin@pds| asdfg
[2025-07-31 10:46:47] User -> FPS deleted -> admin@pds| Requested JSON -> {"uid":"FPS_6888b8d13ac"} | asdfg
[2025-07-31 10:50:07] User -> Verify User ->admin@pds| Requested JSON -> {"uid":"67f0d5d11a200"} | Ariyalur1@pds
[2025-07-31 10:50:34] User -> Verify User ->admin@pds| Requested JSON -> {"uid":"67f0d5d11a200"} | Ariyalur1@pds
[2025-07-31 10:51:14] User -> Block User ->admin@pds| Requested JSON -> {"uid":"67f0d5d11a200"} | Ariyalur1@pds
[2025-07-31 10:53:27] User -> User Add ->admin@pds| Requested JSON -> {"newusername":"qwertyu","district":"admin","newpassword":"qwertyui"} | qwertyu
[2025-07-31 10:53:58] User -> Send  Message ->admin@pds| Requested JSON -> {"uniqueid":"678baa8433d73"} | Ariyalur@pds
[2025-07-31 10:59:23] User -> Cost for leg2 Added ->admin@pds| Requested JSON -> {"cost_lbQU5ZSHdjTE0r":"5"} | 2024 | may
[2025-07-31 14:26:30] User -> District Name Edit->admin@pds| Requested JSON -> {"name":"Testerrrrrrasdcc","uid":"687dc6f8505b8"}
[2025-07-31 14:27:15] User -> District Name Edit->admin@pds| Requested JSON -> {"name":"Testerrrrrrasdcc","uid":"687dc6f8505b8"}
[2025-07-31 14:27:22] User -> District Name Edit->admin@pds| Requested JSON -> []
[2025-07-31 14:29:27] User -> Warehouse InActive -> admin@pds| Itesteri
[2025-07-31 14:29:38] User -> Warehouse Active -> admin@pds| Itesteri
[2025-07-31 14:30:04] User -> Warehouse InActive -> admin@pds| Itesteri
[2025-07-31 14:30:15] User -> Warehouse Edit ->admin@pds| Requested JSON -> {"name":"Itesteri","uniqueid":"WH_6889f5506513","active":false,"type":"motorable","latitude":"11.14939","storage":"87","district":"Ariyalur","id":"45678","warehousetype":"swc","longitude":"79.06627"}
[2025-07-31 14:30:37] User -> Warehouse Edit ->admin@pds| Requested JSON -> {"name":"Itesteri","uniqueid":"WH_6889f5506513","active":false,"type":"motorable","latitude":"11.14939","storage":"87","district":"Ariyalur","id":"45678","warehousetype":"swc","longitude":"79.06627"}
[2025-07-31 14:31:25] User -> Warehouse InActive -> admin@pds| Itesteri
[2025-07-31 14:31:57] User -> Warehouse deleted -> admin@pds| Requested JSON -> {"uid":"WH_6889f5506513"} | Itesteri
[2025-07-31 14:32:08] User -> Warehouse deleted -> admin@pds| Requested JSON -> {"uid":"WH_6889f5506513"} | all
[2025-07-31 14:32:15] User -> Warehouse deleted -> admin@pds| Requested JSON -> [] | all
[2025-07-31 14:36:19] User -> Warehouse Active -> admin@pds| Ariyalur
[2025-07-31 14:36:33] User -> Warehouse Active -> admin@pds| Ariyalur
[2025-07-31 14:37:08] User -> Warehouse Active -> admin@pds| Ariyalur
[2025-07-31 14:38:17] User -> Warehouse Active -> admin@pds| Ariyalur
[2025-07-31 14:40:39] User -> Warehouse deleted -> admin@pds| Requested JSON -> {"uid":"WH_6889f5506ad5"} | Btesterb
[2025-07-31 14:40:52] User -> Warehouse deleted -> admin@pds| Requested JSON -> {"uid":"WH_6889f5506ad5"} | all
[2025-07-31 14:41:22] User -> Warehouse Active -> admin@pds| Ariyalur
[2025-07-31 14:41:58] User -> FPS Active -> admin@pds| asdfghjkl
[2025-07-31 14:42:42] User -> FPS InActive -> admin@pds| asdfghjkl
[2025-07-31 14:46:03] User -> FPS Data Edit->admin@pds| Requested JSON -> {"name":"asdfghjkl","uniqueid":"FPS_688a1259115","active":false,"type":"Model FPS","latitude":"10","longitude":"11","district":"Ariyalur","id":"222","demand":"5","demand_rice":"5","demand_frice":"5"}
[2025-07-31 14:46:42] User -> FPS Data Edit->admin@pds| Requested JSON -> {"name":"asdfghjkl","uniqueid":"FPS_688a1259115","active":false,"type":"Model FPS","latitude":"10","longitude":"11","district":"Ariyalur","id":"222","demand":"5","demand_rice":"5","demand_frice":"5"}
[2025-07-31 14:47:26] User -> FPS Data Edit->admin@pds| Requested JSON -> {"name":"asdfghjkl","uniqueid":"FPS_688a1259115","active":false,"type":"Model FPS","latitude":"10","longitude":"11","district":"Ariyalur","id":"222","demand":"5","demand_rice":"5","demand_frice":"5"}
[2025-07-31 14:48:04] User -> FPS Data Edit->admin@pds| Requested JSON -> {"latitude":"10","longitude":"11","district":"Ariyalur","id":"226","demand":"5","demand_rice":"5","demand_frice":"5"}
[2025-07-31 14:48:36] User -> FPS deleted -> admin@pds| Requested JSON -> {"uid":"FPS_688a1259115"} | Asdfghjkl
