[2025-02-13 14:56:06] User -> District added ->admin@pds| Requested JSON -> {"name":"saurabh"}
[2025-02-13 14:57:36] User -> District added ->admin@pds| Requested JSON -> {"name":"admin"}
[2025-02-13 14:58:31] User -> District Name Edit->admin@pds| Requested JSON -> {"name":"Admins","uid":"67adbb085cf86"}
[2025-02-13 14:59:14] User -> District Name Edit->admin@pds| Requested JSON -> {"name":"Admin","uid":"67adbb085cf86"}
[2025-02-13 15:01:32] User -> Warehouse added ->admin@pds| Requested JSON -> {"name":"saurabh","type":"motorable","latitude":"14.1232","storage":"78.125","district":"Ariyalur","id":"admin@pds","warehousetype":"swc","longitude":"82.147"}
[2025-02-13 15:01:46] User -> Warehouse InActive -> admin@pds| Saurabh
[2025-02-13 15:01:48] User -> Warehouse Active -> admin@pds| Saurabh
[2025-02-13 15:02:07] User -> Warehouse Edit ->admin@pds| Requested JSON -> {"name":"Saurabh gawande","uniqueid":"WH_67adbbf4c3a7","active":"1","type":"motorable","latitude":"14.1232","storage":"78.125","district":"Ariyalur","id":"admin@pds","warehousetype":"swc","longitude":"82.147"}
[2025-02-13 15:02:16] User -> Warehouse deleted -> admin@pds| Requested JSON -> {"uid":"WH_67adbbf4c3a7"} | Saurabh Gawande
[2025-02-13 15:02:27] User -> Warehouse deleted -> admin@pds| Requested JSON -> {"uid":"all"} | all
[2025-02-13 15:10:12] User -> Warehouse Added -> admin@pds| ARIYALUR OG
[2025-02-13 15:10:12] User -> Warehouse Added -> admin@pds| JEYANKONDAM OG
[2025-02-13 15:10:12] User -> Warehouse Added -> admin@pds| SENTHURAI OG
[2025-02-13 15:10:12] User -> Warehouse Added -> admin@pds| CHENGALPATU
[2025-02-13 15:10:12] User -> Warehouse Added -> admin@pds| MADURANTAKAM
[2025-02-13 15:10:12] User -> Warehouse Added -> admin@pds| THIRUKALUKUNDRAM
[2025-02-13 15:10:12] User -> Warehouse Added -> admin@pds| VALLAM GODOWN
[2025-02-13 15:10:12] User -> Warehouse Added -> admin@pds| VILVARAYANALLUR
[2025-02-13 15:10:12] User -> Warehouse Added -> admin@pds| ANNA NAGAR -I
[2025-02-13 15:10:12] User -> Warehouse Added -> admin@pds| ANNA NAGAR -II
[2025-02-13 15:10:12] User -> Warehouse Added -> admin@pds| MADHAVARAM -2
[2025-02-13 15:10:12] User -> Warehouse Added -> admin@pds| MADHAVARAM-1
[2025-02-13 15:10:12] User -> Warehouse Added -> admin@pds| MINT
[2025-02-13 15:10:12] User -> Warehouse Added -> admin@pds| RED HILLS
[2025-02-13 15:10:12] User -> Warehouse Added -> admin@pds| TOLGATE BG
[2025-02-13 15:10:12] User -> Warehouse Added -> admin@pds| MADHAVARAM-3
[2025-02-13 15:10:12] User -> Warehouse Added -> admin@pds| GOPALAPURAM
[2025-02-13 15:10:12] User -> Warehouse Added -> admin@pds| NANDANAM
[2025-02-13 15:10:12] User -> Warehouse Added -> admin@pds| THIRUVANMIYUR
[2025-02-13 15:10:12] User -> Warehouse Added -> admin@pds| VIRUGAMBAKKAM
[2025-02-13 15:10:12] User -> Warehouse Added -> admin@pds| Arasampalayam
[2025-02-13 15:10:12] User -> Warehouse Added -> admin@pds| CARE GODOWN GOUNDAPALAYAM
[2025-02-13 15:10:12] User -> Warehouse Added -> admin@pds| MATHAMPATTI
[2025-02-13 15:10:12] User -> Warehouse Added -> admin@pds| PATHUVAMPALLI
[2025-02-13 15:10:12] User -> Warehouse Added -> admin@pds| POLLACHI -I
[2025-02-13 15:10:12] User -> Warehouse Added -> admin@pds| POOSARAI PALAYAM UNIT I
[2025-02-13 15:10:12] User -> Warehouse Added -> admin@pds| SULUR
[2025-02-13 15:10:12] User -> Warehouse Added -> admin@pds| TNWC METTUPALAYAM
[2025-02-13 15:10:12] User -> Warehouse Added -> admin@pds| VALPARAI GODOWN
[2025-02-13 15:10:12] User -> Warehouse Added -> admin@pds| CUDDLORE GODOWN
[2025-02-13 15:10:12] User -> Warehouse Added -> admin@pds| KURINJIPADI OG
[2025-02-13 15:10:12] User -> Warehouse Added -> admin@pds| O/G MANALUR
[2025-02-13 15:10:12] User -> Warehouse Added -> admin@pds| OG KATTUMANNARKOIL
[2025-02-13 15:10:12] User -> Warehouse Added -> admin@pds| OG PANURUTI
[2025-02-13 15:10:12] User -> Warehouse Added -> admin@pds| OG TITTAGUDI
[2025-02-13 15:10:12] User -> Warehouse Added -> admin@pds| OG VIRUDACHALAM
[2025-02-13 15:10:12] User -> Warehouse Added -> admin@pds| DHARMAPURI
[2025-02-13 15:10:12] User -> Warehouse Added -> admin@pds| HARUR
[2025-02-13 15:10:12] User -> Warehouse Added -> admin@pds| KADATHUR
[2025-02-13 15:10:12] User -> Warehouse Added -> admin@pds| PALACODE
[2025-02-13 15:10:12] User -> Warehouse Added -> admin@pds| PENNAGARAM
[2025-02-13 15:10:12] User -> Warehouse Added -> admin@pds| TNWC BHARATHIPURAM(BG)
[2025-02-13 15:10:12] User -> Warehouse Added -> admin@pds| BATHLAGUNDU
[2025-02-13 15:10:12] User -> Warehouse Added -> admin@pds| DINDIGUL
[2025-02-13 15:10:12] User -> Warehouse Added -> admin@pds| KODAIKANAL
[2025-02-13 15:10:12] User -> Warehouse Added -> admin@pds| NATHAM
[2025-02-13 15:10:12] User -> Warehouse Added -> admin@pds| ODDANCHATRAM
[2025-02-13 15:10:12] User -> Warehouse Added -> admin@pds| PALANI
[2025-02-13 15:10:12] User -> Warehouse Added -> admin@pds| SIVA ITI
[2025-02-13 15:10:12] User -> Warehouse Added -> admin@pds| VEDASANDUR
[2025-02-13 15:10:12] User -> Warehouse Added -> admin@pds| ATHOOR
[2025-02-13 15:10:12] User -> Warehouse Added -> admin@pds| BAVANI TAK II
[2025-02-13 15:10:12] User -> Warehouse Added -> admin@pds| BHAVANI TAK I
[2025-02-13 15:10:12] User -> Warehouse Added -> admin@pds| ERODE CARE-I
[2025-02-13 15:10:12] User -> Warehouse Added -> admin@pds| GANGAPURAM BG
[2025-02-13 15:10:12] User -> Warehouse Added -> admin@pds| GOBI
[2025-02-13 15:10:12] User -> Warehouse Added -> admin@pds| PERUNDURAI KM-I
[2025-02-13 15:10:12] User -> Warehouse Added -> admin@pds| SATHY
[2025-02-13 15:10:12] User -> Warehouse Added -> admin@pds| KALLAKURUCHI
[2025-02-13 15:10:12] User -> Warehouse Added -> admin@pds| OG CHINNASALEM
[2025-02-13 15:10:12] User -> Warehouse Added -> admin@pds| SANKARAPURAM
[2025-02-13 15:10:12] User -> Warehouse Added -> admin@pds| TIRUKOILUR
[2025-02-13 15:10:12] User -> Warehouse Added -> admin@pds| ULUDURPET
[2025-02-13 15:10:12] User -> Warehouse Added -> admin@pds| KANCHEEPURAM
[2025-02-13 15:10:12] User -> Warehouse Added -> admin@pds| SRIPERUMBUDUR
[2025-02-13 15:10:12] User -> Warehouse Added -> admin@pds| VEDAPALAYAM
[2025-02-13 15:10:12] User -> Warehouse Added -> admin@pds| ARALVOIMOZHI
[2025-02-13 15:10:12] User -> Warehouse Added -> admin@pds| KAPPUKADU I
[2025-02-13 15:10:12] User -> Warehouse Added -> admin@pds| KAPPUKADU II
[2025-02-13 15:10:12] User -> Warehouse Added -> admin@pds| KONAM I
[2025-02-13 15:10:12] User -> Warehouse Added -> admin@pds| KONAM II
[2025-02-13 15:10:12] User -> Warehouse Added -> admin@pds| UDAARVILAI
[2025-02-13 15:10:12] User -> Warehouse Added -> admin@pds| ARAVAKURUCHI
[2025-02-13 15:10:12] User -> Warehouse Added -> admin@pds| KADAVUR BG
[2025-02-13 15:10:12] User -> Warehouse Added -> admin@pds| KARUR-TNWC
[2025-02-13 15:10:12] User -> Warehouse Added -> admin@pds| KRISHNARAYAPURAM GODOWN
[2025-02-13 15:10:12] User -> Warehouse Added -> admin@pds| KULITHALAI
[2025-02-13 15:10:12] User -> Warehouse Added -> admin@pds| MANMANGALAM
[2025-02-13 15:10:12] User -> Warehouse Added -> admin@pds| HOSUR
[2025-02-13 15:10:12] User -> Warehouse Added -> admin@pds| KRISHNAGIRI
[2025-02-13 15:10:12] User -> Warehouse Added -> admin@pds| POCHAMPALLI
[2025-02-13 15:10:12] User -> Warehouse Added -> admin@pds| TENKANIKOTTAI
[2025-02-13 15:10:12] User -> Warehouse Added -> admin@pds| UTHANGARAI
[2025-02-13 15:10:12] User -> Warehouse Added -> admin@pds| KDL PDS
[2025-02-13 15:10:12] User -> Warehouse Added -> admin@pds| MELUR
[2025-02-13 15:10:12] User -> Warehouse Added -> admin@pds| PERIYUR
[2025-02-13 15:10:12] User -> Warehouse Added -> admin@pds| THIRUMANGALAM
[2025-02-13 15:10:12] User -> Warehouse Added -> admin@pds| THOPPUR
[2025-02-13 15:10:12] User -> Warehouse Added -> admin@pds| USILAMPATTI
[2025-02-13 15:10:12] User -> Warehouse Added -> admin@pds| VADIPATTI
[2025-02-13 15:10:12] User -> Warehouse Added -> admin@pds| VENKATACHALAPURAM-I
[2025-02-13 15:10:12] User -> Warehouse Added -> admin@pds| VENKATACHALAPURAM-II
[2025-02-13 15:10:12] User -> Warehouse Added -> admin@pds| KAPPALUR
[2025-02-13 15:10:12] User -> Warehouse Added -> admin@pds| Akur
[2025-02-13 15:10:12] User -> Warehouse Added -> admin@pds| MALLIYAM TK. GODOWN
[2025-02-13 15:10:12] User -> Warehouse Added -> admin@pds| Sirkali
[2025-02-13 15:10:12] User -> Warehouse Added -> admin@pds| KEEVALUR
[2025-02-13 15:10:12] User -> Warehouse Added -> admin@pds| NAGAPATTINAM TNWC
[2025-02-13 15:10:12] User -> Warehouse Added -> admin@pds| THIRUKUVALAI
[2025-02-13 15:10:12] User -> Warehouse Added -> admin@pds| VEDARANYAM
[2025-02-13 15:10:12] User -> Warehouse Added -> admin@pds| TIRUCHENGODE- 2
[2025-02-13 15:10:12] User -> Warehouse Added -> admin@pds| KUPPAMPALAYAM
[2025-02-13 15:10:12] User -> Warehouse Added -> admin@pds| PARAMATHY
[2025-02-13 15:10:12] User -> Warehouse Added -> admin@pds| RASIPURAM
[2025-02-13 15:10:12] User -> Warehouse Added -> admin@pds| TIRUCHENGODE
[2025-02-13 15:10:12] User -> Warehouse Added -> admin@pds| COONOOR
[2025-02-13 15:10:12] User -> Warehouse Added -> admin@pds| GUDALUR
[2025-02-13 15:10:12] User -> Warehouse Added -> admin@pds| MANJOOR
[2025-02-13 15:10:12] User -> Warehouse Added -> admin@pds| OOTY
[2025-02-13 15:10:12] User -> Warehouse Added -> admin@pds| TNCSC GODOWN-KOTHAGIRI
[2025-02-13 15:10:12] User -> Warehouse Added -> admin@pds| WSP PANDALUR
[2025-02-13 15:10:12] User -> Warehouse Added -> admin@pds| KUNNAM
[2025-02-13 15:10:12] User -> Warehouse Added -> admin@pds| PERAMBALUR
[2025-02-13 15:10:12] User -> Warehouse Added -> admin@pds| VEPANTHATTAI
[2025-02-13 15:10:12] User -> Warehouse Added -> admin@pds| ALATHUR
[2025-02-13 15:10:12] User -> Warehouse Added -> admin@pds| ALANGUDI
[2025-02-13 15:10:12] User -> Warehouse Added -> admin@pds| ARANTHANKI
[2025-02-13 15:10:12] User -> Warehouse Added -> admin@pds| AVUDAYARKOIL
[2025-02-13 15:10:12] User -> Warehouse Added -> admin@pds| GANDARVAKOTTAI
[2025-02-13 15:10:12] User -> Warehouse Added -> admin@pds| ILUPPUR
[2025-02-13 15:10:12] User -> Warehouse Added -> admin@pds| KULATHUR
[2025-02-13 15:10:12] User -> Warehouse Added -> admin@pds| MANALMELKUDI
[2025-02-13 15:10:12] User -> Warehouse Added -> admin@pds| PONNAMARAVATHI
[2025-02-13 15:10:12] User -> Warehouse Added -> admin@pds| THIRUMAYAM
[2025-02-13 15:10:12] User -> Warehouse Added -> admin@pds| TNCSC PUDUKKOTTAI
[2025-02-13 15:10:12] User -> Warehouse Added -> admin@pds| GODOWN PARAMAKUDI
[2025-02-13 15:10:12] User -> Warehouse Added -> admin@pds| KADALADI
[2025-02-13 15:10:12] User -> Warehouse Added -> admin@pds| KAMUDHI
[2025-02-13 15:10:12] User -> Warehouse Added -> admin@pds| KEELAKARAI
[2025-02-13 15:10:12] User -> Warehouse Added -> admin@pds| MUTHUKULATHUR
[2025-02-13 15:10:12] User -> Warehouse Added -> admin@pds| RAMANATHAPURAM
[2025-02-13 15:10:12] User -> Warehouse Added -> admin@pds| RAMESWARAM
[2025-02-13 15:10:12] User -> Warehouse Added -> admin@pds| TIRUVADANAI
[2025-02-13 15:10:12] User -> Warehouse Added -> admin@pds| ARAKONAM
[2025-02-13 15:10:12] User -> Warehouse Added -> admin@pds| ARCOT MELNATHAMPAKKAM
[2025-02-13 15:10:12] User -> Warehouse Added -> admin@pds| WALLAJA
[2025-02-13 15:10:12] User -> Warehouse Added -> admin@pds| ATTUR
[2025-02-13 15:10:12] User -> Warehouse Added -> admin@pds| GANGAVALLI AT ATTUR
[2025-02-13 15:10:12] User -> Warehouse Added -> admin@pds| METTUR
[2025-02-13 15:10:12] User -> Warehouse Added -> admin@pds| MEYYANUR
[2025-02-13 15:10:12] User -> Warehouse Added -> admin@pds| OMALUR
[2025-02-13 15:10:12] User -> Warehouse Added -> admin@pds| SEELANAICKANPATTI
[2025-02-13 15:10:12] User -> Warehouse Added -> admin@pds| TNCSC(G) SANKARI
[2025-02-13 15:10:12] User -> Warehouse Added -> admin@pds| TNCSC(G)EDAPPADI
[2025-02-13 15:10:12] User -> Warehouse Added -> admin@pds| VALAPADI
[2025-02-13 15:10:12] User -> Warehouse Added -> admin@pds| DEVAKOTTAI
[2025-02-13 15:10:13] User -> Warehouse Added -> admin@pds| ILAYANGUDI
[2025-02-13 15:10:13] User -> Warehouse Added -> admin@pds| KARAIKUDI
[2025-02-13 15:10:13] User -> Warehouse Added -> admin@pds| MANAMADURAI
[2025-02-13 15:10:13] User -> Warehouse Added -> admin@pds| SINGAMPUNARI
[2025-02-13 15:10:13] User -> Warehouse Added -> admin@pds| SIVAGANGAI
[2025-02-13 15:10:13] User -> Warehouse Added -> admin@pds| THIRUPPUVANAM
[2025-02-13 15:10:13] User -> Warehouse Added -> admin@pds| TIRUPATHUR
[2025-02-13 15:10:13] User -> Warehouse Added -> admin@pds| ALANGULAM
[2025-02-13 15:10:13] User -> Warehouse Added -> admin@pds| SANKARANKOIL
[2025-02-13 15:10:13] User -> Warehouse Added -> admin@pds| SENKOTTAI
[2025-02-13 15:10:13] User -> Warehouse Added -> admin@pds| TENKASI
[2025-02-13 15:10:13] User -> Warehouse Added -> admin@pds| VASUDEVANALLUR
[2025-02-13 15:10:13] User -> Warehouse Added -> admin@pds| ADUTHURAI
[2025-02-13 15:10:13] User -> Warehouse Added -> admin@pds| MANAIYERIPATTI
[2025-02-13 15:10:13] User -> Warehouse Added -> admin@pds| KUMBAKONAM
[2025-02-13 15:10:13] User -> Warehouse Added -> admin@pds| NTT (G) THANJAVUR
[2025-02-13 15:10:13] User -> Warehouse Added -> admin@pds| ORATHANADU
[2025-02-13 15:10:13] User -> Warehouse Added -> admin@pds| PAPANASAM
[2025-02-13 15:10:13] User -> Warehouse Added -> admin@pds| PATTUKOTTAI(G)
[2025-02-13 15:10:13] User -> Warehouse Added -> admin@pds| PERAVURANI
[2025-02-13 15:10:13] User -> Warehouse Added -> admin@pds| THIRUVAIYARU
[2025-02-13 15:10:13] User -> Warehouse Added -> admin@pds| ANDIPATTI
[2025-02-13 15:10:13] User -> Warehouse Added -> admin@pds| BODI
[2025-02-13 15:10:13] User -> Warehouse Added -> admin@pds| PERIYAKULAM-THENI
[2025-02-13 15:10:13] User -> Warehouse Added -> admin@pds| THENI
[2025-02-13 15:10:13] User -> Warehouse Added -> admin@pds| UTHAMAPALAYAM
[2025-02-13 15:10:13] User -> Warehouse Added -> admin@pds| AMBASAMUDRAM
[2025-02-13 15:10:13] User -> Warehouse Added -> admin@pds| NANGUNERI
[2025-02-13 15:10:13] User -> Warehouse Added -> admin@pds| PALAYAMKOTTAI GODOWN - MUTHUR
[2025-02-13 15:10:13] User -> Warehouse Added -> admin@pds| TIRUNELVELI GODOWM -MUTHUR
[2025-02-13 15:10:13] User -> Warehouse Added -> admin@pds| VALLIYOOR
[2025-02-13 15:10:13] User -> Warehouse Added -> admin@pds| PALLIPET GDN
[2025-02-13 15:10:13] User -> Warehouse Added -> admin@pds| PANJCHETTY GUMMIDIPOONDI
[2025-02-13 15:10:13] User -> Warehouse Added -> admin@pds| SEMBULIVARAM
[2025-02-13 15:10:13] User -> Warehouse Added -> admin@pds| THIRUMAZHISAI
[2025-02-13 15:10:13] User -> Warehouse Added -> admin@pds| THIRUTHANI GDN
[2025-02-13 15:10:13] User -> Warehouse Added -> admin@pds| TNWC THIRUVALLUR
[2025-02-13 15:10:13] User -> Warehouse Added -> admin@pds| UTHUKOTTAI
[2025-02-13 15:10:13] User -> Warehouse Added -> admin@pds| ARNI
[2025-02-13 15:10:13] User -> Warehouse Added -> admin@pds| CHEYYAR
[2025-02-13 15:10:13] User -> Warehouse Added -> admin@pds| ELATHUR
[2025-02-13 15:10:13] User -> Warehouse Added -> admin@pds| POLUR
[2025-02-13 15:10:13] User -> Warehouse Added -> admin@pds| PUDUPALAYAM
[2025-02-13 15:10:13] User -> Warehouse Added -> admin@pds| THACHAMPADI
[2025-02-13 15:10:13] User -> Warehouse Added -> admin@pds| THANDARAMPATTU
[2025-02-13 15:10:13] User -> Warehouse Added -> admin@pds| TIRUVANNAMALAI
[2025-02-13 15:10:13] User -> Warehouse Added -> admin@pds| VANDAVASI
[2025-02-13 15:10:13] User -> Warehouse Added -> admin@pds| ACHUDAMANGALAM
[2025-02-13 15:10:13] User -> Warehouse Added -> admin@pds| KEELAPANDI
[2025-02-13 15:10:13] User -> Warehouse Added -> admin@pds| KODAVASAL
[2025-02-13 15:10:13] User -> Warehouse Added -> admin@pds| KOILVENNI
[2025-02-13 15:10:13] User -> Warehouse Added -> admin@pds| MANNARGUDI
[2025-02-13 15:10:13] User -> Warehouse Added -> admin@pds| MOOLANGUDI
[2025-02-13 15:10:13] User -> Warehouse Added -> admin@pds| PERUGAVALZTHAN
[2025-02-13 15:10:13] User -> Warehouse Added -> admin@pds| TIRUVARUR
[2025-02-13 15:10:13] User -> Warehouse Added -> admin@pds| VALANGAIMAN
[2025-02-13 15:10:13] User -> Warehouse Added -> admin@pds| NATRAMPALLI
[2025-02-13 15:10:13] User -> Warehouse Added -> admin@pds| AMBUR
[2025-02-13 15:10:13] User -> Warehouse Added -> admin@pds| TIRUPATHUR-KUNICHI
[2025-02-13 15:10:13] User -> Warehouse Added -> admin@pds| VANIYAMBADI
[2025-02-13 15:10:13] User -> Warehouse Added -> admin@pds| AVINASHI
[2025-02-13 15:10:13] User -> Warehouse Added -> admin@pds| DHARAPURAM GODOWN
[2025-02-13 15:10:13] User -> Warehouse Added -> admin@pds| KANGAYAM GODOWN
[2025-02-13 15:10:13] User -> Warehouse Added -> admin@pds| MADATHAKULAM
[2025-02-13 15:10:13] User -> Warehouse Added -> admin@pds| PALLADAM
[2025-02-13 15:10:13] User -> Warehouse Added -> admin@pds| REDDY PALAYAM GU
[2025-02-13 15:10:13] User -> Warehouse Added -> admin@pds| ANGERIPALAYAM-2
[2025-02-13 15:10:13] User -> Warehouse Added -> admin@pds| ANGERIPALAYAM-1
[2025-02-13 15:10:13] User -> Warehouse Added -> admin@pds| UDUMALPET
[2025-02-13 15:10:13] User -> Warehouse Added -> admin@pds| ANGERIPALAYAM 2 BUFFER GODOWN NO.5 (TNWC)
[2025-02-13 15:10:13] User -> Warehouse Added -> admin@pds| ANGERIPALAYAM 1 BUFFER GODOWN NO.6 (TNWC)
[2025-02-13 15:10:13] User -> Warehouse Added -> admin@pds| IRUNGALUR
[2025-02-13 15:10:13] User -> Warehouse Added -> admin@pds| MANAPPARAI
[2025-02-13 15:10:13] User -> Warehouse Added -> admin@pds| MUSIRI
[2025-02-13 15:10:13] User -> Warehouse Added -> admin@pds| SRIRANGAM GDN
[2025-02-13 15:10:13] User -> Warehouse Added -> admin@pds| THURAIYUR
[2025-02-13 15:10:13] User -> Warehouse Added -> admin@pds| TRICHY EAST GODOWN
[2025-02-13 15:10:13] User -> Warehouse Added -> admin@pds| TRICHY WEST GODOWN
[2025-02-13 15:10:13] User -> Warehouse Added -> admin@pds| ERAL
[2025-02-13 15:10:13] User -> Warehouse Added -> admin@pds| ETTAYAPURAM KOILPATTI
[2025-02-13 15:10:13] User -> Warehouse Added -> admin@pds| KAYATHAR
[2025-02-13 15:10:13] User -> Warehouse Added -> admin@pds| KURUKUSALAI
[2025-02-13 15:10:13] User -> Warehouse Added -> admin@pds| MADURAI RD.VILATHIKULAM
[2025-02-13 15:10:13] User -> Warehouse Added -> admin@pds| SATHANKULAM
[2025-02-13 15:10:13] User -> Warehouse Added -> admin@pds| SATTUR ROAD - KOILPATTI
[2025-02-13 15:10:13] User -> Warehouse Added -> admin@pds| SRIVAIKUNTAM
[2025-02-13 15:10:13] User -> Warehouse Added -> admin@pds| TIRUCHENDUR
[2025-02-13 15:10:13] User -> Warehouse Added -> admin@pds| Tuticorin PORT
[2025-02-13 15:10:13] User -> Warehouse Added -> admin@pds| TCMS(S)GUDIYATHAM
[2025-02-13 15:10:13] User -> Warehouse Added -> admin@pds| THIRUVALAM
[2025-02-13 15:10:13] User -> Warehouse Added -> admin@pds| VELLORE
[2025-02-13 15:10:13] User -> Warehouse Added -> admin@pds| GINGEE
[2025-02-13 15:10:13] User -> Warehouse Added -> admin@pds| KANDACHIPURAM
[2025-02-13 15:10:13] User -> Warehouse Added -> admin@pds| O/G V.SALAI
[2025-02-13 15:10:13] User -> Warehouse Added -> admin@pds| TINDIVANAM
[2025-02-13 15:10:13] User -> Warehouse Added -> admin@pds| VANUR
[2025-02-13 15:10:13] User -> Warehouse Added -> admin@pds| VILUPPURAM
[2025-02-13 15:10:13] User -> Warehouse Added -> admin@pds| ARUPPUKOTTAI
[2025-02-13 15:10:13] User -> Warehouse Added -> admin@pds| KARIAPATTI
[2025-02-13 15:10:13] User -> Warehouse Added -> admin@pds| RAJAPALAYAM
[2025-02-13 15:10:13] User -> Warehouse Added -> admin@pds| SATTUR (G)
[2025-02-13 15:10:13] User -> Warehouse Added -> admin@pds| SIVAKASI GODOWN
[2025-02-13 15:10:13] User -> Warehouse Added -> admin@pds| SRIVILLIPUTTUR I-II
[2025-02-13 15:10:13] User -> Warehouse Added -> admin@pds| THIRUCHULI
[2025-02-13 15:10:13] User -> Warehouse Added -> admin@pds| VIRDUNAGAR(G)
[2025-02-13 15:10:13] User -> Warehouse Added -> admin@pds| FSD Egmore
[2025-02-13 15:10:13] User -> Warehouse Added -> admin@pds| FSD Avadi
[2025-02-13 15:10:13] User -> Warehouse Added -> admin@pds| SILO Elavur
[2025-02-13 15:10:13] User -> Warehouse Added -> admin@pds| FSD, Sevur
[2025-02-13 15:10:13] User -> Warehouse Added -> admin@pds| FSD, Arakkonam
[2025-02-13 15:10:13] User -> Warehouse Added -> admin@pds| PEG,Madhuranthagam
[2025-02-13 15:10:13] User -> Warehouse Added -> admin@pds| PEG,Thiruvanammalai
[2025-02-13 15:10:13] User -> Warehouse Added -> admin@pds| CWC Madurai-II
[2025-02-13 15:10:13] User -> Warehouse Added -> admin@pds| FSD Ramnad
[2025-02-13 15:10:13] User -> Warehouse Added -> admin@pds| TNWC Ramnad PEG
[2025-02-13 15:10:13] User -> Warehouse Added -> admin@pds| TNWC Karikudi PEG
[2025-02-13 15:10:13] User -> Warehouse Added -> admin@pds| CWC Virudhunagar
[2025-02-13 15:10:13] User -> Warehouse Added -> admin@pds| FSD MG Complex 
[2025-02-13 15:10:13] User -> Warehouse Added -> admin@pds| TNWC Tirunelveli 
[2025-02-13 15:10:13] User -> Warehouse Added -> admin@pds| TNWC PEG Muthur 
[2025-02-13 15:10:13] User -> Warehouse Added -> admin@pds| CWC Nagercoil  
[2025-02-13 15:10:13] User -> Warehouse Added -> admin@pds| TNWC DINDIGUL 
[2025-02-13 15:10:13] User -> Warehouse Added -> admin@pds| CWC Moolapalayam
[2025-02-13 15:10:13] User -> Warehouse Added -> admin@pds| CWC Hosur
[2025-02-13 15:10:13] User -> Warehouse Added -> admin@pds| TNWC Tiruppur 
[2025-02-13 15:10:13] User -> Warehouse Added -> admin@pds| TNWC Namakkal
[2025-02-13 15:10:13] User -> Warehouse Added -> admin@pds| PEG Dharmapuri
[2025-02-13 15:10:13] User -> Warehouse Added -> admin@pds| SILO Madukkarai
[2025-02-13 15:10:13] User -> Warehouse Added -> admin@pds| FSD Peelamedu
[2025-02-13 15:10:13] User -> Warehouse Added -> admin@pds| FSD Salem
[2025-02-13 15:10:13] User -> Warehouse Added -> admin@pds| FSD COIMBATORE
[2025-02-13 15:10:13] User -> Warehouse Added -> admin@pds| CWC Thanjavur
[2025-02-13 15:10:13] User -> Warehouse Added -> admin@pds| FSD Sembanarkoil
[2025-02-13 15:10:13] User -> Warehouse Added -> admin@pds| TNWC Pudukottai
[2025-02-13 15:10:13] User -> Warehouse Added -> admin@pds| CWC Trichy
[2025-02-13 15:10:13] User -> Warehouse Added -> admin@pds| TNWC Trichy
[2025-02-13 15:10:13] User -> Warehouse Added -> admin@pds| TNWC Chinnasalem
[2025-02-13 15:10:13] User -> Warehouse Added -> admin@pds| TNWC Villupuram
[2025-02-13 15:10:13] User -> Warehouse Added -> admin@pds| PEG Villupuram
[2025-02-13 15:10:13] User -> Warehouse Added -> admin@pds| FSD Chidambaram
[2025-02-13 15:10:13] User -> Warehouse Added -> admin@pds| CWC Chidambaram
[2025-02-13 15:10:13] User -> Warehouse Added -> admin@pds| CWC Cuddalore
[2025-02-13 15:10:13] User -> Warehouse Added -> admin@pds| FSD Pondicherry
[2025-02-13 15:10:13] User -> Warehouse Added -> admin@pds| FSD Karaikal
[2025-02-13 15:10:13] User -> Warehouse Added -> admin@pds| FSD Thiruvandarkoil
[2025-02-13 15:41:13] User -> FPS added ->admin@pds| Requested JSON -> {"name":"avb","type":"Model FPS","latitude":"10.123","longitude":"89.125","district":"Ariyalur","id":"admin@pds","demand":"85","demand_rice":"98","demand_frice":"55"}
[2025-02-13 15:41:31] User -> FPS InActive -> admin@pds| avb
[2025-02-13 15:41:41] User -> FPS Active -> admin@pds| avb
[2025-02-13 15:43:56] User -> FPS added ->admin@pds| Requested JSON -> {"name":"avc","type":"Model FPS","latitude":"45.125","longitude":"89.258","district":"Ariyalur","id":"admin1","demand":"89","demand_rice":"55","demand_frice":"47"}
[2025-02-13 15:51:43] User -> Delete Message ->admin@pds| Requested JSON -> hi | 
[2025-02-13 15:51:46] User -> Delete Message ->admin@pds| Requested JSON -> hi | 
[2025-02-13 15:51:49] User -> Delete Message ->admin@pds| Requested JSON -> hi | 
[2025-02-13 15:51:51] User -> Delete Message ->admin@pds| Requested JSON -> hi | 
[2025-02-13 15:51:54] User -> Delete Message ->admin@pds| Requested JSON -> jjjj | 
[2025-02-13 15:51:56] User -> Delete Message ->admin@pds| Requested JSON -> aa | 
[2025-02-13 15:51:58] User -> Delete Message ->admin@pds| Requested JSON -> aa | 
[2025-02-13 15:52:03] User -> Delete Message ->admin@pds| Requested JSON -> aa | 
[2025-02-13 15:52:05] User -> Delete Message ->admin@pds| Requested JSON -> hi | 
[2025-02-13 15:52:15] User -> Send  Message ->admin@pds| Requested JSON -> {"message":"qwer","uniqueid":"67ad8cf2e96bb"} | Ariyalur@pds
[2025-02-13 15:52:19] User -> Delete Message ->admin@pds| Requested JSON -> qwer | Ariyalur@pds
[2025-02-13 15:53:09] User -> Verify User ->admin@pds| Requested JSON -> {"uid":"67ad8d7fcfc84"} | Dharmapuri@pds
[2025-02-13 15:53:18] User -> Block User ->admin@pds| Requested JSON -> {"uid":"67ad8d0a5a5e3"} | Chengalpet@pds
[2025-02-13 15:53:23] User -> Verify User ->admin@pds| Requested JSON -> {"uid":"67ad8d0a5a5e3"} | Chengalpet@pds
