[2025-02-16 01:26:13] User -> Warehouse Added -> admin@pds| ARIYALUR OG
[2025-02-16 01:26:13] User -> Warehouse Added -> admin@pds| JEYANKONDAM OG
[2025-02-16 01:26:13] User -> Warehouse Added -> admin@pds| SENTHURAI OG
[2025-02-16 01:26:13] User -> Warehouse Added -> admin@pds| CHENGALPATU
[2025-02-16 01:26:13] User -> Warehouse Added -> admin@pds| MADURANTAKAM
[2025-02-16 01:26:13] User -> Warehouse Added -> admin@pds| THIRUKALUKUNDRAM
[2025-02-16 01:26:13] User -> Warehouse Added -> admin@pds| VALLAM GODOWN
[2025-02-16 01:26:13] User -> Warehouse Added -> admin@pds| VILVARAYANALLUR
[2025-02-16 01:26:14] User -> Warehouse Added -> admin@pds| ANNA NAGAR -I
[2025-02-16 01:26:14] User -> Warehouse Added -> admin@pds| ANNA NAGAR -II
[2025-02-16 01:26:14] User -> Warehouse Added -> admin@pds| MADHAVARAM -2
[2025-02-16 01:26:14] User -> Warehouse Added -> admin@pds| MADHAVARAM-1
[2025-02-16 01:26:14] User -> Warehouse Added -> admin@pds| MINT
[2025-02-16 01:26:14] User -> Warehouse Added -> admin@pds| RED HILLS
[2025-02-16 01:26:14] User -> Warehouse Added -> admin@pds| TOLGATE BG
[2025-02-16 01:26:14] User -> Warehouse Added -> admin@pds| MADHAVARAM-3
[2025-02-16 01:26:14] User -> Warehouse Added -> admin@pds| GOPALAPURAM
[2025-02-16 01:26:14] User -> Warehouse Added -> admin@pds| NANDANAM
[2025-02-16 01:26:14] User -> Warehouse Added -> admin@pds| THIRUVANMIYUR
[2025-02-16 01:26:14] User -> Warehouse Added -> admin@pds| VIRUGAMBAKKAM
[2025-02-16 01:26:14] User -> Warehouse Added -> admin@pds| Arasampalayam
[2025-02-16 01:26:14] User -> Warehouse Added -> admin@pds| CARE GODOWN GOUNDAPALAYAM
[2025-02-16 01:26:15] User -> Warehouse Added -> admin@pds| MATHAMPATTI
[2025-02-16 01:26:15] User -> Warehouse Added -> admin@pds| PATHUVAMPALLI
[2025-02-16 01:26:15] User -> Warehouse Added -> admin@pds| POLLACHI -I
[2025-02-16 01:26:15] User -> Warehouse Added -> admin@pds| POOSARAI PALAYAM UNIT I
[2025-02-16 01:26:15] User -> Warehouse Added -> admin@pds| SULUR
[2025-02-16 01:26:15] User -> Warehouse Added -> admin@pds| TNWC METTUPALAYAM
[2025-02-16 01:26:15] User -> Warehouse Added -> admin@pds| VALPARAI GODOWN
[2025-02-16 01:26:15] User -> Warehouse Added -> admin@pds| CUDDLORE GODOWN
[2025-02-16 01:26:15] User -> Warehouse Added -> admin@pds| KURINJIPADI OG
[2025-02-16 01:26:15] User -> Warehouse Added -> admin@pds| O/G MANALUR
[2025-02-16 01:26:15] User -> Warehouse Added -> admin@pds| OG KATTUMANNARKOIL
[2025-02-16 01:26:15] User -> Warehouse Added -> admin@pds| OG PANURUTI
[2025-02-16 01:26:15] User -> Warehouse Added -> admin@pds| OG TITTAGUDI
[2025-02-16 01:26:15] User -> Warehouse Added -> admin@pds| OG VIRUDACHALAM
[2025-02-16 01:26:15] User -> Warehouse Added -> admin@pds| DHARMAPURI
[2025-02-16 01:26:15] User -> Warehouse Added -> admin@pds| HARUR
[2025-02-16 01:26:15] User -> Warehouse Added -> admin@pds| KADATHUR
[2025-02-16 01:26:15] User -> Warehouse Added -> admin@pds| PALACODE
[2025-02-16 01:26:15] User -> Warehouse Added -> admin@pds| PENNAGARAM
[2025-02-16 01:26:16] User -> Warehouse Added -> admin@pds| TNWC BHARATHIPURAM(BG)
[2025-02-16 01:26:16] User -> Warehouse Added -> admin@pds| BATHLAGUNDU
[2025-02-16 01:26:16] User -> Warehouse Added -> admin@pds| DINDIGUL
[2025-02-16 01:26:16] User -> Warehouse Added -> admin@pds| KODAIKANAL
[2025-02-16 01:26:16] User -> Warehouse Added -> admin@pds| NATHAM
[2025-02-16 01:26:16] User -> Warehouse Added -> admin@pds| ODDANCHATRAM
[2025-02-16 01:26:16] User -> Warehouse Added -> admin@pds| PALANI
[2025-02-16 01:26:16] User -> Warehouse Added -> admin@pds| SIVA ITI
[2025-02-16 01:26:16] User -> Warehouse Added -> admin@pds| VEDASANDUR
[2025-02-16 01:26:16] User -> Warehouse Added -> admin@pds| ATHOOR
[2025-02-16 01:26:16] User -> Warehouse Added -> admin@pds| BAVANI TAK II
[2025-02-16 01:26:16] User -> Warehouse Added -> admin@pds| BHAVANI TAK I
[2025-02-16 01:26:16] User -> Warehouse Added -> admin@pds| ERODE CARE-I
[2025-02-16 01:26:16] User -> Warehouse Added -> admin@pds| GANGAPURAM BG
[2025-02-16 01:26:16] User -> Warehouse Added -> admin@pds| GOBI
[2025-02-16 01:26:16] User -> Warehouse Added -> admin@pds| PERUNDURAI KM-I
[2025-02-16 01:26:17] User -> Warehouse Added -> admin@pds| SATHY
[2025-02-16 01:26:17] User -> Warehouse Added -> admin@pds| KALLAKURUCHI
[2025-02-16 01:26:17] User -> Warehouse Added -> admin@pds| OG CHINNASALEM
[2025-02-16 01:26:17] User -> Warehouse Added -> admin@pds| SANKARAPURAM
[2025-02-16 01:26:17] User -> Warehouse Added -> admin@pds| TIRUKOILUR
[2025-02-16 01:26:17] User -> Warehouse Added -> admin@pds| ULUDURPET
[2025-02-16 01:26:17] User -> Warehouse Added -> admin@pds| KANCHEEPURAM
[2025-02-16 01:26:17] User -> Warehouse Added -> admin@pds| SRIPERUMBUDUR
[2025-02-16 01:26:17] User -> Warehouse Added -> admin@pds| VEDAPALAYAM
[2025-02-16 01:26:17] User -> Warehouse Added -> admin@pds| ARALVOIMOZHI
[2025-02-16 01:26:17] User -> Warehouse Added -> admin@pds| KAPPUKADU I
[2025-02-16 01:26:17] User -> Warehouse Added -> admin@pds| KAPPUKADU II
[2025-02-16 01:26:17] User -> Warehouse Added -> admin@pds| KONAM I
[2025-02-16 01:26:17] User -> Warehouse Added -> admin@pds| KONAM II
[2025-02-16 01:26:17] User -> Warehouse Added -> admin@pds| UDAARVILAI
[2025-02-16 01:26:17] User -> Warehouse Added -> admin@pds| ARAVAKURUCHI
[2025-02-16 01:26:17] User -> Warehouse Added -> admin@pds| KADAVUR BG
[2025-02-16 01:26:17] User -> Warehouse Added -> admin@pds| KARUR-TNWC
[2025-02-16 01:26:17] User -> Warehouse Added -> admin@pds| KRISHNARAYAPURAM GODOWN
[2025-02-16 01:26:17] User -> Warehouse Added -> admin@pds| KULITHALAI
[2025-02-16 01:26:17] User -> Warehouse Added -> admin@pds| MANMANGALAM
[2025-02-16 01:26:17] User -> Warehouse Added -> admin@pds| HOSUR
[2025-02-16 01:26:17] User -> Warehouse Added -> admin@pds| KRISHNAGIRI
[2025-02-16 01:26:17] User -> Warehouse Added -> admin@pds| POCHAMPALLI
[2025-02-16 01:26:18] User -> Warehouse Added -> admin@pds| TENKANIKOTTAI
[2025-02-16 01:26:18] User -> Warehouse Added -> admin@pds| UTHANGARAI
[2025-02-16 01:26:18] User -> Warehouse Added -> admin@pds| KDL PDS
[2025-02-16 01:26:18] User -> Warehouse Added -> admin@pds| MELUR
[2025-02-16 01:26:18] User -> Warehouse Added -> admin@pds| PERIYUR
[2025-02-16 01:26:18] User -> Warehouse Added -> admin@pds| THIRUMANGALAM
[2025-02-16 01:26:18] User -> Warehouse Added -> admin@pds| THOPPUR
[2025-02-16 01:26:18] User -> Warehouse Added -> admin@pds| USILAMPATTI
[2025-02-16 01:26:18] User -> Warehouse Added -> admin@pds| VADIPATTI
[2025-02-16 01:26:18] User -> Warehouse Added -> admin@pds| VENKATACHALAPURAM-I
[2025-02-16 01:26:18] User -> Warehouse Added -> admin@pds| VENKATACHALAPURAM-II
[2025-02-16 01:26:18] User -> Warehouse Added -> admin@pds| KAPPALUR
[2025-02-16 01:26:18] User -> Warehouse Added -> admin@pds| Akur
[2025-02-16 01:26:18] User -> Warehouse Added -> admin@pds| MALLIYAM TK. GODOWN
[2025-02-16 01:26:18] User -> Warehouse Added -> admin@pds| Sirkali
[2025-02-16 01:26:18] User -> Warehouse Added -> admin@pds| KEEVALUR
[2025-02-16 01:26:18] User -> Warehouse Added -> admin@pds| NAGAPATTINAM TNWC
[2025-02-16 01:26:18] User -> Warehouse Added -> admin@pds| THIRUKUVALAI
[2025-02-16 01:26:18] User -> Warehouse Added -> admin@pds| VEDARANYAM
[2025-02-16 01:26:18] User -> Warehouse Added -> admin@pds| TIRUCHENGODE- 2
[2025-02-16 01:26:18] User -> Warehouse Added -> admin@pds| KUPPAMPALAYAM
[2025-02-16 01:26:18] User -> Warehouse Added -> admin@pds| PARAMATHY
[2025-02-16 01:26:19] User -> Warehouse Added -> admin@pds| RASIPURAM
[2025-02-16 01:26:19] User -> Warehouse Added -> admin@pds| TIRUCHENGODE
[2025-02-16 01:26:19] User -> Warehouse Added -> admin@pds| COONOOR
[2025-02-16 01:26:19] User -> Warehouse Added -> admin@pds| GUDALUR
[2025-02-16 01:26:19] User -> Warehouse Added -> admin@pds| MANJOOR
[2025-02-16 01:26:19] User -> Warehouse Added -> admin@pds| OOTY
[2025-02-16 01:26:19] User -> Warehouse Added -> admin@pds| TNCSC GODOWN-KOTHAGIRI
[2025-02-16 01:26:19] User -> Warehouse Added -> admin@pds| WSP PANDALUR
[2025-02-16 01:26:19] User -> Warehouse Added -> admin@pds| KUNNAM
[2025-02-16 01:26:19] User -> Warehouse Added -> admin@pds| PERAMBALUR
[2025-02-16 01:26:19] User -> Warehouse Added -> admin@pds| VEPANTHATTAI
[2025-02-16 01:26:19] User -> Warehouse Added -> admin@pds| ALATHUR
[2025-02-16 01:26:19] User -> Warehouse Added -> admin@pds| ALANGUDI
[2025-02-16 01:26:19] User -> Warehouse Added -> admin@pds| ARANTHANKI
[2025-02-16 01:26:19] User -> Warehouse Added -> admin@pds| AVUDAYARKOIL
[2025-02-16 01:26:19] User -> Warehouse Added -> admin@pds| GANDARVAKOTTAI
[2025-02-16 01:26:19] User -> Warehouse Added -> admin@pds| ILUPPUR
[2025-02-16 01:26:19] User -> Warehouse Added -> admin@pds| KULATHUR
[2025-02-16 01:26:19] User -> Warehouse Added -> admin@pds| MANALMELKUDI
[2025-02-16 01:26:19] User -> Warehouse Added -> admin@pds| PONNAMARAVATHI
[2025-02-16 01:26:19] User -> Warehouse Added -> admin@pds| THIRUMAYAM
[2025-02-16 01:26:19] User -> Warehouse Added -> admin@pds| TNCSC PUDUKKOTTAI
[2025-02-16 01:26:19] User -> Warehouse Added -> admin@pds| GODOWN PARAMAKUDI
[2025-02-16 01:26:19] User -> Warehouse Added -> admin@pds| KADALADI
[2025-02-16 01:26:20] User -> Warehouse Added -> admin@pds| KAMUDHI
[2025-02-16 01:26:20] User -> Warehouse Added -> admin@pds| KEELAKARAI
[2025-02-16 01:26:20] User -> Warehouse Added -> admin@pds| MUTHUKULATHUR
[2025-02-16 01:26:20] User -> Warehouse Added -> admin@pds| RAMANATHAPURAM
[2025-02-16 01:26:20] User -> Warehouse Added -> admin@pds| RAMESWARAM
[2025-02-16 01:26:20] User -> Warehouse Added -> admin@pds| TIRUVADANAI
[2025-02-16 01:26:20] User -> Warehouse Added -> admin@pds| ARAKONAM
[2025-02-16 01:26:20] User -> Warehouse Added -> admin@pds| ARCOT MELNATHAMPAKKAM
[2025-02-16 01:26:20] User -> Warehouse Added -> admin@pds| WALLAJA
[2025-02-16 01:26:20] User -> Warehouse Added -> admin@pds| ATTUR
[2025-02-16 01:26:20] User -> Warehouse Added -> admin@pds| GANGAVALLI AT ATTUR
[2025-02-16 01:26:20] User -> Warehouse Added -> admin@pds| METTUR
[2025-02-16 01:26:20] User -> Warehouse Added -> admin@pds| MEYYANUR
[2025-02-16 01:26:20] User -> Warehouse Added -> admin@pds| OMALUR
[2025-02-16 01:26:20] User -> Warehouse Added -> admin@pds| SEELANAICKANPATTI
[2025-02-16 01:26:20] User -> Warehouse Added -> admin@pds| TNCSC(G) SANKARI
[2025-02-16 01:26:20] User -> Warehouse Added -> admin@pds| TNCSC(G)EDAPPADI
[2025-02-16 01:26:20] User -> Warehouse Added -> admin@pds| VALAPADI
[2025-02-16 01:26:20] User -> Warehouse Added -> admin@pds| DEVAKOTTAI
[2025-02-16 01:26:20] User -> Warehouse Added -> admin@pds| ILAYANGUDI
[2025-02-16 01:26:20] User -> Warehouse Added -> admin@pds| KARAIKUDI
[2025-02-16 01:26:20] User -> Warehouse Added -> admin@pds| MANAMADURAI
[2025-02-16 01:26:20] User -> Warehouse Added -> admin@pds| SINGAMPUNARI
[2025-02-16 01:26:21] User -> Warehouse Added -> admin@pds| SIVAGANGAI
[2025-02-16 01:26:21] User -> Warehouse Added -> admin@pds| THIRUPPUVANAM
[2025-02-16 01:26:21] User -> Warehouse Added -> admin@pds| TIRUPATHUR
[2025-02-16 01:26:21] User -> Warehouse Added -> admin@pds| ALANGULAM
[2025-02-16 01:26:21] User -> Warehouse Added -> admin@pds| SANKARANKOIL
[2025-02-16 01:26:21] User -> Warehouse Added -> admin@pds| SENKOTTAI
[2025-02-16 01:26:21] User -> Warehouse Added -> admin@pds| TENKASI
[2025-02-16 01:26:21] User -> Warehouse Added -> admin@pds| VASUDEVANALLUR
[2025-02-16 01:26:21] User -> Warehouse Added -> admin@pds| ADUTHURAI
[2025-02-16 01:26:21] User -> Warehouse Added -> admin@pds| MANAIYERIPATTI
[2025-02-16 01:26:21] User -> Warehouse Added -> admin@pds| KUMBAKONAM
[2025-02-16 01:26:21] User -> Warehouse Added -> admin@pds| NTT (G) THANJAVUR
[2025-02-16 01:26:21] User -> Warehouse Added -> admin@pds| ORATHANADU
[2025-02-16 01:26:21] User -> Warehouse Added -> admin@pds| PAPANASAM
[2025-02-16 01:26:21] User -> Warehouse Added -> admin@pds| PATTUKOTTAI(G)
[2025-02-16 01:26:21] User -> Warehouse Added -> admin@pds| PERAVURANI
[2025-02-16 01:26:21] User -> Warehouse Added -> admin@pds| THIRUVAIYARU
[2025-02-16 01:26:21] User -> Warehouse Added -> admin@pds| ANDIPATTI
[2025-02-16 01:26:21] User -> Warehouse Added -> admin@pds| BODI
[2025-02-16 01:26:21] User -> Warehouse Added -> admin@pds| PERIYAKULAM-THENI
[2025-02-16 01:26:21] User -> Warehouse Added -> admin@pds| THENI
[2025-02-16 01:26:21] User -> Warehouse Added -> admin@pds| UTHAMAPALAYAM
[2025-02-16 01:26:21] User -> Warehouse Added -> admin@pds| AMBASAMUDRAM
[2025-02-16 01:26:21] User -> Warehouse Added -> admin@pds| NANGUNERI
[2025-02-16 01:26:21] User -> Warehouse Added -> admin@pds| PALAYAMKOTTAI GODOWN - MUTHUR
[2025-02-16 01:26:21] User -> Warehouse Added -> admin@pds| TIRUNELVELI GODOWM -MUTHUR
[2025-02-16 01:26:22] User -> Warehouse Added -> admin@pds| VALLIYOOR
[2025-02-16 01:26:22] User -> Warehouse Added -> admin@pds| PALLIPET GDN
[2025-02-16 01:26:22] User -> Warehouse Added -> admin@pds| PANJCHETTY GUMMIDIPOONDI
[2025-02-16 01:26:22] User -> Warehouse Added -> admin@pds| SEMBULIVARAM
[2025-02-16 01:26:22] User -> Warehouse Added -> admin@pds| THIRUMAZHISAI
[2025-02-16 01:26:22] User -> Warehouse Added -> admin@pds| THIRUTHANI GDN
[2025-02-16 01:26:22] User -> Warehouse Added -> admin@pds| TNWC THIRUVALLUR
[2025-02-16 01:26:22] User -> Warehouse Added -> admin@pds| UTHUKOTTAI
[2025-02-16 01:26:22] User -> Warehouse Added -> admin@pds| ARNI
[2025-02-16 01:26:22] User -> Warehouse Added -> admin@pds| CHEYYAR
[2025-02-16 01:26:22] User -> Warehouse Added -> admin@pds| ELATHUR
[2025-02-16 01:26:22] User -> Warehouse Added -> admin@pds| POLUR
[2025-02-16 01:26:22] User -> Warehouse Added -> admin@pds| PUDUPALAYAM
[2025-02-16 01:26:22] User -> Warehouse Added -> admin@pds| THACHAMPADI
[2025-02-16 01:26:22] User -> Warehouse Added -> admin@pds| THANDARAMPATTU
[2025-02-16 01:26:22] User -> Warehouse Added -> admin@pds| TIRUVANNAMALAI
[2025-02-16 01:26:22] User -> Warehouse Added -> admin@pds| VANDAVASI
[2025-02-16 01:26:22] User -> Warehouse Added -> admin@pds| ACHUDAMANGALAM
[2025-02-16 01:26:22] User -> Warehouse Added -> admin@pds| KEELAPANDI
[2025-02-16 01:26:22] User -> Warehouse Added -> admin@pds| KODAVASAL
[2025-02-16 01:26:22] User -> Warehouse Added -> admin@pds| KOILVENNI
[2025-02-16 01:26:22] User -> Warehouse Added -> admin@pds| MANNARGUDI
[2025-02-16 01:26:22] User -> Warehouse Added -> admin@pds| MOOLANGUDI
[2025-02-16 01:26:22] User -> Warehouse Added -> admin@pds| PERUGAVALZTHAN
[2025-02-16 01:26:23] User -> Warehouse Added -> admin@pds| TIRUVARUR
[2025-02-16 01:26:23] User -> Warehouse Added -> admin@pds| VALANGAIMAN
[2025-02-16 01:26:23] User -> Warehouse Added -> admin@pds| NATRAMPALLI
[2025-02-16 01:26:23] User -> Warehouse Added -> admin@pds| AMBUR
[2025-02-16 01:26:23] User -> Warehouse Added -> admin@pds| TIRUPATHUR-KUNICHI
[2025-02-16 01:26:23] User -> Warehouse Added -> admin@pds| VANIYAMBADI
[2025-02-16 01:26:23] User -> Warehouse Added -> admin@pds| AVINASHI
[2025-02-16 01:26:23] User -> Warehouse Added -> admin@pds| DHARAPURAM GODOWN
[2025-02-16 01:26:23] User -> Warehouse Added -> admin@pds| KANGAYAM GODOWN
[2025-02-16 01:26:23] User -> Warehouse Added -> admin@pds| MADATHAKULAM
[2025-02-16 01:26:23] User -> Warehouse Added -> admin@pds| PALLADAM
[2025-02-16 01:26:23] User -> Warehouse Added -> admin@pds| REDDY PALAYAM GU
[2025-02-16 01:26:23] User -> Warehouse Added -> admin@pds| ANGERIPALAYAM-2
[2025-02-16 01:26:23] User -> Warehouse Added -> admin@pds| ANGERIPALAYAM-1
[2025-02-16 01:26:23] User -> Warehouse Added -> admin@pds| UDUMALPET
[2025-02-16 01:26:23] User -> Warehouse Added -> admin@pds| ANGERIPALAYAM 2 BUFFER GODOWN NO.5 (TNWC)
[2025-02-16 01:26:23] User -> Warehouse Added -> admin@pds| ANGERIPALAYAM 1 BUFFER GODOWN NO.6 (TNWC)
[2025-02-16 01:26:23] User -> Warehouse Added -> admin@pds| IRUNGALUR
[2025-02-16 01:26:24] User -> Warehouse Added -> admin@pds| MANAPPARAI
[2025-02-16 01:26:24] User -> Warehouse Added -> admin@pds| MUSIRI
[2025-02-16 01:26:24] User -> Warehouse Added -> admin@pds| SRIRANGAM GDN
[2025-02-16 01:26:24] User -> Warehouse Added -> admin@pds| THURAIYUR
[2025-02-16 01:26:24] User -> Warehouse Added -> admin@pds| TRICHY EAST GODOWN
[2025-02-16 01:26:24] User -> Warehouse Added -> admin@pds| TRICHY WEST GODOWN
[2025-02-16 01:26:24] User -> Warehouse Added -> admin@pds| ERAL
[2025-02-16 01:26:24] User -> Warehouse Added -> admin@pds| ETTAYAPURAM KOILPATTI
[2025-02-16 01:26:24] User -> Warehouse Added -> admin@pds| KAYATHAR
[2025-02-16 01:26:24] User -> Warehouse Added -> admin@pds| KURUKUSALAI
[2025-02-16 01:26:24] User -> Warehouse Added -> admin@pds| MADURAI RD.VILATHIKULAM
[2025-02-16 01:26:24] User -> Warehouse Added -> admin@pds| SATHANKULAM
[2025-02-16 01:26:24] User -> Warehouse Added -> admin@pds| SATTUR ROAD - KOILPATTI
[2025-02-16 01:26:24] User -> Warehouse Added -> admin@pds| SRIVAIKUNTAM
[2025-02-16 01:26:24] User -> Warehouse Added -> admin@pds| TIRUCHENDUR
[2025-02-16 01:26:24] User -> Warehouse Added -> admin@pds| Tuticorin PORT
[2025-02-16 01:26:24] User -> Warehouse Added -> admin@pds| TCMS(S)GUDIYATHAM
[2025-02-16 01:26:24] User -> Warehouse Added -> admin@pds| THIRUVALAM
[2025-02-16 01:26:24] User -> Warehouse Added -> admin@pds| VELLORE
[2025-02-16 01:26:24] User -> Warehouse Added -> admin@pds| GINGEE
[2025-02-16 01:26:24] User -> Warehouse Added -> admin@pds| KANDACHIPURAM
[2025-02-16 01:26:24] User -> Warehouse Added -> admin@pds| O/G V.SALAI
[2025-02-16 01:26:24] User -> Warehouse Added -> admin@pds| TINDIVANAM
[2025-02-16 01:26:24] User -> Warehouse Added -> admin@pds| VANUR
[2025-02-16 01:26:24] User -> Warehouse Added -> admin@pds| VILUPPURAM
[2025-02-16 01:26:25] User -> Warehouse Added -> admin@pds| ARUPPUKOTTAI
[2025-02-16 01:26:25] User -> Warehouse Added -> admin@pds| KARIAPATTI
[2025-02-16 01:26:25] User -> Warehouse Added -> admin@pds| RAJAPALAYAM
[2025-02-16 01:26:25] User -> Warehouse Added -> admin@pds| SATTUR (G)
[2025-02-16 01:26:25] User -> Warehouse Added -> admin@pds| SIVAKASI GODOWN
[2025-02-16 01:26:25] User -> Warehouse Added -> admin@pds| SRIVILLIPUTTUR I-II
[2025-02-16 01:26:25] User -> Warehouse Added -> admin@pds| THIRUCHULI
[2025-02-16 01:26:25] User -> Warehouse Added -> admin@pds| VIRDUNAGAR(G)
[2025-02-16 01:26:25] User -> Warehouse Added -> admin@pds| FSD Egmore
[2025-02-16 01:26:25] User -> Warehouse Added -> admin@pds| FSD Avadi
[2025-02-16 01:26:25] User -> Warehouse Added -> admin@pds| SILO Elavur
[2025-02-16 01:26:25] User -> Warehouse Added -> admin@pds| FSD, Sevur
[2025-02-16 01:26:25] User -> Warehouse Added -> admin@pds| FSD, Arakkonam
[2025-02-16 01:26:25] User -> Warehouse Added -> admin@pds| PEG,Madhuranthagam
[2025-02-16 01:26:25] User -> Warehouse Added -> admin@pds| PEG,Thiruvanammalai
[2025-02-16 01:26:25] User -> Warehouse Added -> admin@pds| CWC Madurai-II
[2025-02-16 01:26:25] User -> Warehouse Added -> admin@pds| FSD Ramnad
[2025-02-16 01:26:25] User -> Warehouse Added -> admin@pds| TNWC Ramnad PEG
[2025-02-16 01:26:25] User -> Warehouse Added -> admin@pds| TNWC Karikudi PEG
[2025-02-16 01:26:25] User -> Warehouse Added -> admin@pds| CWC Virudhunagar
[2025-02-16 01:26:25] User -> Warehouse Added -> admin@pds| FSD MG Complex 
[2025-02-16 01:26:25] User -> Warehouse Added -> admin@pds| TNWC Tirunelveli 
[2025-02-16 01:26:25] User -> Warehouse Added -> admin@pds| TNWC PEG Muthur 
[2025-02-16 01:26:25] User -> Warehouse Added -> admin@pds| CWC Nagercoil  
[2025-02-16 01:26:25] User -> Warehouse Added -> admin@pds| TNWC DINDIGUL 
[2025-02-16 01:26:25] User -> Warehouse Added -> admin@pds| CWC Moolapalayam
[2025-02-16 01:26:26] User -> Warehouse Added -> admin@pds| CWC Hosur
[2025-02-16 01:26:26] User -> Warehouse Added -> admin@pds| TNWC Tiruppur 
[2025-02-16 01:26:26] User -> Warehouse Added -> admin@pds| TNWC Namakkal
[2025-02-16 01:26:26] User -> Warehouse Added -> admin@pds| PEG Dharmapuri
[2025-02-16 01:26:26] User -> Warehouse Added -> admin@pds| SILO Madukkarai
[2025-02-16 01:26:26] User -> Warehouse Added -> admin@pds| FSD Peelamedu
[2025-02-16 01:26:26] User -> Warehouse Added -> admin@pds| FSD Salem
[2025-02-16 01:26:26] User -> Warehouse Added -> admin@pds| FSD COIMBATORE
[2025-02-16 01:26:26] User -> Warehouse Added -> admin@pds| CWC Thanjavur
[2025-02-16 01:26:26] User -> Warehouse Added -> admin@pds| FSD Sembanarkoil
[2025-02-16 01:26:26] User -> Warehouse Added -> admin@pds| TNWC Pudukottai
[2025-02-16 01:26:26] User -> Warehouse Added -> admin@pds| CWC Trichy
[2025-02-16 01:26:26] User -> Warehouse Added -> admin@pds| TNWC Trichy
[2025-02-16 01:26:26] User -> Warehouse Added -> admin@pds| TNWC Chinnasalem
[2025-02-16 01:26:26] User -> Warehouse Added -> admin@pds| TNWC Villupuram
[2025-02-16 01:26:26] User -> Warehouse Added -> admin@pds| PEG Villupuram
[2025-02-16 01:26:26] User -> Warehouse Added -> admin@pds| FSD Chidambaram
[2025-02-16 01:26:26] User -> Warehouse Added -> admin@pds| CWC Chidambaram
[2025-02-16 01:26:26] User -> Warehouse Added -> admin@pds| CWC Cuddalore
[2025-02-16 01:26:26] User -> Warehouse Added -> admin@pds| FSD Pondicherry
[2025-02-16 01:26:26] User -> Warehouse Added -> admin@pds| FSD Karaikal
[2025-02-16 01:26:26] User -> Warehouse Added -> admin@pds| FSD Thiruvandarkoil
[2025-02-16 01:26:43] User -> Warehouse InActive -> admin@pds| ARIYALUR OG
[2025-02-16 01:26:46] User -> Warehouse Active -> admin@pds| ARIYALUR OG
[2025-02-16 16:10:50] User -> District added ->admin@pds| Requested JSON -> {"name":"Demo"}
[2025-02-16 16:11:17] User -> Warehouse InActive -> admin@pds| ARIYALUR OG
[2025-02-16 16:11:20] User -> Warehouse Active -> admin@pds| ARIYALUR OG
[2025-02-16 16:22:14] User -> Warehouse InActive -> admin@pds| ARIYALUR OG
[2025-02-16 16:22:16] User -> Warehouse Active -> admin@pds| ARIYALUR OG
[2025-02-16 16:22:27] User -> Warehouse Edit ->admin@pds| Requested JSON -> {"name":"ARIYALUR OG","uniqueid":"WH_67b0f15d849e","active":"1","type":"motorable","latitude":"11.14939","storage":"18000","district":"Ariyalur","id":"645","warehousetype":"swc","longitude":"79.06627"}
[2025-02-16 16:23:50] User -> Warehouse InActive -> admin@pds| Ariyalur Og
[2025-02-16 16:23:52] User -> Warehouse Active -> admin@pds| Ariyalur Og
[2025-02-16 16:24:10] User -> District Name Edit->admin@pds| Requested JSON -> {"name":"Demo","uid":"67b1c0b25470e"}
[2025-02-16 16:29:32] User -> District added ->admin@pds| Requested JSON -> {"name":"demo"}
[2025-02-16 16:29:44] User -> District Name Edit->admin@pds| Requested JSON -> {"name":"Demo","uid":"67b1c51446ee7"}
[2025-02-16 16:30:26] User -> Warehouse added ->admin@pds| Requested JSON -> {"name":"test","type":"motorable","latitude":"9.89","storage":"250","district":"Ariyalur","id":"123qwer","warehousetype":"swc","longitude":"76.7661"}
[2025-02-16 16:30:32] User -> Warehouse InActive -> admin@pds| Test
[2025-02-16 16:30:33] User -> Warehouse Active -> admin@pds| Test
[2025-02-16 16:30:40] User -> Warehouse deleted -> admin@pds| Requested JSON -> {"uid":"WH_67b1c54a714f"} | Test
[2025-02-16 16:30:48] User -> Warehouse deleted -> admin@pds| Requested JSON -> {"uid":"all"} | all
[2025-02-16 16:31:04] User -> Warehouse Added -> admin@pds| Ariyalur Og
[2025-02-16 16:31:04] User -> Warehouse Added -> admin@pds| JEYANKONDAM OG
[2025-02-16 16:31:04] User -> Warehouse Added -> admin@pds| SENTHURAI OG
[2025-02-16 16:31:04] User -> Warehouse Added -> admin@pds| CHENGALPATU
[2025-02-16 16:31:04] User -> Warehouse Added -> admin@pds| MADURANTAKAM
[2025-02-16 16:31:05] User -> Warehouse Added -> admin@pds| THIRUKALUKUNDRAM
[2025-02-16 16:31:05] User -> Warehouse Added -> admin@pds| VALLAM GODOWN
[2025-02-16 16:31:05] User -> Warehouse Added -> admin@pds| VILVARAYANALLUR
[2025-02-16 16:31:05] User -> Warehouse Added -> admin@pds| ANNA NAGAR -I
[2025-02-16 16:31:05] User -> Warehouse Added -> admin@pds| ANNA NAGAR -II
[2025-02-16 16:31:05] User -> Warehouse Added -> admin@pds| MADHAVARAM -2
[2025-02-16 16:31:05] User -> Warehouse Added -> admin@pds| MADHAVARAM-1
[2025-02-16 16:31:05] User -> Warehouse Added -> admin@pds| MINT
[2025-02-16 16:31:05] User -> Warehouse Added -> admin@pds| RED HILLS
[2025-02-16 16:31:05] User -> Warehouse Added -> admin@pds| TOLGATE BG
[2025-02-16 16:31:05] User -> Warehouse Added -> admin@pds| MADHAVARAM-3
[2025-02-16 16:31:05] User -> Warehouse Added -> admin@pds| GOPALAPURAM
[2025-02-16 16:31:05] User -> Warehouse Added -> admin@pds| NANDANAM
[2025-02-16 16:31:05] User -> Warehouse Added -> admin@pds| THIRUVANMIYUR
[2025-02-16 16:31:05] User -> Warehouse Added -> admin@pds| VIRUGAMBAKKAM
[2025-02-16 16:31:05] User -> Warehouse Added -> admin@pds| Arasampalayam
[2025-02-16 16:31:05] User -> Warehouse Added -> admin@pds| CARE GODOWN GOUNDAPALAYAM
[2025-02-16 16:31:05] User -> Warehouse Added -> admin@pds| MATHAMPATTI
[2025-02-16 16:31:05] User -> Warehouse Added -> admin@pds| PATHUVAMPALLI
[2025-02-16 16:31:06] User -> Warehouse Added -> admin@pds| POLLACHI -I
[2025-02-16 16:31:06] User -> Warehouse Added -> admin@pds| POOSARAI PALAYAM UNIT I
[2025-02-16 16:31:06] User -> Warehouse Added -> admin@pds| SULUR
[2025-02-16 16:31:06] User -> Warehouse Added -> admin@pds| TNWC METTUPALAYAM
[2025-02-16 16:31:06] User -> Warehouse Added -> admin@pds| VALPARAI GODOWN
[2025-02-16 16:31:06] User -> Warehouse Added -> admin@pds| CUDDLORE GODOWN
[2025-02-16 16:31:06] User -> Warehouse Added -> admin@pds| KURINJIPADI OG
[2025-02-16 16:31:06] User -> Warehouse Added -> admin@pds| O/G MANALUR
[2025-02-16 16:31:06] User -> Warehouse Added -> admin@pds| OG KATTUMANNARKOIL
[2025-02-16 16:31:06] User -> Warehouse Added -> admin@pds| OG PANURUTI
[2025-02-16 16:31:06] User -> Warehouse Added -> admin@pds| OG TITTAGUDI
[2025-02-16 16:31:06] User -> Warehouse Added -> admin@pds| OG VIRUDACHALAM
[2025-02-16 16:31:06] User -> Warehouse Added -> admin@pds| DHARMAPURI
[2025-02-16 16:31:06] User -> Warehouse Added -> admin@pds| HARUR
[2025-02-16 16:31:06] User -> Warehouse Added -> admin@pds| KADATHUR
[2025-02-16 16:31:06] User -> Warehouse Added -> admin@pds| PALACODE
[2025-02-16 16:31:06] User -> Warehouse Added -> admin@pds| PENNAGARAM
[2025-02-16 16:31:06] User -> Warehouse Added -> admin@pds| TNWC BHARATHIPURAM(BG)
[2025-02-16 16:31:07] User -> Warehouse Added -> admin@pds| BATHLAGUNDU
[2025-02-16 16:31:07] User -> Warehouse Added -> admin@pds| DINDIGUL
[2025-02-16 16:31:07] User -> Warehouse Added -> admin@pds| KODAIKANAL
[2025-02-16 16:31:07] User -> Warehouse Added -> admin@pds| NATHAM
[2025-02-16 16:31:07] User -> Warehouse Added -> admin@pds| ODDANCHATRAM
[2025-02-16 16:31:07] User -> Warehouse Added -> admin@pds| PALANI
[2025-02-16 16:31:07] User -> Warehouse Added -> admin@pds| SIVA ITI
[2025-02-16 16:31:07] User -> Warehouse Added -> admin@pds| VEDASANDUR
[2025-02-16 16:31:07] User -> Warehouse Added -> admin@pds| ATHOOR
[2025-02-16 16:31:07] User -> Warehouse Added -> admin@pds| BAVANI TAK II
[2025-02-16 16:31:07] User -> Warehouse Added -> admin@pds| BHAVANI TAK I
[2025-02-16 16:31:07] User -> Warehouse Added -> admin@pds| ERODE CARE-I
[2025-02-16 16:31:07] User -> Warehouse Added -> admin@pds| GANGAPURAM BG
[2025-02-16 16:31:07] User -> Warehouse Added -> admin@pds| GOBI
[2025-02-16 16:31:07] User -> Warehouse Added -> admin@pds| PERUNDURAI KM-I
[2025-02-16 16:31:07] User -> Warehouse Added -> admin@pds| SATHY
[2025-02-16 16:31:07] User -> Warehouse Added -> admin@pds| KALLAKURUCHI
[2025-02-16 16:31:07] User -> Warehouse Added -> admin@pds| OG CHINNASALEM
[2025-02-16 16:31:07] User -> Warehouse Added -> admin@pds| SANKARAPURAM
[2025-02-16 16:31:07] User -> Warehouse Added -> admin@pds| TIRUKOILUR
[2025-02-16 16:31:07] User -> Warehouse Added -> admin@pds| ULUDURPET
[2025-02-16 16:31:07] User -> Warehouse Added -> admin@pds| KANCHEEPURAM
[2025-02-16 16:31:08] User -> Warehouse Added -> admin@pds| SRIPERUMBUDUR
[2025-02-16 16:31:08] User -> Warehouse Added -> admin@pds| VEDAPALAYAM
[2025-02-16 16:31:08] User -> Warehouse Added -> admin@pds| ARALVOIMOZHI
[2025-02-16 16:31:08] User -> Warehouse Added -> admin@pds| KAPPUKADU I
[2025-02-16 16:31:08] User -> Warehouse Added -> admin@pds| KAPPUKADU II
[2025-02-16 16:31:08] User -> Warehouse Added -> admin@pds| KONAM I
[2025-02-16 16:31:08] User -> Warehouse Added -> admin@pds| KONAM II
[2025-02-16 16:31:08] User -> Warehouse Added -> admin@pds| UDAARVILAI
[2025-02-16 16:31:08] User -> Warehouse Added -> admin@pds| ARAVAKURUCHI
[2025-02-16 16:31:08] User -> Warehouse Added -> admin@pds| KADAVUR BG
[2025-02-16 16:31:08] User -> Warehouse Added -> admin@pds| KARUR-TNWC
[2025-02-16 16:31:08] User -> Warehouse Added -> admin@pds| KRISHNARAYAPURAM GODOWN
[2025-02-16 16:31:08] User -> Warehouse Added -> admin@pds| KULITHALAI
[2025-02-16 16:31:08] User -> Warehouse Added -> admin@pds| MANMANGALAM
[2025-02-16 16:31:08] User -> Warehouse Added -> admin@pds| HOSUR
[2025-02-16 16:31:08] User -> Warehouse Added -> admin@pds| KRISHNAGIRI
[2025-02-16 16:31:08] User -> Warehouse Added -> admin@pds| POCHAMPALLI
[2025-02-16 16:31:08] User -> Warehouse Added -> admin@pds| TENKANIKOTTAI
[2025-02-16 16:31:08] User -> Warehouse Added -> admin@pds| UTHANGARAI
[2025-02-16 16:31:08] User -> Warehouse Added -> admin@pds| KDL PDS
[2025-02-16 16:31:08] User -> Warehouse Added -> admin@pds| MELUR
[2025-02-16 16:31:09] User -> Warehouse Added -> admin@pds| PERIYUR
[2025-02-16 16:31:09] User -> Warehouse Added -> admin@pds| THIRUMANGALAM
[2025-02-16 16:31:09] User -> Warehouse Added -> admin@pds| THOPPUR
[2025-02-16 16:31:09] User -> Warehouse Added -> admin@pds| USILAMPATTI
[2025-02-16 16:31:09] User -> Warehouse Added -> admin@pds| VADIPATTI
[2025-02-16 16:31:09] User -> Warehouse Added -> admin@pds| VENKATACHALAPURAM-I
[2025-02-16 16:31:09] User -> Warehouse Added -> admin@pds| VENKATACHALAPURAM-II
[2025-02-16 16:31:09] User -> Warehouse Added -> admin@pds| KAPPALUR
[2025-02-16 16:31:09] User -> Warehouse Added -> admin@pds| Akur
[2025-02-16 16:31:09] User -> Warehouse Added -> admin@pds| MALLIYAM TK. GODOWN
[2025-02-16 16:31:09] User -> Warehouse Added -> admin@pds| Sirkali
[2025-02-16 16:31:09] User -> Warehouse Added -> admin@pds| KEEVALUR
[2025-02-16 16:31:09] User -> Warehouse Added -> admin@pds| NAGAPATTINAM TNWC
[2025-02-16 16:31:09] User -> Warehouse Added -> admin@pds| THIRUKUVALAI
[2025-02-16 16:31:09] User -> Warehouse Added -> admin@pds| VEDARANYAM
[2025-02-16 16:31:09] User -> Warehouse Added -> admin@pds| TIRUCHENGODE- 2
[2025-02-16 16:31:09] User -> Warehouse Added -> admin@pds| KUPPAMPALAYAM
[2025-02-16 16:31:09] User -> Warehouse Added -> admin@pds| PARAMATHY
[2025-02-16 16:31:09] User -> Warehouse Added -> admin@pds| RASIPURAM
[2025-02-16 16:31:09] User -> Warehouse Added -> admin@pds| TIRUCHENGODE
[2025-02-16 16:31:09] User -> Warehouse Added -> admin@pds| COONOOR
[2025-02-16 16:31:10] User -> Warehouse Added -> admin@pds| GUDALUR
[2025-02-16 16:31:10] User -> Warehouse Added -> admin@pds| MANJOOR
[2025-02-16 16:31:10] User -> Warehouse Added -> admin@pds| OOTY
[2025-02-16 16:31:10] User -> Warehouse Added -> admin@pds| TNCSC GODOWN-KOTHAGIRI
[2025-02-16 16:31:10] User -> Warehouse Added -> admin@pds| WSP PANDALUR
[2025-02-16 16:31:10] User -> Warehouse Added -> admin@pds| KUNNAM
[2025-02-16 16:31:10] User -> Warehouse Added -> admin@pds| PERAMBALUR
[2025-02-16 16:31:10] User -> Warehouse Added -> admin@pds| VEPANTHATTAI
[2025-02-16 16:31:10] User -> Warehouse Added -> admin@pds| ALATHUR
[2025-02-16 16:31:10] User -> Warehouse Added -> admin@pds| ALANGUDI
[2025-02-16 16:31:10] User -> Warehouse Added -> admin@pds| ARANTHANKI
[2025-02-16 16:31:10] User -> Warehouse Added -> admin@pds| AVUDAYARKOIL
[2025-02-16 16:31:10] User -> Warehouse Added -> admin@pds| GANDARVAKOTTAI
[2025-02-16 16:31:10] User -> Warehouse Added -> admin@pds| ILUPPUR
[2025-02-16 16:31:10] User -> Warehouse Added -> admin@pds| KULATHUR
[2025-02-16 16:31:10] User -> Warehouse Added -> admin@pds| MANALMELKUDI
[2025-02-16 16:31:10] User -> Warehouse Added -> admin@pds| PONNAMARAVATHI
[2025-02-16 16:31:10] User -> Warehouse Added -> admin@pds| THIRUMAYAM
[2025-02-16 16:31:10] User -> Warehouse Added -> admin@pds| TNCSC PUDUKKOTTAI
[2025-02-16 16:31:10] User -> Warehouse Added -> admin@pds| GODOWN PARAMAKUDI
[2025-02-16 16:31:10] User -> Warehouse Added -> admin@pds| KADALADI
[2025-02-16 16:31:10] User -> Warehouse Added -> admin@pds| KAMUDHI
[2025-02-16 16:31:10] User -> Warehouse Added -> admin@pds| KEELAKARAI
[2025-02-16 16:31:11] User -> Warehouse Added -> admin@pds| MUTHUKULATHUR
[2025-02-16 16:31:11] User -> Warehouse Added -> admin@pds| RAMANATHAPURAM
[2025-02-16 16:31:11] User -> Warehouse Added -> admin@pds| RAMESWARAM
[2025-02-16 16:31:11] User -> Warehouse Added -> admin@pds| TIRUVADANAI
[2025-02-16 16:31:11] User -> Warehouse Added -> admin@pds| ARAKONAM
[2025-02-16 16:31:11] User -> Warehouse Added -> admin@pds| ARCOT MELNATHAMPAKKAM
[2025-02-16 16:31:11] User -> Warehouse Added -> admin@pds| WALLAJA
[2025-02-16 16:31:11] User -> Warehouse Added -> admin@pds| ATTUR
[2025-02-16 16:31:11] User -> Warehouse Added -> admin@pds| GANGAVALLI AT ATTUR
[2025-02-16 16:31:11] User -> Warehouse Added -> admin@pds| METTUR
[2025-02-16 16:31:11] User -> Warehouse Added -> admin@pds| MEYYANUR
[2025-02-16 16:31:11] User -> Warehouse Added -> admin@pds| OMALUR
[2025-02-16 16:31:11] User -> Warehouse Added -> admin@pds| SEELANAICKANPATTI
[2025-02-16 16:31:11] User -> Warehouse Added -> admin@pds| TNCSC(G) SANKARI
[2025-02-16 16:31:11] User -> Warehouse Added -> admin@pds| TNCSC(G)EDAPPADI
[2025-02-16 16:31:11] User -> Warehouse Added -> admin@pds| VALAPADI
[2025-02-16 16:31:11] User -> Warehouse Added -> admin@pds| DEVAKOTTAI
[2025-02-16 16:31:11] User -> Warehouse Added -> admin@pds| ILAYANGUDI
[2025-02-16 16:31:11] User -> Warehouse Added -> admin@pds| KARAIKUDI
[2025-02-16 16:31:11] User -> Warehouse Added -> admin@pds| MANAMADURAI
[2025-02-16 16:31:11] User -> Warehouse Added -> admin@pds| SINGAMPUNARI
[2025-02-16 16:31:11] User -> Warehouse Added -> admin@pds| SIVAGANGAI
[2025-02-16 16:31:12] User -> Warehouse Added -> admin@pds| THIRUPPUVANAM
[2025-02-16 16:31:12] User -> Warehouse Added -> admin@pds| TIRUPATHUR
[2025-02-16 16:31:12] User -> Warehouse Added -> admin@pds| ALANGULAM
[2025-02-16 16:31:12] User -> Warehouse Added -> admin@pds| SANKARANKOIL
[2025-02-16 16:31:12] User -> Warehouse Added -> admin@pds| SENKOTTAI
[2025-02-16 16:31:12] User -> Warehouse Added -> admin@pds| TENKASI
[2025-02-16 16:31:12] User -> Warehouse Added -> admin@pds| VASUDEVANALLUR
[2025-02-16 16:31:12] User -> Warehouse Added -> admin@pds| ADUTHURAI
[2025-02-16 16:31:12] User -> Warehouse Added -> admin@pds| MANAIYERIPATTI
[2025-02-16 16:31:12] User -> Warehouse Added -> admin@pds| KUMBAKONAM
[2025-02-16 16:31:12] User -> Warehouse Added -> admin@pds| NTT (G) THANJAVUR
[2025-02-16 16:31:12] User -> Warehouse Added -> admin@pds| ORATHANADU
[2025-02-16 16:31:12] User -> Warehouse Added -> admin@pds| PAPANASAM
[2025-02-16 16:31:12] User -> Warehouse Added -> admin@pds| PATTUKOTTAI(G)
[2025-02-16 16:31:12] User -> Warehouse Added -> admin@pds| PERAVURANI
[2025-02-16 16:31:12] User -> Warehouse Added -> admin@pds| THIRUVAIYARU
[2025-02-16 16:31:12] User -> Warehouse Added -> admin@pds| ANDIPATTI
[2025-02-16 16:31:12] User -> Warehouse Added -> admin@pds| BODI
[2025-02-16 16:31:12] User -> Warehouse Added -> admin@pds| PERIYAKULAM-THENI
[2025-02-16 16:31:12] User -> Warehouse Added -> admin@pds| THENI
[2025-02-16 16:31:12] User -> Warehouse Added -> admin@pds| UTHAMAPALAYAM
[2025-02-16 16:31:12] User -> Warehouse Added -> admin@pds| AMBASAMUDRAM
[2025-02-16 16:31:12] User -> Warehouse Added -> admin@pds| NANGUNERI
[2025-02-16 16:31:13] User -> Warehouse Added -> admin@pds| PALAYAMKOTTAI GODOWN - MUTHUR
[2025-02-16 16:31:13] User -> Warehouse Added -> admin@pds| TIRUNELVELI GODOWM -MUTHUR
[2025-02-16 16:31:13] User -> Warehouse Added -> admin@pds| VALLIYOOR
[2025-02-16 16:31:13] User -> Warehouse Added -> admin@pds| PALLIPET GDN
[2025-02-16 16:31:13] User -> Warehouse Added -> admin@pds| PANJCHETTY GUMMIDIPOONDI
[2025-02-16 16:31:13] User -> Warehouse Added -> admin@pds| SEMBULIVARAM
[2025-02-16 16:31:13] User -> Warehouse Added -> admin@pds| THIRUMAZHISAI
[2025-02-16 16:31:13] User -> Warehouse Added -> admin@pds| THIRUTHANI GDN
[2025-02-16 16:31:13] User -> Warehouse Added -> admin@pds| TNWC THIRUVALLUR
[2025-02-16 16:31:13] User -> Warehouse Added -> admin@pds| UTHUKOTTAI
[2025-02-16 16:31:13] User -> Warehouse Added -> admin@pds| ARNI
[2025-02-16 16:31:13] User -> Warehouse Added -> admin@pds| CHEYYAR
[2025-02-16 16:31:13] User -> Warehouse Added -> admin@pds| ELATHUR
[2025-02-16 16:31:13] User -> Warehouse Added -> admin@pds| POLUR
[2025-02-16 16:31:13] User -> Warehouse Added -> admin@pds| PUDUPALAYAM
[2025-02-16 16:31:13] User -> Warehouse Added -> admin@pds| THACHAMPADI
[2025-02-16 16:31:13] User -> Warehouse Added -> admin@pds| THANDARAMPATTU
[2025-02-16 16:31:13] User -> Warehouse Added -> admin@pds| TIRUVANNAMALAI
[2025-02-16 16:31:13] User -> Warehouse Added -> admin@pds| VANDAVASI
[2025-02-16 16:31:13] User -> Warehouse Added -> admin@pds| ACHUDAMANGALAM
[2025-02-16 16:31:13] User -> Warehouse Added -> admin@pds| KEELAPANDI
[2025-02-16 16:31:13] User -> Warehouse Added -> admin@pds| KODAVASAL
[2025-02-16 16:31:14] User -> Warehouse Added -> admin@pds| KOILVENNI
[2025-02-16 16:31:14] User -> Warehouse Added -> admin@pds| MANNARGUDI
[2025-02-16 16:31:14] User -> Warehouse Added -> admin@pds| MOOLANGUDI
[2025-02-16 16:31:14] User -> Warehouse Added -> admin@pds| PERUGAVALZTHAN
[2025-02-16 16:31:14] User -> Warehouse Added -> admin@pds| TIRUVARUR
[2025-02-16 16:31:14] User -> Warehouse Added -> admin@pds| VALANGAIMAN
[2025-02-16 16:31:14] User -> Warehouse Added -> admin@pds| NATRAMPALLI
[2025-02-16 16:31:14] User -> Warehouse Added -> admin@pds| AMBUR
[2025-02-16 16:31:14] User -> Warehouse Added -> admin@pds| TIRUPATHUR-KUNICHI
[2025-02-16 16:31:14] User -> Warehouse Added -> admin@pds| VANIYAMBADI
[2025-02-16 16:31:14] User -> Warehouse Added -> admin@pds| AVINASHI
[2025-02-16 16:31:14] User -> Warehouse Added -> admin@pds| DHARAPURAM GODOWN
[2025-02-16 16:31:14] User -> Warehouse Added -> admin@pds| KANGAYAM GODOWN
[2025-02-16 16:31:15] User -> Warehouse Added -> admin@pds| MADATHAKULAM
[2025-02-16 16:31:15] User -> Warehouse Added -> admin@pds| PALLADAM
[2025-02-16 16:31:15] User -> Warehouse Added -> admin@pds| REDDY PALAYAM GU
[2025-02-16 16:31:15] User -> Warehouse Added -> admin@pds| ANGERIPALAYAM-2
[2025-02-16 16:31:15] User -> Warehouse Added -> admin@pds| ANGERIPALAYAM-1
[2025-02-16 16:31:15] User -> Warehouse Added -> admin@pds| UDUMALPET
[2025-02-16 16:31:15] User -> Warehouse Added -> admin@pds| ANGERIPALAYAM 2 BUFFER GODOWN NO.5 (TNWC)
[2025-02-16 16:31:15] User -> Warehouse Added -> admin@pds| ANGERIPALAYAM 1 BUFFER GODOWN NO.6 (TNWC)
[2025-02-16 16:31:15] User -> Warehouse Added -> admin@pds| IRUNGALUR
[2025-02-16 16:31:15] User -> Warehouse Added -> admin@pds| MANAPPARAI
[2025-02-16 16:31:15] User -> Warehouse Added -> admin@pds| MUSIRI
[2025-02-16 16:31:15] User -> Warehouse Added -> admin@pds| SRIRANGAM GDN
[2025-02-16 16:31:15] User -> Warehouse Added -> admin@pds| THURAIYUR
[2025-02-16 16:31:15] User -> Warehouse Added -> admin@pds| TRICHY EAST GODOWN
[2025-02-16 16:31:15] User -> Warehouse Added -> admin@pds| TRICHY WEST GODOWN
[2025-02-16 16:31:15] User -> Warehouse Added -> admin@pds| ERAL
[2025-02-16 16:31:15] User -> Warehouse Added -> admin@pds| ETTAYAPURAM KOILPATTI
[2025-02-16 16:31:15] User -> Warehouse Added -> admin@pds| KAYATHAR
[2025-02-16 16:31:15] User -> Warehouse Added -> admin@pds| KURUKUSALAI
[2025-02-16 16:31:15] User -> Warehouse Added -> admin@pds| MADURAI RD.VILATHIKULAM
[2025-02-16 16:31:15] User -> Warehouse Added -> admin@pds| SATHANKULAM
[2025-02-16 16:31:15] User -> Warehouse Added -> admin@pds| SATTUR ROAD - KOILPATTI
[2025-02-16 16:31:16] User -> Warehouse Added -> admin@pds| SRIVAIKUNTAM
[2025-02-16 16:31:16] User -> Warehouse Added -> admin@pds| TIRUCHENDUR
[2025-02-16 16:31:16] User -> Warehouse Added -> admin@pds| Tuticorin PORT
[2025-02-16 16:31:16] User -> Warehouse Added -> admin@pds| TCMS(S)GUDIYATHAM
[2025-02-16 16:31:16] User -> Warehouse Added -> admin@pds| THIRUVALAM
[2025-02-16 16:31:16] User -> Warehouse Added -> admin@pds| VELLORE
[2025-02-16 16:31:16] User -> Warehouse Added -> admin@pds| GINGEE
[2025-02-16 16:31:16] User -> Warehouse Added -> admin@pds| KANDACHIPURAM
[2025-02-16 16:31:16] User -> Warehouse Added -> admin@pds| O/G V.SALAI
[2025-02-16 16:31:16] User -> Warehouse Added -> admin@pds| TINDIVANAM
[2025-02-16 16:31:16] User -> Warehouse Added -> admin@pds| VANUR
[2025-02-16 16:31:16] User -> Warehouse Added -> admin@pds| VILUPPURAM
[2025-02-16 16:31:16] User -> Warehouse Added -> admin@pds| ARUPPUKOTTAI
[2025-02-16 16:31:16] User -> Warehouse Added -> admin@pds| KARIAPATTI
[2025-02-16 16:31:16] User -> Warehouse Added -> admin@pds| RAJAPALAYAM
[2025-02-16 16:31:16] User -> Warehouse Added -> admin@pds| SATTUR (G)
[2025-02-16 16:31:16] User -> Warehouse Added -> admin@pds| SIVAKASI GODOWN
[2025-02-16 16:31:16] User -> Warehouse Added -> admin@pds| SRIVILLIPUTTUR I-II
[2025-02-16 16:31:17] User -> Warehouse Added -> admin@pds| THIRUCHULI
[2025-02-16 16:31:17] User -> Warehouse Added -> admin@pds| VIRDUNAGAR(G)
[2025-02-16 16:31:17] User -> Warehouse Added -> admin@pds| FSD Egmore
[2025-02-16 16:31:17] User -> Warehouse Added -> admin@pds| FSD Avadi
[2025-02-16 16:31:17] User -> Warehouse Added -> admin@pds| SILO Elavur
[2025-02-16 16:31:17] User -> Warehouse Added -> admin@pds| FSD, Sevur
[2025-02-16 16:31:17] User -> Warehouse Added -> admin@pds| FSD, Arakkonam
[2025-02-16 16:31:17] User -> Warehouse Added -> admin@pds| PEG,Madhuranthagam
[2025-02-16 16:31:17] User -> Warehouse Added -> admin@pds| PEG,Thiruvanammalai
[2025-02-16 16:31:17] User -> Warehouse Added -> admin@pds| CWC Madurai-II
[2025-02-16 16:31:17] User -> Warehouse Added -> admin@pds| FSD Ramnad
[2025-02-16 16:31:17] User -> Warehouse Added -> admin@pds| TNWC Ramnad PEG
[2025-02-16 16:31:17] User -> Warehouse Added -> admin@pds| TNWC Karikudi PEG
[2025-02-16 16:31:17] User -> Warehouse Added -> admin@pds| CWC Virudhunagar
[2025-02-16 16:31:17] User -> Warehouse Added -> admin@pds| FSD MG Complex 
[2025-02-16 16:31:18] User -> Warehouse Added -> admin@pds| TNWC Tirunelveli 
[2025-02-16 16:31:18] User -> Warehouse Added -> admin@pds| TNWC PEG Muthur 
[2025-02-16 16:31:18] User -> Warehouse Added -> admin@pds| CWC Nagercoil  
[2025-02-16 16:31:18] User -> Warehouse Added -> admin@pds| TNWC DINDIGUL 
[2025-02-16 16:31:18] User -> Warehouse Added -> admin@pds| CWC Moolapalayam
[2025-02-16 16:31:18] User -> Warehouse Added -> admin@pds| CWC Hosur
[2025-02-16 16:31:18] User -> Warehouse Added -> admin@pds| TNWC Tiruppur 
[2025-02-16 16:31:18] User -> Warehouse Added -> admin@pds| TNWC Namakkal
[2025-02-16 16:31:18] User -> Warehouse Added -> admin@pds| PEG Dharmapuri
[2025-02-16 16:31:18] User -> Warehouse Added -> admin@pds| SILO Madukkarai
[2025-02-16 16:31:18] User -> Warehouse Added -> admin@pds| FSD Peelamedu
[2025-02-16 16:31:18] User -> Warehouse Added -> admin@pds| FSD Salem
[2025-02-16 16:31:18] User -> Warehouse Added -> admin@pds| FSD COIMBATORE
[2025-02-16 16:31:18] User -> Warehouse Added -> admin@pds| CWC Thanjavur
[2025-02-16 16:31:18] User -> Warehouse Added -> admin@pds| FSD Sembanarkoil
[2025-02-16 16:31:18] User -> Warehouse Added -> admin@pds| TNWC Pudukottai
[2025-02-16 16:31:18] User -> Warehouse Added -> admin@pds| CWC Trichy
[2025-02-16 16:31:19] User -> Warehouse Added -> admin@pds| TNWC Trichy
[2025-02-16 16:31:19] User -> Warehouse Added -> admin@pds| TNWC Chinnasalem
[2025-02-16 16:31:19] User -> Warehouse Added -> admin@pds| TNWC Villupuram
[2025-02-16 16:31:19] User -> Warehouse Added -> admin@pds| PEG Villupuram
[2025-02-16 16:31:19] User -> Warehouse Added -> admin@pds| FSD Chidambaram
[2025-02-16 16:31:19] User -> Warehouse Added -> admin@pds| CWC Chidambaram
[2025-02-16 16:31:19] User -> Warehouse Added -> admin@pds| CWC Cuddalore
[2025-02-16 16:31:19] User -> Warehouse Added -> admin@pds| FSD Pondicherry
[2025-02-16 16:31:19] User -> Warehouse Added -> admin@pds| FSD Karaikal
[2025-02-16 16:31:19] User -> Warehouse Added -> admin@pds| FSD Thiruvandarkoil
[2025-02-16 16:32:49] User -> Warehouse Edit -> admin@pds| Ariyalur Og
[2025-02-16 16:32:49] User -> Warehouse Edit -> admin@pds| JEYANKONDAM OG
[2025-02-16 16:32:49] User -> Warehouse Edit -> admin@pds| SENTHURAI OG
[2025-02-16 16:32:49] User -> Warehouse Edit -> admin@pds| CHENGALPATU
[2025-02-16 16:32:49] User -> Warehouse Edit -> admin@pds| MADURANTAKAM
[2025-02-16 16:32:49] User -> Warehouse Edit -> admin@pds| THIRUKALUKUNDRAM
[2025-02-16 16:32:49] User -> Warehouse Edit -> admin@pds| VALLAM GODOWN
[2025-02-16 16:32:49] User -> Warehouse Edit -> admin@pds| VILVARAYANALLUR
[2025-02-16 16:32:49] User -> Warehouse Edit -> admin@pds| ANNA NAGAR -I
[2025-02-16 16:32:49] User -> Warehouse Edit -> admin@pds| ANNA NAGAR -II
[2025-02-16 16:32:49] User -> Warehouse Edit -> admin@pds| MADHAVARAM -2
[2025-02-16 16:32:49] User -> Warehouse Edit -> admin@pds| MADHAVARAM-1
[2025-02-16 16:32:49] User -> Warehouse Edit -> admin@pds| MINT
[2025-02-16 16:32:49] User -> Warehouse Edit -> admin@pds| RED HILLS
[2025-02-16 16:32:49] User -> Warehouse Edit -> admin@pds| TOLGATE BG
[2025-02-16 16:32:49] User -> Warehouse Edit -> admin@pds| MADHAVARAM-3
[2025-02-16 16:32:49] User -> Warehouse Edit -> admin@pds| GOPALAPURAM
[2025-02-16 16:32:49] User -> Warehouse Edit -> admin@pds| NANDANAM
[2025-02-16 16:32:49] User -> Warehouse Edit -> admin@pds| THIRUVANMIYUR
[2025-02-16 16:32:49] User -> Warehouse Edit -> admin@pds| VIRUGAMBAKKAM
[2025-02-16 16:32:49] User -> Warehouse Edit -> admin@pds| Arasampalayam
[2025-02-16 16:32:49] User -> Warehouse Edit -> admin@pds| CARE GODOWN GOUNDAPALAYAM
[2025-02-16 16:32:49] User -> Warehouse Edit -> admin@pds| MATHAMPATTI
[2025-02-16 16:32:49] User -> Warehouse Edit -> admin@pds| PATHUVAMPALLI
[2025-02-16 16:32:49] User -> Warehouse Edit -> admin@pds| POLLACHI -I
[2025-02-16 16:32:49] User -> Warehouse Edit -> admin@pds| POOSARAI PALAYAM UNIT I
[2025-02-16 16:32:49] User -> Warehouse Edit -> admin@pds| SULUR
[2025-02-16 16:32:49] User -> Warehouse Edit -> admin@pds| TNWC METTUPALAYAM
[2025-02-16 16:32:49] User -> Warehouse Edit -> admin@pds| VALPARAI GODOWN
[2025-02-16 16:32:49] User -> Warehouse Edit -> admin@pds| CUDDLORE GODOWN
[2025-02-16 16:32:49] User -> Warehouse Edit -> admin@pds| KURINJIPADI OG
[2025-02-16 16:32:49] User -> Warehouse Edit -> admin@pds| O/G MANALUR
[2025-02-16 16:32:49] User -> Warehouse Edit -> admin@pds| OG KATTUMANNARKOIL
[2025-02-16 16:32:49] User -> Warehouse Edit -> admin@pds| OG PANURUTI
[2025-02-16 16:32:49] User -> Warehouse Edit -> admin@pds| OG TITTAGUDI
[2025-02-16 16:32:49] User -> Warehouse Edit -> admin@pds| OG VIRUDACHALAM
[2025-02-16 16:32:49] User -> Warehouse Edit -> admin@pds| DHARMAPURI
[2025-02-16 16:32:49] User -> Warehouse Edit -> admin@pds| HARUR
[2025-02-16 16:32:49] User -> Warehouse Edit -> admin@pds| KADATHUR
[2025-02-16 16:32:49] User -> Warehouse Edit -> admin@pds| PALACODE
[2025-02-16 16:32:49] User -> Warehouse Edit -> admin@pds| PENNAGARAM
[2025-02-16 16:32:49] User -> Warehouse Edit -> admin@pds| TNWC BHARATHIPURAM(BG)
[2025-02-16 16:32:49] User -> Warehouse Edit -> admin@pds| BATHLAGUNDU
[2025-02-16 16:32:49] User -> Warehouse Edit -> admin@pds| DINDIGUL
[2025-02-16 16:32:49] User -> Warehouse Edit -> admin@pds| KODAIKANAL
[2025-02-16 16:32:49] User -> Warehouse Edit -> admin@pds| NATHAM
[2025-02-16 16:32:49] User -> Warehouse Edit -> admin@pds| ODDANCHATRAM
[2025-02-16 16:32:49] User -> Warehouse Edit -> admin@pds| PALANI
[2025-02-16 16:32:49] User -> Warehouse Edit -> admin@pds| SIVA ITI
[2025-02-16 16:32:49] User -> Warehouse Edit -> admin@pds| VEDASANDUR
[2025-02-16 16:32:49] User -> Warehouse Edit -> admin@pds| ATHOOR
[2025-02-16 16:32:49] User -> Warehouse Edit -> admin@pds| BAVANI TAK II
[2025-02-16 16:32:49] User -> Warehouse Edit -> admin@pds| BHAVANI TAK I
[2025-02-16 16:32:49] User -> Warehouse Edit -> admin@pds| ERODE CARE-I
[2025-02-16 16:32:49] User -> Warehouse Edit -> admin@pds| GANGAPURAM BG
[2025-02-16 16:32:49] User -> Warehouse Edit -> admin@pds| GOBI
[2025-02-16 16:32:49] User -> Warehouse Edit -> admin@pds| PERUNDURAI KM-I
[2025-02-16 16:32:49] User -> Warehouse Edit -> admin@pds| SATHY
[2025-02-16 16:32:49] User -> Warehouse Edit -> admin@pds| KALLAKURUCHI
[2025-02-16 16:32:49] User -> Warehouse Edit -> admin@pds| OG CHINNASALEM
[2025-02-16 16:32:49] User -> Warehouse Edit -> admin@pds| SANKARAPURAM
[2025-02-16 16:32:49] User -> Warehouse Edit -> admin@pds| TIRUKOILUR
[2025-02-16 16:32:49] User -> Warehouse Edit -> admin@pds| ULUDURPET
[2025-02-16 16:32:49] User -> Warehouse Edit -> admin@pds| KANCHEEPURAM
[2025-02-16 16:32:49] User -> Warehouse Edit -> admin@pds| SRIPERUMBUDUR
[2025-02-16 16:32:49] User -> Warehouse Edit -> admin@pds| VEDAPALAYAM
[2025-02-16 16:32:49] User -> Warehouse Edit -> admin@pds| ARALVOIMOZHI
[2025-02-16 16:32:49] User -> Warehouse Edit -> admin@pds| KAPPUKADU I
[2025-02-16 16:32:49] User -> Warehouse Edit -> admin@pds| KAPPUKADU II
[2025-02-16 16:32:49] User -> Warehouse Edit -> admin@pds| KONAM I
[2025-02-16 16:32:49] User -> Warehouse Edit -> admin@pds| KONAM II
[2025-02-16 16:32:50] User -> Warehouse Edit -> admin@pds| UDAARVILAI
[2025-02-16 16:32:50] User -> Warehouse Edit -> admin@pds| ARAVAKURUCHI
[2025-02-16 16:32:50] User -> Warehouse Edit -> admin@pds| KADAVUR BG
[2025-02-16 16:32:50] User -> Warehouse Edit -> admin@pds| KARUR-TNWC
[2025-02-16 16:32:50] User -> Warehouse Edit -> admin@pds| KRISHNARAYAPURAM GODOWN
[2025-02-16 16:32:50] User -> Warehouse Edit -> admin@pds| KULITHALAI
[2025-02-16 16:32:50] User -> Warehouse Edit -> admin@pds| MANMANGALAM
[2025-02-16 16:32:50] User -> Warehouse Edit -> admin@pds| HOSUR
[2025-02-16 16:32:50] User -> Warehouse Edit -> admin@pds| KRISHNAGIRI
[2025-02-16 16:32:50] User -> Warehouse Edit -> admin@pds| POCHAMPALLI
[2025-02-16 16:32:50] User -> Warehouse Edit -> admin@pds| TENKANIKOTTAI
[2025-02-16 16:32:50] User -> Warehouse Edit -> admin@pds| UTHANGARAI
[2025-02-16 16:32:50] User -> Warehouse Edit -> admin@pds| KDL PDS
[2025-02-16 16:32:50] User -> Warehouse Edit -> admin@pds| MELUR
[2025-02-16 16:32:50] User -> Warehouse Edit -> admin@pds| PERIYUR
[2025-02-16 16:32:50] User -> Warehouse Edit -> admin@pds| THIRUMANGALAM
[2025-02-16 16:32:50] User -> Warehouse Edit -> admin@pds| THOPPUR
[2025-02-16 16:32:50] User -> Warehouse Edit -> admin@pds| USILAMPATTI
[2025-02-16 16:32:50] User -> Warehouse Edit -> admin@pds| VADIPATTI
[2025-02-16 16:32:50] User -> Warehouse Edit -> admin@pds| VENKATACHALAPURAM-I
[2025-02-16 16:32:50] User -> Warehouse Edit -> admin@pds| VENKATACHALAPURAM-II
[2025-02-16 16:32:50] User -> Warehouse Edit -> admin@pds| KAPPALUR
[2025-02-16 16:32:50] User -> Warehouse Edit -> admin@pds| Akur
[2025-02-16 16:32:50] User -> Warehouse Edit -> admin@pds| MALLIYAM TK. GODOWN
[2025-02-16 16:32:50] User -> Warehouse Edit -> admin@pds| Sirkali
[2025-02-16 16:32:50] User -> Warehouse Edit -> admin@pds| KEEVALUR
[2025-02-16 16:32:50] User -> Warehouse Edit -> admin@pds| NAGAPATTINAM TNWC
[2025-02-16 16:32:50] User -> Warehouse Edit -> admin@pds| THIRUKUVALAI
[2025-02-16 16:32:50] User -> Warehouse Edit -> admin@pds| VEDARANYAM
[2025-02-16 16:32:50] User -> Warehouse Edit -> admin@pds| TIRUCHENGODE- 2
[2025-02-16 16:32:50] User -> Warehouse Edit -> admin@pds| KUPPAMPALAYAM
[2025-02-16 16:32:50] User -> Warehouse Edit -> admin@pds| PARAMATHY
[2025-02-16 16:32:50] User -> Warehouse Edit -> admin@pds| RASIPURAM
[2025-02-16 16:32:50] User -> Warehouse Edit -> admin@pds| TIRUCHENGODE
[2025-02-16 16:32:50] User -> Warehouse Edit -> admin@pds| COONOOR
[2025-02-16 16:32:50] User -> Warehouse Edit -> admin@pds| GUDALUR
[2025-02-16 16:32:50] User -> Warehouse Edit -> admin@pds| MANJOOR
[2025-02-16 16:32:50] User -> Warehouse Edit -> admin@pds| OOTY
[2025-02-16 16:32:50] User -> Warehouse Edit -> admin@pds| TNCSC GODOWN-KOTHAGIRI
[2025-02-16 16:32:50] User -> Warehouse Edit -> admin@pds| WSP PANDALUR
[2025-02-16 16:32:50] User -> Warehouse Edit -> admin@pds| KUNNAM
[2025-02-16 16:32:50] User -> Warehouse Edit -> admin@pds| PERAMBALUR
[2025-02-16 16:32:50] User -> Warehouse Edit -> admin@pds| VEPANTHATTAI
[2025-02-16 16:32:50] User -> Warehouse Edit -> admin@pds| ALATHUR
[2025-02-16 16:32:50] User -> Warehouse Edit -> admin@pds| ALANGUDI
[2025-02-16 16:32:50] User -> Warehouse Edit -> admin@pds| ARANTHANKI
[2025-02-16 16:32:50] User -> Warehouse Edit -> admin@pds| AVUDAYARKOIL
[2025-02-16 16:32:50] User -> Warehouse Edit -> admin@pds| GANDARVAKOTTAI
[2025-02-16 16:32:50] User -> Warehouse Edit -> admin@pds| ILUPPUR
[2025-02-16 16:32:50] User -> Warehouse Edit -> admin@pds| KULATHUR
[2025-02-16 16:32:50] User -> Warehouse Edit -> admin@pds| MANALMELKUDI
[2025-02-16 16:32:50] User -> Warehouse Edit -> admin@pds| PONNAMARAVATHI
[2025-02-16 16:32:50] User -> Warehouse Edit -> admin@pds| THIRUMAYAM
[2025-02-16 16:32:50] User -> Warehouse Edit -> admin@pds| TNCSC PUDUKKOTTAI
[2025-02-16 16:32:50] User -> Warehouse Edit -> admin@pds| GODOWN PARAMAKUDI
[2025-02-16 16:32:50] User -> Warehouse Edit -> admin@pds| KADALADI
[2025-02-16 16:32:50] User -> Warehouse Edit -> admin@pds| KAMUDHI
[2025-02-16 16:32:50] User -> Warehouse Edit -> admin@pds| KEELAKARAI
[2025-02-16 16:32:50] User -> Warehouse Edit -> admin@pds| MUTHUKULATHUR
[2025-02-16 16:32:50] User -> Warehouse Edit -> admin@pds| RAMANATHAPURAM
[2025-02-16 16:32:50] User -> Warehouse Edit -> admin@pds| RAMESWARAM
[2025-02-16 16:32:50] User -> Warehouse Edit -> admin@pds| TIRUVADANAI
[2025-02-16 16:32:50] User -> Warehouse Edit -> admin@pds| ARAKONAM
[2025-02-16 16:32:50] User -> Warehouse Edit -> admin@pds| ARCOT MELNATHAMPAKKAM
[2025-02-16 16:32:50] User -> Warehouse Edit -> admin@pds| WALLAJA
[2025-02-16 16:32:50] User -> Warehouse Edit -> admin@pds| ATTUR
[2025-02-16 16:32:50] User -> Warehouse Edit -> admin@pds| GANGAVALLI AT ATTUR
[2025-02-16 16:32:50] User -> Warehouse Edit -> admin@pds| METTUR
[2025-02-16 16:32:50] User -> Warehouse Edit -> admin@pds| MEYYANUR
[2025-02-16 16:32:50] User -> Warehouse Edit -> admin@pds| OMALUR
[2025-02-16 16:32:50] User -> Warehouse Edit -> admin@pds| SEELANAICKANPATTI
[2025-02-16 16:32:50] User -> Warehouse Edit -> admin@pds| TNCSC(G) SANKARI
[2025-02-16 16:32:50] User -> Warehouse Edit -> admin@pds| TNCSC(G)EDAPPADI
[2025-02-16 16:32:50] User -> Warehouse Edit -> admin@pds| VALAPADI
[2025-02-16 16:32:50] User -> Warehouse Edit -> admin@pds| DEVAKOTTAI
[2025-02-16 16:32:50] User -> Warehouse Edit -> admin@pds| ILAYANGUDI
[2025-02-16 16:32:50] User -> Warehouse Edit -> admin@pds| KARAIKUDI
[2025-02-16 16:32:50] User -> Warehouse Edit -> admin@pds| MANAMADURAI
[2025-02-16 16:32:50] User -> Warehouse Edit -> admin@pds| SINGAMPUNARI
[2025-02-16 16:32:50] User -> Warehouse Edit -> admin@pds| SIVAGANGAI
[2025-02-16 16:32:50] User -> Warehouse Edit -> admin@pds| THIRUPPUVANAM
[2025-02-16 16:32:50] User -> Warehouse Edit -> admin@pds| TIRUPATHUR
[2025-02-16 16:32:50] User -> Warehouse Edit -> admin@pds| ALANGULAM
[2025-02-16 16:32:50] User -> Warehouse Edit -> admin@pds| SANKARANKOIL
[2025-02-16 16:32:50] User -> Warehouse Edit -> admin@pds| SENKOTTAI
[2025-02-16 16:32:50] User -> Warehouse Edit -> admin@pds| TENKASI
[2025-02-16 16:32:50] User -> Warehouse Edit -> admin@pds| VASUDEVANALLUR
[2025-02-16 16:32:50] User -> Warehouse Edit -> admin@pds| ADUTHURAI
[2025-02-16 16:32:50] User -> Warehouse Edit -> admin@pds| MANAIYERIPATTI
[2025-02-16 16:32:50] User -> Warehouse Edit -> admin@pds| KUMBAKONAM
[2025-02-16 16:32:50] User -> Warehouse Edit -> admin@pds| NTT (G) THANJAVUR
[2025-02-16 16:32:50] User -> Warehouse Edit -> admin@pds| ORATHANADU
[2025-02-16 16:32:50] User -> Warehouse Edit -> admin@pds| PAPANASAM
[2025-02-16 16:32:50] User -> Warehouse Edit -> admin@pds| PATTUKOTTAI(G)
[2025-02-16 16:32:50] User -> Warehouse Edit -> admin@pds| PERAVURANI
[2025-02-16 16:32:50] User -> Warehouse Edit -> admin@pds| THIRUVAIYARU
[2025-02-16 16:32:50] User -> Warehouse Edit -> admin@pds| ANDIPATTI
[2025-02-16 16:32:50] User -> Warehouse Edit -> admin@pds| BODI
[2025-02-16 16:32:50] User -> Warehouse Edit -> admin@pds| PERIYAKULAM-THENI
[2025-02-16 16:32:50] User -> Warehouse Edit -> admin@pds| THENI
[2025-02-16 16:32:50] User -> Warehouse Edit -> admin@pds| UTHAMAPALAYAM
[2025-02-16 16:32:50] User -> Warehouse Edit -> admin@pds| AMBASAMUDRAM
[2025-02-16 16:32:50] User -> Warehouse Edit -> admin@pds| NANGUNERI
[2025-02-16 16:32:50] User -> Warehouse Edit -> admin@pds| PALAYAMKOTTAI GODOWN - MUTHUR
[2025-02-16 16:32:50] User -> Warehouse Edit -> admin@pds| TIRUNELVELI GODOWM -MUTHUR
[2025-02-16 16:32:50] User -> Warehouse Edit -> admin@pds| VALLIYOOR
[2025-02-16 16:32:50] User -> Warehouse Edit -> admin@pds| PALLIPET GDN
[2025-02-16 16:32:50] User -> Warehouse Edit -> admin@pds| PANJCHETTY GUMMIDIPOONDI
[2025-02-16 16:32:50] User -> Warehouse Edit -> admin@pds| SEMBULIVARAM
[2025-02-16 16:32:50] User -> Warehouse Edit -> admin@pds| THIRUMAZHISAI
[2025-02-16 16:32:50] User -> Warehouse Edit -> admin@pds| THIRUTHANI GDN
[2025-02-16 16:32:50] User -> Warehouse Edit -> admin@pds| TNWC THIRUVALLUR
[2025-02-16 16:32:50] User -> Warehouse Edit -> admin@pds| UTHUKOTTAI
[2025-02-16 16:32:50] User -> Warehouse Edit -> admin@pds| ARNI
[2025-02-16 16:32:50] User -> Warehouse Edit -> admin@pds| CHEYYAR
[2025-02-16 16:32:50] User -> Warehouse Edit -> admin@pds| ELATHUR
[2025-02-16 16:32:50] User -> Warehouse Edit -> admin@pds| POLUR
[2025-02-16 16:32:50] User -> Warehouse Edit -> admin@pds| PUDUPALAYAM
[2025-02-16 16:32:50] User -> Warehouse Edit -> admin@pds| THACHAMPADI
[2025-02-16 16:32:50] User -> Warehouse Edit -> admin@pds| THANDARAMPATTU
[2025-02-16 16:32:50] User -> Warehouse Edit -> admin@pds| TIRUVANNAMALAI
[2025-02-16 16:32:50] User -> Warehouse Edit -> admin@pds| VANDAVASI
[2025-02-16 16:32:50] User -> Warehouse Edit -> admin@pds| ACHUDAMANGALAM
[2025-02-16 16:32:50] User -> Warehouse Edit -> admin@pds| KEELAPANDI
[2025-02-16 16:32:50] User -> Warehouse Edit -> admin@pds| KODAVASAL
[2025-02-16 16:32:50] User -> Warehouse Edit -> admin@pds| KOILVENNI
[2025-02-16 16:32:50] User -> Warehouse Edit -> admin@pds| MANNARGUDI
[2025-02-16 16:32:50] User -> Warehouse Edit -> admin@pds| MOOLANGUDI
[2025-02-16 16:32:50] User -> Warehouse Edit -> admin@pds| PERUGAVALZTHAN
[2025-02-16 16:32:50] User -> Warehouse Edit -> admin@pds| TIRUVARUR
[2025-02-16 16:32:50] User -> Warehouse Edit -> admin@pds| VALANGAIMAN
[2025-02-16 16:32:50] User -> Warehouse Edit -> admin@pds| NATRAMPALLI
[2025-02-16 16:32:50] User -> Warehouse Edit -> admin@pds| AMBUR
[2025-02-16 16:32:50] User -> Warehouse Edit -> admin@pds| TIRUPATHUR-KUNICHI
[2025-02-16 16:32:50] User -> Warehouse Edit -> admin@pds| VANIYAMBADI
[2025-02-16 16:32:50] User -> Warehouse Edit -> admin@pds| AVINASHI
[2025-02-16 16:32:50] User -> Warehouse Edit -> admin@pds| DHARAPURAM GODOWN
[2025-02-16 16:32:50] User -> Warehouse Edit -> admin@pds| KANGAYAM GODOWN
[2025-02-16 16:32:50] User -> Warehouse Edit -> admin@pds| MADATHAKULAM
[2025-02-16 16:32:50] User -> Warehouse Edit -> admin@pds| PALLADAM
[2025-02-16 16:32:50] User -> Warehouse Edit -> admin@pds| REDDY PALAYAM GU
[2025-02-16 16:32:50] User -> Warehouse Edit -> admin@pds| ANGERIPALAYAM-2
[2025-02-16 16:32:50] User -> Warehouse Edit -> admin@pds| ANGERIPALAYAM-1
[2025-02-16 16:32:50] User -> Warehouse Edit -> admin@pds| UDUMALPET
[2025-02-16 16:32:50] User -> Warehouse Edit -> admin@pds| ANGERIPALAYAM 2 BUFFER GODOWN NO.5 (TNWC)
[2025-02-16 16:32:50] User -> Warehouse Edit -> admin@pds| ANGERIPALAYAM 1 BUFFER GODOWN NO.6 (TNWC)
[2025-02-16 16:32:50] User -> Warehouse Edit -> admin@pds| IRUNGALUR
[2025-02-16 16:32:50] User -> Warehouse Edit -> admin@pds| MANAPPARAI
[2025-02-16 16:32:50] User -> Warehouse Edit -> admin@pds| MUSIRI
[2025-02-16 16:32:50] User -> Warehouse Edit -> admin@pds| SRIRANGAM GDN
[2025-02-16 16:32:50] User -> Warehouse Edit -> admin@pds| THURAIYUR
[2025-02-16 16:32:50] User -> Warehouse Edit -> admin@pds| TRICHY EAST GODOWN
[2025-02-16 16:32:50] User -> Warehouse Edit -> admin@pds| TRICHY WEST GODOWN
[2025-02-16 16:32:50] User -> Warehouse Edit -> admin@pds| ERAL
[2025-02-16 16:32:50] User -> Warehouse Edit -> admin@pds| ETTAYAPURAM KOILPATTI
[2025-02-16 16:32:50] User -> Warehouse Edit -> admin@pds| KAYATHAR
[2025-02-16 16:32:50] User -> Warehouse Edit -> admin@pds| KURUKUSALAI
[2025-02-16 16:32:50] User -> Warehouse Edit -> admin@pds| MADURAI RD.VILATHIKULAM
[2025-02-16 16:32:50] User -> Warehouse Edit -> admin@pds| SATHANKULAM
[2025-02-16 16:32:50] User -> Warehouse Edit -> admin@pds| SATTUR ROAD - KOILPATTI
[2025-02-16 16:32:50] User -> Warehouse Edit -> admin@pds| SRIVAIKUNTAM
[2025-02-16 16:32:50] User -> Warehouse Edit -> admin@pds| TIRUCHENDUR
[2025-02-16 16:32:50] User -> Warehouse Edit -> admin@pds| Tuticorin PORT
[2025-02-16 16:32:50] User -> Warehouse Edit -> admin@pds| TCMS(S)GUDIYATHAM
[2025-02-16 16:32:50] User -> Warehouse Edit -> admin@pds| THIRUVALAM
[2025-02-16 16:32:50] User -> Warehouse Edit -> admin@pds| VELLORE
[2025-02-16 16:32:50] User -> Warehouse Edit -> admin@pds| GINGEE
[2025-02-16 16:32:50] User -> Warehouse Edit -> admin@pds| KANDACHIPURAM
[2025-02-16 16:32:50] User -> Warehouse Edit -> admin@pds| O/G V.SALAI
[2025-02-16 16:32:50] User -> Warehouse Edit -> admin@pds| TINDIVANAM
[2025-02-16 16:32:50] User -> Warehouse Edit -> admin@pds| VANUR
[2025-02-16 16:32:50] User -> Warehouse Edit -> admin@pds| VILUPPURAM
[2025-02-16 16:32:50] User -> Warehouse Edit -> admin@pds| ARUPPUKOTTAI
[2025-02-16 16:32:50] User -> Warehouse Edit -> admin@pds| KARIAPATTI
[2025-02-16 16:32:50] User -> Warehouse Edit -> admin@pds| RAJAPALAYAM
[2025-02-16 16:32:50] User -> Warehouse Edit -> admin@pds| SATTUR (G)
[2025-02-16 16:32:50] User -> Warehouse Edit -> admin@pds| SIVAKASI GODOWN
[2025-02-16 16:32:50] User -> Warehouse Edit -> admin@pds| SRIVILLIPUTTUR I-II
[2025-02-16 16:32:50] User -> Warehouse Edit -> admin@pds| THIRUCHULI
[2025-02-16 16:32:50] User -> Warehouse Edit -> admin@pds| VIRDUNAGAR(G)
[2025-02-16 16:32:50] User -> Warehouse Edit -> admin@pds| FSD Egmore
[2025-02-16 16:32:50] User -> Warehouse Edit -> admin@pds| FSD Avadi
[2025-02-16 16:32:50] User -> Warehouse Edit -> admin@pds| SILO Elavur
[2025-02-16 16:32:50] User -> Warehouse Edit -> admin@pds| FSD, Sevur
[2025-02-16 16:32:50] User -> Warehouse Edit -> admin@pds| FSD, Arakkonam
[2025-02-16 16:32:50] User -> Warehouse Edit -> admin@pds| PEG,Madhuranthagam
[2025-02-16 16:32:50] User -> Warehouse Edit -> admin@pds| PEG,Thiruvanammalai
[2025-02-16 16:32:50] User -> Warehouse Edit -> admin@pds| CWC Madurai-II
[2025-02-16 16:32:50] User -> Warehouse Edit -> admin@pds| FSD Ramnad
[2025-02-16 16:32:50] User -> Warehouse Edit -> admin@pds| TNWC Ramnad PEG
[2025-02-16 16:32:50] User -> Warehouse Edit -> admin@pds| TNWC Karikudi PEG
[2025-02-16 16:32:50] User -> Warehouse Edit -> admin@pds| CWC Virudhunagar
[2025-02-16 16:32:50] User -> Warehouse Edit -> admin@pds| FSD MG Complex 
[2025-02-16 16:32:50] User -> Warehouse Edit -> admin@pds| TNWC Tirunelveli 
[2025-02-16 16:32:50] User -> Warehouse Edit -> admin@pds| TNWC PEG Muthur 
[2025-02-16 16:32:50] User -> Warehouse Edit -> admin@pds| CWC Nagercoil  
[2025-02-16 16:32:50] User -> Warehouse Edit -> admin@pds| TNWC DINDIGUL 
[2025-02-16 16:32:50] User -> Warehouse Edit -> admin@pds| CWC Moolapalayam
[2025-02-16 16:32:50] User -> Warehouse Edit -> admin@pds| CWC Hosur
[2025-02-16 16:32:50] User -> Warehouse Edit -> admin@pds| TNWC Tiruppur 
[2025-02-16 16:32:50] User -> Warehouse Edit -> admin@pds| TNWC Namakkal
[2025-02-16 16:32:50] User -> Warehouse Edit -> admin@pds| PEG Dharmapuri
[2025-02-16 16:32:51] User -> Warehouse Edit -> admin@pds| SILO Madukkarai
[2025-02-16 16:32:51] User -> Warehouse Edit -> admin@pds| FSD Peelamedu
[2025-02-16 16:32:51] User -> Warehouse Edit -> admin@pds| FSD Salem
[2025-02-16 16:32:51] User -> Warehouse Edit -> admin@pds| FSD COIMBATORE
[2025-02-16 16:32:51] User -> Warehouse Edit -> admin@pds| CWC Thanjavur
[2025-02-16 16:32:51] User -> Warehouse Edit -> admin@pds| FSD Sembanarkoil
[2025-02-16 16:32:51] User -> Warehouse Edit -> admin@pds| TNWC Pudukottai
[2025-02-16 16:32:51] User -> Warehouse Edit -> admin@pds| CWC Trichy
[2025-02-16 16:32:51] User -> Warehouse Edit -> admin@pds| TNWC Trichy
[2025-02-16 16:32:51] User -> Warehouse Edit -> admin@pds| TNWC Chinnasalem
[2025-02-16 16:32:51] User -> Warehouse Edit -> admin@pds| TNWC Villupuram
[2025-02-16 16:32:51] User -> Warehouse Edit -> admin@pds| PEG Villupuram
[2025-02-16 16:32:51] User -> Warehouse Edit -> admin@pds| FSD Chidambaram
[2025-02-16 16:32:51] User -> Warehouse Edit -> admin@pds| CWC Chidambaram
[2025-02-16 16:32:51] User -> Warehouse Edit -> admin@pds| CWC Cuddalore
[2025-02-16 16:32:51] User -> Warehouse Edit -> admin@pds| FSD Pondicherry
[2025-02-16 16:32:51] User -> Warehouse Edit -> admin@pds| FSD Karaikal
[2025-02-16 16:32:51] User -> Warehouse Edit -> admin@pds| FSD Thiruvandarkoil
[2025-02-16 16:33:03] User -> Warehouse InActive -> admin@pds| Ariyalur
[2025-02-16 16:33:15] User -> Warehouse Active -> admin@pds| Ariyalur
[2025-02-16 16:57:39] User -> Normal FPS InActive -> admin@pds| ABGDJ
[2025-02-16 16:57:45] User -> Normal FPS Active -> admin@pds| ABGDJ
[2025-02-16 17:01:53] User -> FPS Data Edit->admin@pds| Requested JSON -> {"name":"ABGDJ","uniqueid":"FPS_665c241abf6","active":"1","type":"Model FPS","latitude":"11.35578","longitude":"79.32546333","district":"Ariyalur","id":"15EP091PN","demand":"4.6","demand_rice":"146.76","demand_frice":0}
[2025-02-16 17:06:27] User ->Model FPS InActive -> admin@pds| Abgdj
[2025-02-16 17:06:30] User ->Model FPS Active -> admin@pds| Abgdj
[2025-02-16 17:08:06] User -> District added ->admin@pds| Requested JSON -> {"name":"test"}
[2025-02-16 17:11:45] User -> User Add ->admin@pds| Requested JSON -> {"newusername":"Test@pds","district":"Vellore","newpassword":"Test"} | Test@pds
[2025-02-16 17:13:25] User -> Block User ->admin@pds| Requested JSON -> {"uid":"67b1cef8e7827"} | Test@pds
[2025-02-16 17:14:20] User -> Block User ->admin@pds| Requested JSON -> {"uid":"67b1cef8e7827"} | Test@pds
[2025-02-16 17:14:57] User -> Verify User ->admin@pds| Requested JSON -> {"uid":"67b1cef8e7827"} | Test@pds
[2025-02-16 17:18:38] User -> Delete User ->admin@pds| Requested JSON -> {"uid":"67b1cef8e7827"} | Test@pds
[2025-02-16 17:19:12] User -> Send  Message ->admin@pds| Requested JSON -> {"message":"hiiii","uniqueid":"all"} | Virudhunagar@pds
[2025-02-16 17:19:33] User -> Send  Message ->admin@pds| Requested JSON -> {"message":"hello","uniqueid":"all"} | Virudhunagar@pds
[2025-02-16 17:22:21] User -> Send  Message ->admin@pds| Requested JSON -> {"message":"heeeyyyyy","uniqueid":"67ad8cf2e96bb"} | Ariyalur@pds
[2025-02-16 17:22:40] User -> Send  Message ->admin@pds| Requested JSON -> {"message":"hello \r\n","uniqueid":"67ad8d0a5a5e3"} | Chengalpet@pds
[2025-02-16 19:07:40] User -> Warehouse Added -> admin@pds| Ariyalur Og
[2025-02-16 19:07:40] User -> Warehouse Added -> admin@pds| JEYANKONDAM OG
[2025-02-16 19:07:40] User -> Warehouse Added -> admin@pds| SENTHURAI OG
[2025-02-16 19:07:40] User -> Warehouse Added -> admin@pds| CHENGALPATU
[2025-02-16 19:07:40] User -> Warehouse Added -> admin@pds| MADURANTAKAM
[2025-02-16 19:07:40] User -> Warehouse Added -> admin@pds| THIRUKALUKUNDRAM
[2025-02-16 19:07:40] User -> Warehouse Added -> admin@pds| VALLAM GODOWN
[2025-02-16 19:07:40] User -> Warehouse Added -> admin@pds| VILVARAYANALLUR
[2025-02-16 19:07:40] User -> Warehouse Added -> admin@pds| ANNA NAGAR -I
[2025-02-16 19:07:40] User -> Warehouse Added -> admin@pds| ANNA NAGAR -II
[2025-02-16 19:07:40] User -> Warehouse Added -> admin@pds| MADHAVARAM -2
[2025-02-16 19:07:40] User -> Warehouse Added -> admin@pds| MADHAVARAM-1
[2025-02-16 19:07:40] User -> Warehouse Added -> admin@pds| MINT
[2025-02-16 19:07:41] User -> Warehouse Added -> admin@pds| RED HILLS
[2025-02-16 19:07:41] User -> Warehouse Added -> admin@pds| TOLGATE BG
[2025-02-16 19:07:41] User -> Warehouse Added -> admin@pds| MADHAVARAM-3
[2025-02-16 19:07:41] User -> Warehouse Added -> admin@pds| GOPALAPURAM
[2025-02-16 19:07:41] User -> Warehouse Added -> admin@pds| NANDANAM
[2025-02-16 19:07:41] User -> Warehouse Added -> admin@pds| THIRUVANMIYUR
[2025-02-16 19:07:41] User -> Warehouse Added -> admin@pds| VIRUGAMBAKKAM
[2025-02-16 19:07:41] User -> Warehouse Added -> admin@pds| Arasampalayam
[2025-02-16 19:07:41] User -> Warehouse Added -> admin@pds| CARE GODOWN GOUNDAPALAYAM
[2025-02-16 19:07:41] User -> Warehouse Added -> admin@pds| MATHAMPATTI
[2025-02-16 19:07:41] User -> Warehouse Added -> admin@pds| PATHUVAMPALLI
[2025-02-16 19:07:41] User -> Warehouse Added -> admin@pds| POLLACHI -I
[2025-02-16 19:07:41] User -> Warehouse Added -> admin@pds| POOSARAI PALAYAM UNIT I
[2025-02-16 19:07:41] User -> Warehouse Added -> admin@pds| SULUR
[2025-02-16 19:07:41] User -> Warehouse Added -> admin@pds| TNWC METTUPALAYAM
[2025-02-16 19:07:41] User -> Warehouse Added -> admin@pds| VALPARAI GODOWN
[2025-02-16 19:07:41] User -> Warehouse Added -> admin@pds| CUDDLORE GODOWN
[2025-02-16 19:07:41] User -> Warehouse Added -> admin@pds| KURINJIPADI OG
[2025-02-16 19:07:42] User -> Warehouse Added -> admin@pds| O/G MANALUR
[2025-02-16 19:07:42] User -> Warehouse Added -> admin@pds| OG KATTUMANNARKOIL
[2025-02-16 19:07:42] User -> Warehouse Added -> admin@pds| OG PANURUTI
[2025-02-16 19:07:42] User -> Warehouse Added -> admin@pds| OG TITTAGUDI
[2025-02-16 19:07:42] User -> Warehouse Added -> admin@pds| OG VIRUDACHALAM
[2025-02-16 19:07:42] User -> Warehouse Added -> admin@pds| DHARMAPURI
[2025-02-16 19:07:42] User -> Warehouse Added -> admin@pds| HARUR
[2025-02-16 19:07:42] User -> Warehouse Added -> admin@pds| KADATHUR
[2025-02-16 19:07:42] User -> Warehouse Added -> admin@pds| PALACODE
[2025-02-16 19:07:42] User -> Warehouse Added -> admin@pds| PENNAGARAM
[2025-02-16 19:07:42] User -> Warehouse Added -> admin@pds| TNWC BHARATHIPURAM(BG)
[2025-02-16 19:07:42] User -> Warehouse Added -> admin@pds| BATHLAGUNDU
[2025-02-16 19:07:42] User -> Warehouse Added -> admin@pds| DINDIGUL
[2025-02-16 19:07:42] User -> Warehouse Added -> admin@pds| KODAIKANAL
[2025-02-16 19:07:42] User -> Warehouse Added -> admin@pds| NATHAM
[2025-02-16 19:07:42] User -> Warehouse Added -> admin@pds| ODDANCHATRAM
[2025-02-16 19:07:42] User -> Warehouse Added -> admin@pds| PALANI
[2025-02-16 19:07:43] User -> Warehouse Added -> admin@pds| SIVA ITI
[2025-02-16 19:07:43] User -> Warehouse Added -> admin@pds| VEDASANDUR
[2025-02-16 19:07:43] User -> Warehouse Added -> admin@pds| ATHOOR
[2025-02-16 19:07:43] User -> Warehouse Added -> admin@pds| BAVANI TAK II
[2025-02-16 19:07:43] User -> Warehouse Added -> admin@pds| BHAVANI TAK I
[2025-02-16 19:07:43] User -> Warehouse Added -> admin@pds| ERODE CARE-I
[2025-02-16 19:07:43] User -> Warehouse Added -> admin@pds| GANGAPURAM BG
[2025-02-16 19:07:43] User -> Warehouse Added -> admin@pds| GOBI
[2025-02-16 19:07:43] User -> Warehouse Added -> admin@pds| PERUNDURAI KM-I
[2025-02-16 19:07:43] User -> Warehouse Added -> admin@pds| SATHY
[2025-02-16 19:07:43] User -> Warehouse Added -> admin@pds| KALLAKURUCHI
[2025-02-16 19:07:43] User -> Warehouse Added -> admin@pds| OG CHINNASALEM
[2025-02-16 19:07:43] User -> Warehouse Added -> admin@pds| SANKARAPURAM
[2025-02-16 19:07:43] User -> Warehouse Added -> admin@pds| TIRUKOILUR
[2025-02-16 19:07:43] User -> Warehouse Added -> admin@pds| ULUDURPET
[2025-02-16 19:07:43] User -> Warehouse Added -> admin@pds| KANCHEEPURAM
[2025-02-16 19:07:43] User -> Warehouse Added -> admin@pds| SRIPERUMBUDUR
[2025-02-16 19:07:43] User -> Warehouse Added -> admin@pds| VEDAPALAYAM
[2025-02-16 19:07:43] User -> Warehouse Added -> admin@pds| ARALVOIMOZHI
[2025-02-16 19:07:44] User -> Warehouse Added -> admin@pds| KAPPUKADU I
[2025-02-16 19:07:44] User -> Warehouse Added -> admin@pds| KAPPUKADU II
[2025-02-16 19:07:44] User -> Warehouse Added -> admin@pds| KONAM I
[2025-02-16 19:07:44] User -> Warehouse Added -> admin@pds| KONAM II
[2025-02-16 19:07:44] User -> Warehouse Added -> admin@pds| UDAARVILAI
[2025-02-16 19:07:44] User -> Warehouse Added -> admin@pds| ARAVAKURUCHI
[2025-02-16 19:07:44] User -> Warehouse Added -> admin@pds| KADAVUR BG
[2025-02-16 19:07:44] User -> Warehouse Added -> admin@pds| KARUR-TNWC
[2025-02-16 19:07:44] User -> Warehouse Added -> admin@pds| KRISHNARAYAPURAM GODOWN
[2025-02-16 19:07:44] User -> Warehouse Added -> admin@pds| KULITHALAI
[2025-02-16 19:07:44] User -> Warehouse Added -> admin@pds| MANMANGALAM
[2025-02-16 19:07:44] User -> Warehouse Added -> admin@pds| HOSUR
[2025-02-16 19:07:44] User -> Warehouse Added -> admin@pds| KRISHNAGIRI
[2025-02-16 19:07:44] User -> Warehouse Added -> admin@pds| POCHAMPALLI
[2025-02-16 19:07:44] User -> Warehouse Added -> admin@pds| TENKANIKOTTAI
[2025-02-16 19:07:44] User -> Warehouse Added -> admin@pds| UTHANGARAI
[2025-02-16 19:07:44] User -> Warehouse Added -> admin@pds| KDL PDS
[2025-02-16 19:07:44] User -> Warehouse Added -> admin@pds| MELUR
[2025-02-16 19:07:44] User -> Warehouse Added -> admin@pds| PERIYUR
[2025-02-16 19:07:44] User -> Warehouse Added -> admin@pds| THIRUMANGALAM
[2025-02-16 19:07:44] User -> Warehouse Added -> admin@pds| THOPPUR
[2025-02-16 19:07:44] User -> Warehouse Added -> admin@pds| USILAMPATTI
[2025-02-16 19:07:44] User -> Warehouse Added -> admin@pds| VADIPATTI
[2025-02-16 19:07:44] User -> Warehouse Added -> admin@pds| VENKATACHALAPURAM-I
[2025-02-16 19:07:45] User -> Warehouse Added -> admin@pds| VENKATACHALAPURAM-II
[2025-02-16 19:07:45] User -> Warehouse Added -> admin@pds| KAPPALUR
[2025-02-16 19:07:45] User -> Warehouse Added -> admin@pds| Akur
[2025-02-16 19:07:45] User -> Warehouse Added -> admin@pds| MALLIYAM TK. GODOWN
[2025-02-16 19:07:45] User -> Warehouse Added -> admin@pds| Sirkali
[2025-02-16 19:07:45] User -> Warehouse Added -> admin@pds| KEEVALUR
[2025-02-16 19:07:45] User -> Warehouse Added -> admin@pds| NAGAPATTINAM TNWC
[2025-02-16 19:07:45] User -> Warehouse Added -> admin@pds| THIRUKUVALAI
[2025-02-16 19:07:45] User -> Warehouse Added -> admin@pds| VEDARANYAM
[2025-02-16 19:07:45] User -> Warehouse Added -> admin@pds| TIRUCHENGODE- 2
[2025-02-16 19:07:45] User -> Warehouse Added -> admin@pds| KUPPAMPALAYAM
[2025-02-16 19:07:45] User -> Warehouse Added -> admin@pds| PARAMATHY
[2025-02-16 19:07:45] User -> Warehouse Added -> admin@pds| RASIPURAM
[2025-02-16 19:07:45] User -> Warehouse Added -> admin@pds| TIRUCHENGODE
[2025-02-16 19:07:45] User -> Warehouse Added -> admin@pds| COONOOR
[2025-02-16 19:07:45] User -> Warehouse Added -> admin@pds| GUDALUR
[2025-02-16 19:07:45] User -> Warehouse Added -> admin@pds| MANJOOR
[2025-02-16 19:07:45] User -> Warehouse Added -> admin@pds| OOTY
[2025-02-16 19:07:45] User -> Warehouse Added -> admin@pds| TNCSC GODOWN-KOTHAGIRI
[2025-02-16 19:07:45] User -> Warehouse Added -> admin@pds| WSP PANDALUR
[2025-02-16 19:07:46] User -> Warehouse Added -> admin@pds| KUNNAM
[2025-02-16 19:07:46] User -> Warehouse Added -> admin@pds| PERAMBALUR
[2025-02-16 19:07:46] User -> Warehouse Added -> admin@pds| VEPANTHATTAI
[2025-02-16 19:07:46] User -> Warehouse Added -> admin@pds| ALATHUR
[2025-02-16 19:07:46] User -> Warehouse Added -> admin@pds| ALANGUDI
[2025-02-16 19:07:46] User -> Warehouse Added -> admin@pds| ARANTHANKI
[2025-02-16 19:07:46] User -> Warehouse Added -> admin@pds| AVUDAYARKOIL
[2025-02-16 19:07:46] User -> Warehouse Added -> admin@pds| GANDARVAKOTTAI
[2025-02-16 19:07:46] User -> Warehouse Added -> admin@pds| ILUPPUR
[2025-02-16 19:07:46] User -> Warehouse Added -> admin@pds| KULATHUR
[2025-02-16 19:07:46] User -> Warehouse Added -> admin@pds| MANALMELKUDI
[2025-02-16 19:07:46] User -> Warehouse Added -> admin@pds| PONNAMARAVATHI
[2025-02-16 19:07:46] User -> Warehouse Added -> admin@pds| THIRUMAYAM
[2025-02-16 19:07:46] User -> Warehouse Added -> admin@pds| TNCSC PUDUKKOTTAI
[2025-02-16 19:07:46] User -> Warehouse Added -> admin@pds| GODOWN PARAMAKUDI
[2025-02-16 19:07:46] User -> Warehouse Added -> admin@pds| KADALADI
[2025-02-16 19:07:46] User -> Warehouse Added -> admin@pds| KAMUDHI
[2025-02-16 19:07:46] User -> Warehouse Added -> admin@pds| KEELAKARAI
[2025-02-16 19:07:46] User -> Warehouse Added -> admin@pds| MUTHUKULATHUR
[2025-02-16 19:07:46] User -> Warehouse Added -> admin@pds| RAMANATHAPURAM
[2025-02-16 19:07:46] User -> Warehouse Added -> admin@pds| RAMESWARAM
[2025-02-16 19:07:46] User -> Warehouse Added -> admin@pds| TIRUVADANAI
[2025-02-16 19:07:47] User -> Warehouse Added -> admin@pds| ARAKONAM
[2025-02-16 19:07:47] User -> Warehouse Added -> admin@pds| ARCOT MELNATHAMPAKKAM
[2025-02-16 19:07:47] User -> Warehouse Added -> admin@pds| WALLAJA
[2025-02-16 19:07:47] User -> Warehouse Added -> admin@pds| ATTUR
[2025-02-16 19:07:47] User -> Warehouse Added -> admin@pds| GANGAVALLI AT ATTUR
[2025-02-16 19:07:47] User -> Warehouse Added -> admin@pds| METTUR
[2025-02-16 19:07:47] User -> Warehouse Added -> admin@pds| MEYYANUR
[2025-02-16 19:07:47] User -> Warehouse Added -> admin@pds| OMALUR
[2025-02-16 19:07:47] User -> Warehouse Added -> admin@pds| SEELANAICKANPATTI
[2025-02-16 19:07:47] User -> Warehouse Added -> admin@pds| TNCSC(G) SANKARI
[2025-02-16 19:07:47] User -> Warehouse Added -> admin@pds| TNCSC(G)EDAPPADI
[2025-02-16 19:07:47] User -> Warehouse Added -> admin@pds| VALAPADI
[2025-02-16 19:07:47] User -> Warehouse Added -> admin@pds| DEVAKOTTAI
[2025-02-16 19:07:47] User -> Warehouse Added -> admin@pds| ILAYANGUDI
[2025-02-16 19:07:47] User -> Warehouse Added -> admin@pds| KARAIKUDI
[2025-02-16 19:07:47] User -> Warehouse Added -> admin@pds| MANAMADURAI
[2025-02-16 19:07:47] User -> Warehouse Added -> admin@pds| SINGAMPUNARI
[2025-02-16 19:07:47] User -> Warehouse Added -> admin@pds| SIVAGANGAI
[2025-02-16 19:07:47] User -> Warehouse Added -> admin@pds| THIRUPPUVANAM
[2025-02-16 19:07:47] User -> Warehouse Added -> admin@pds| TIRUPATHUR
[2025-02-16 19:07:47] User -> Warehouse Added -> admin@pds| ALANGULAM
[2025-02-16 19:07:48] User -> Warehouse Added -> admin@pds| SANKARANKOIL
[2025-02-16 19:07:48] User -> Warehouse Added -> admin@pds| SENKOTTAI
[2025-02-16 19:07:48] User -> Warehouse Added -> admin@pds| TENKASI
[2025-02-16 19:07:48] User -> Warehouse Added -> admin@pds| VASUDEVANALLUR
[2025-02-16 19:07:48] User -> Warehouse Added -> admin@pds| ADUTHURAI
[2025-02-16 19:07:48] User -> Warehouse Added -> admin@pds| MANAIYERIPATTI
[2025-02-16 19:07:48] User -> Warehouse Added -> admin@pds| KUMBAKONAM
[2025-02-16 19:07:48] User -> Warehouse Added -> admin@pds| NTT (G) THANJAVUR
[2025-02-16 19:07:48] User -> Warehouse Added -> admin@pds| ORATHANADU
[2025-02-16 19:07:48] User -> Warehouse Added -> admin@pds| PAPANASAM
[2025-02-16 19:07:48] User -> Warehouse Added -> admin@pds| PATTUKOTTAI(G)
[2025-02-16 19:07:48] User -> Warehouse Added -> admin@pds| PERAVURANI
[2025-02-16 19:07:48] User -> Warehouse Added -> admin@pds| THIRUVAIYARU
[2025-02-16 19:07:48] User -> Warehouse Added -> admin@pds| ANDIPATTI
[2025-02-16 19:07:48] User -> Warehouse Added -> admin@pds| BODI
[2025-02-16 19:07:48] User -> Warehouse Added -> admin@pds| PERIYAKULAM-THENI
[2025-02-16 19:07:48] User -> Warehouse Added -> admin@pds| THENI
[2025-02-16 19:07:48] User -> Warehouse Added -> admin@pds| UTHAMAPALAYAM
[2025-02-16 19:07:48] User -> Warehouse Added -> admin@pds| AMBASAMUDRAM
[2025-02-16 19:07:48] User -> Warehouse Added -> admin@pds| NANGUNERI
[2025-02-16 19:07:48] User -> Warehouse Added -> admin@pds| PALAYAMKOTTAI GODOWN - MUTHUR
[2025-02-16 19:07:49] User -> Warehouse Added -> admin@pds| TIRUNELVELI GODOWM -MUTHUR
[2025-02-16 19:07:49] User -> Warehouse Added -> admin@pds| VALLIYOOR
[2025-02-16 19:07:49] User -> Warehouse Added -> admin@pds| PALLIPET GDN
[2025-02-16 19:07:49] User -> Warehouse Added -> admin@pds| PANJCHETTY GUMMIDIPOONDI
[2025-02-16 19:07:49] User -> Warehouse Added -> admin@pds| SEMBULIVARAM
[2025-02-16 19:07:49] User -> Warehouse Added -> admin@pds| THIRUMAZHISAI
[2025-02-16 19:07:49] User -> Warehouse Added -> admin@pds| THIRUTHANI GDN
[2025-02-16 19:07:49] User -> Warehouse Added -> admin@pds| TNWC THIRUVALLUR
[2025-02-16 19:07:49] User -> Warehouse Added -> admin@pds| UTHUKOTTAI
[2025-02-16 19:07:49] User -> Warehouse Added -> admin@pds| ARNI
[2025-02-16 19:07:49] User -> Warehouse Added -> admin@pds| CHEYYAR
[2025-02-16 19:07:49] User -> Warehouse Added -> admin@pds| ELATHUR
[2025-02-16 19:07:49] User -> Warehouse Added -> admin@pds| POLUR
[2025-02-16 19:07:49] User -> Warehouse Added -> admin@pds| PUDUPALAYAM
[2025-02-16 19:07:49] User -> Warehouse Added -> admin@pds| THACHAMPADI
[2025-02-16 19:07:49] User -> Warehouse Added -> admin@pds| THANDARAMPATTU
[2025-02-16 19:07:49] User -> Warehouse Added -> admin@pds| TIRUVANNAMALAI
[2025-02-16 19:07:49] User -> Warehouse Added -> admin@pds| VANDAVASI
[2025-02-16 19:07:50] User -> Warehouse Added -> admin@pds| ACHUDAMANGALAM
[2025-02-16 19:07:50] User -> Warehouse Added -> admin@pds| KEELAPANDI
[2025-02-16 19:07:50] User -> Warehouse Added -> admin@pds| KODAVASAL
[2025-02-16 19:07:50] User -> Warehouse Added -> admin@pds| KOILVENNI
[2025-02-16 19:07:50] User -> Warehouse Added -> admin@pds| MANNARGUDI
[2025-02-16 19:07:50] User -> Warehouse Added -> admin@pds| MOOLANGUDI
[2025-02-16 19:07:50] User -> Warehouse Added -> admin@pds| PERUGAVALZTHAN
[2025-02-16 19:07:50] User -> Warehouse Added -> admin@pds| TIRUVARUR
[2025-02-16 19:07:50] User -> Warehouse Added -> admin@pds| VALANGAIMAN
[2025-02-16 19:07:50] User -> Warehouse Added -> admin@pds| NATRAMPALLI
[2025-02-16 19:07:50] User -> Warehouse Added -> admin@pds| AMBUR
[2025-02-16 19:07:51] User -> Warehouse Added -> admin@pds| TIRUPATHUR-KUNICHI
[2025-02-16 19:07:51] User -> Warehouse Added -> admin@pds| VANIYAMBADI
[2025-02-16 19:07:51] User -> Warehouse Added -> admin@pds| AVINASHI
[2025-02-16 19:07:51] User -> Warehouse Added -> admin@pds| DHARAPURAM GODOWN
[2025-02-16 19:07:51] User -> Warehouse Added -> admin@pds| KANGAYAM GODOWN
[2025-02-16 19:07:51] User -> Warehouse Added -> admin@pds| MADATHAKULAM
[2025-02-16 19:07:51] User -> Warehouse Added -> admin@pds| PALLADAM
[2025-02-16 19:07:51] User -> Warehouse Added -> admin@pds| REDDY PALAYAM GU
[2025-02-16 19:07:51] User -> Warehouse Added -> admin@pds| ANGERIPALAYAM-2
[2025-02-16 19:07:51] User -> Warehouse Added -> admin@pds| ANGERIPALAYAM-1
[2025-02-16 19:07:51] User -> Warehouse Added -> admin@pds| UDUMALPET
[2025-02-16 19:07:51] User -> Warehouse Added -> admin@pds| ANGERIPALAYAM 2 BUFFER GODOWN NO.5 (TNWC)
[2025-02-16 19:07:52] User -> Warehouse Added -> admin@pds| ANGERIPALAYAM 1 BUFFER GODOWN NO.6 (TNWC)
[2025-02-16 19:07:52] User -> Warehouse Added -> admin@pds| IRUNGALUR
[2025-02-16 19:07:52] User -> Warehouse Added -> admin@pds| MANAPPARAI
[2025-02-16 19:07:52] User -> Warehouse Added -> admin@pds| MUSIRI
[2025-02-16 19:07:52] User -> Warehouse Added -> admin@pds| SRIRANGAM GDN
[2025-02-16 19:07:52] User -> Warehouse Added -> admin@pds| THURAIYUR
[2025-02-16 19:07:52] User -> Warehouse Added -> admin@pds| TRICHY EAST GODOWN
[2025-02-16 19:07:52] User -> Warehouse Added -> admin@pds| TRICHY WEST GODOWN
[2025-02-16 19:07:52] User -> Warehouse Added -> admin@pds| ERAL
[2025-02-16 19:07:52] User -> Warehouse Added -> admin@pds| ETTAYAPURAM KOILPATTI
[2025-02-16 19:07:52] User -> Warehouse Added -> admin@pds| KAYATHAR
[2025-02-16 19:07:52] User -> Warehouse Added -> admin@pds| KURUKUSALAI
[2025-02-16 19:07:52] User -> Warehouse Added -> admin@pds| MADURAI RD.VILATHIKULAM
[2025-02-16 19:07:52] User -> Warehouse Added -> admin@pds| SATHANKULAM
[2025-02-16 19:07:52] User -> Warehouse Added -> admin@pds| SATTUR ROAD - KOILPATTI
[2025-02-16 19:07:52] User -> Warehouse Added -> admin@pds| SRIVAIKUNTAM
[2025-02-16 19:07:52] User -> Warehouse Added -> admin@pds| TIRUCHENDUR
[2025-02-16 19:07:52] User -> Warehouse Added -> admin@pds| Tuticorin PORT
[2025-02-16 19:07:52] User -> Warehouse Added -> admin@pds| TCMS(S)GUDIYATHAM
[2025-02-16 19:07:52] User -> Warehouse Added -> admin@pds| THIRUVALAM
[2025-02-16 19:07:52] User -> Warehouse Added -> admin@pds| VELLORE
[2025-02-16 19:07:52] User -> Warehouse Added -> admin@pds| GINGEE
[2025-02-16 19:07:52] User -> Warehouse Added -> admin@pds| KANDACHIPURAM
[2025-02-16 19:07:53] User -> Warehouse Added -> admin@pds| O/G V.SALAI
[2025-02-16 19:07:53] User -> Warehouse Added -> admin@pds| TINDIVANAM
[2025-02-16 19:07:53] User -> Warehouse Added -> admin@pds| VANUR
[2025-02-16 19:07:53] User -> Warehouse Added -> admin@pds| VILUPPURAM
[2025-02-16 19:07:53] User -> Warehouse Added -> admin@pds| ARUPPUKOTTAI
[2025-02-16 19:07:53] User -> Warehouse Added -> admin@pds| KARIAPATTI
[2025-02-16 19:07:53] User -> Warehouse Added -> admin@pds| RAJAPALAYAM
[2025-02-16 19:07:53] User -> Warehouse Added -> admin@pds| SATTUR (G)
[2025-02-16 19:07:53] User -> Warehouse Added -> admin@pds| SIVAKASI GODOWN
[2025-02-16 19:07:53] User -> Warehouse Added -> admin@pds| SRIVILLIPUTTUR I-II
[2025-02-16 19:07:53] User -> Warehouse Added -> admin@pds| THIRUCHULI
[2025-02-16 19:07:53] User -> Warehouse Added -> admin@pds| VIRDUNAGAR(G)
[2025-02-16 19:07:53] User -> Warehouse Added -> admin@pds| FSD Egmore
[2025-02-16 19:07:53] User -> Warehouse Added -> admin@pds| FSD Avadi
[2025-02-16 19:07:53] User -> Warehouse Added -> admin@pds| SILO Elavur
[2025-02-16 19:07:53] User -> Warehouse Added -> admin@pds| FSD, Sevur
[2025-02-16 19:07:53] User -> Warehouse Added -> admin@pds| FSD, Arakkonam
[2025-02-16 19:07:53] User -> Warehouse Added -> admin@pds| PEG,Madhuranthagam
[2025-02-16 19:07:54] User -> Warehouse Added -> admin@pds| PEG,Thiruvanammalai
[2025-02-16 19:07:54] User -> Warehouse Added -> admin@pds| CWC Madurai-II
[2025-02-16 19:07:54] User -> Warehouse Added -> admin@pds| FSD Ramnad
[2025-02-16 19:07:54] User -> Warehouse Added -> admin@pds| TNWC Ramnad PEG
[2025-02-16 19:07:54] User -> Warehouse Added -> admin@pds| TNWC Karikudi PEG
[2025-02-16 19:07:54] User -> Warehouse Added -> admin@pds| CWC Virudhunagar
[2025-02-16 19:07:54] User -> Warehouse Added -> admin@pds| FSD MG Complex 
[2025-02-16 19:07:54] User -> Warehouse Added -> admin@pds| TNWC Tirunelveli 
[2025-02-16 19:07:54] User -> Warehouse Added -> admin@pds| TNWC PEG Muthur 
[2025-02-16 19:07:54] User -> Warehouse Added -> admin@pds| CWC Nagercoil  
[2025-02-16 19:07:54] User -> Warehouse Added -> admin@pds| TNWC DINDIGUL 
[2025-02-16 19:07:54] User -> Warehouse Added -> admin@pds| CWC Moolapalayam
[2025-02-16 19:07:54] User -> Warehouse Added -> admin@pds| CWC Hosur
[2025-02-16 19:07:54] User -> Warehouse Added -> admin@pds| TNWC Tiruppur 
[2025-02-16 19:07:54] User -> Warehouse Added -> admin@pds| TNWC Namakkal
[2025-02-16 19:07:54] User -> Warehouse Added -> admin@pds| PEG Dharmapuri
[2025-02-16 19:07:54] User -> Warehouse Added -> admin@pds| SILO Madukkarai
[2025-02-16 19:07:54] User -> Warehouse Added -> admin@pds| FSD Peelamedu
[2025-02-16 19:07:54] User -> Warehouse Added -> admin@pds| FSD Salem
[2025-02-16 19:07:55] User -> Warehouse Added -> admin@pds| FSD COIMBATORE
[2025-02-16 19:07:55] User -> Warehouse Added -> admin@pds| CWC Thanjavur
[2025-02-16 19:07:55] User -> Warehouse Added -> admin@pds| FSD Sembanarkoil
[2025-02-16 19:07:55] User -> Warehouse Added -> admin@pds| TNWC Pudukottai
[2025-02-16 19:07:55] User -> Warehouse Added -> admin@pds| CWC Trichy
[2025-02-16 19:07:55] User -> Warehouse Added -> admin@pds| TNWC Trichy
[2025-02-16 19:07:55] User -> Warehouse Added -> admin@pds| TNWC Chinnasalem
[2025-02-16 19:07:55] User -> Warehouse Added -> admin@pds| TNWC Villupuram
[2025-02-16 19:07:55] User -> Warehouse Added -> admin@pds| PEG Villupuram
[2025-02-16 19:07:55] User -> Warehouse Added -> admin@pds| FSD Chidambaram
[2025-02-16 19:07:55] User -> Warehouse Added -> admin@pds| CWC Chidambaram
[2025-02-16 19:07:55] User -> Warehouse Added -> admin@pds| CWC Cuddalore
[2025-02-16 19:07:55] User -> Warehouse Added -> admin@pds| FSD Pondicherry
[2025-02-16 19:07:55] User -> Warehouse Added -> admin@pds| FSD Karaikal
[2025-02-16 19:07:55] User -> Warehouse Added -> admin@pds| FSD Thiruvandarkoil
[2025-02-16 19:11:07] User -> Save Data | approve admin change yes ->admin@pds| 27 - 04AE140P2 - Wheat
[2025-02-16 19:11:07] User -> Save Data | approve admin change yes ->admin@pds| 27 - 04EA002PN - Wheat
[2025-02-16 19:11:07] User -> Save Data | approve admin change yes ->admin@pds| 27 - 04EB002PN - Wheat
