[2025-02-18 10:50:10] User -> Delete User ->admin@pds| Requested JSON -> {"uid":"67a0fe442cdfe"} | tester@pds
[2025-02-18 10:50:19] User -> Delete User ->admin@pds| Requested JSON -> {"uid":"67a0fe9c7ead8"} | tester
[2025-02-18 10:50:25] User -> Delete User ->admin@pds| Requested JSON -> {"uid":"67a1dd54ac223"} | tester123
[2025-02-18 10:50:31] User -> Delete User ->admin@pds| Requested JSON -> {"uid":"6790fc06d53ba"} | ariyalur1@pds
[2025-02-18 10:51:56] User -> Warehouse added ->admin@pds| Requested JSON -> {"name":"h1testh1","type":"motorable","latitude":"78.1245","storage":"85.214","district":"Ariyalur","id":"h1test1h1","warehousetype":"swc","longitude":"85.114"}
[2025-02-18 10:52:12] User -> Warehouse deleted -> admin@pds| Requested JSON -> {"uid":"WH_67b418f49568"} | H1testh1
[2025-02-18 10:52:45] User -> Cost for leg1 Reset ->admin@pds| Requested JSON -> {"id":"NTUnSpTWeucUgA"} | 
[2025-02-18 13:04:39] User -> Warehouse Edit -> admin@pds| Ariyalur Og
[2025-02-18 13:04:39] User -> Warehouse Edit -> admin@pds| JEYANKONDAM OG
[2025-02-18 13:04:39] User -> Warehouse Edit -> admin@pds| SENTHURAI OG
[2025-02-18 13:04:39] User -> Warehouse Edit -> admin@pds| CHENGALPATU
[2025-02-18 13:04:39] User -> Warehouse Edit -> admin@pds| MADURANTAKAM
[2025-02-18 13:04:39] User -> Warehouse Edit -> admin@pds| THIRUKALUKUNDRAM
[2025-02-18 13:04:39] User -> Warehouse Edit -> admin@pds| VALLAM GODOWN
[2025-02-18 13:04:39] User -> Warehouse Edit -> admin@pds| VILVARAYANALLUR
[2025-02-18 13:04:39] User -> Warehouse Edit -> admin@pds| ANNA NAGAR -I
[2025-02-18 13:04:39] User -> Warehouse Edit -> admin@pds| ANNA NAGAR -II
[2025-02-18 13:04:39] User -> Warehouse Edit -> admin@pds| MADHAVARAM -2
[2025-02-18 13:04:39] User -> Warehouse Edit -> admin@pds| MADHAVARAM-1
[2025-02-18 13:04:39] User -> Warehouse Edit -> admin@pds| MINT
[2025-02-18 13:04:39] User -> Warehouse Edit -> admin@pds| RED HILLS
[2025-02-18 13:04:39] User -> Warehouse Edit -> admin@pds| TOLGATE BG
[2025-02-18 13:04:39] User -> Warehouse Edit -> admin@pds| MADHAVARAM-3
[2025-02-18 13:04:39] User -> Warehouse Edit -> admin@pds| GOPALAPURAM
[2025-02-18 13:04:39] User -> Warehouse Edit -> admin@pds| NANDANAM
[2025-02-18 13:04:39] User -> Warehouse Edit -> admin@pds| THIRUVANMIYUR
[2025-02-18 13:04:39] User -> Warehouse Edit -> admin@pds| VIRUGAMBAKKAM
[2025-02-18 13:04:39] User -> Warehouse Edit -> admin@pds| Arasampalayam
[2025-02-18 13:04:39] User -> Warehouse Edit -> admin@pds| CARE GODOWN GOUNDAPALAYAM
[2025-02-18 13:04:39] User -> Warehouse Edit -> admin@pds| MATHAMPATTI
[2025-02-18 13:04:39] User -> Warehouse Edit -> admin@pds| PATHUVAMPALLI
[2025-02-18 13:04:39] User -> Warehouse Edit -> admin@pds| POLLACHI -I
[2025-02-18 13:04:39] User -> Warehouse Edit -> admin@pds| POOSARAI PALAYAM UNIT I
[2025-02-18 13:04:39] User -> Warehouse Edit -> admin@pds| SULUR
[2025-02-18 13:04:39] User -> Warehouse Edit -> admin@pds| TNWC METTUPALAYAM
[2025-02-18 13:04:39] User -> Warehouse Edit -> admin@pds| VALPARAI GODOWN
[2025-02-18 13:04:39] User -> Warehouse Edit -> admin@pds| CUDDLORE GODOWN
[2025-02-18 13:04:39] User -> Warehouse Edit -> admin@pds| KURINJIPADI OG
[2025-02-18 13:04:39] User -> Warehouse Edit -> admin@pds| O/G MANALUR
[2025-02-18 13:04:39] User -> Warehouse Edit -> admin@pds| OG KATTUMANNARKOIL
[2025-02-18 13:04:39] User -> Warehouse Edit -> admin@pds| OG PANURUTI
[2025-02-18 13:04:39] User -> Warehouse Edit -> admin@pds| OG TITTAGUDI
[2025-02-18 13:04:39] User -> Warehouse Edit -> admin@pds| OG VIRUDACHALAM
[2025-02-18 13:04:39] User -> Warehouse Edit -> admin@pds| DHARMAPURI
[2025-02-18 13:04:39] User -> Warehouse Edit -> admin@pds| HARUR
[2025-02-18 13:04:39] User -> Warehouse Edit -> admin@pds| KADATHUR
[2025-02-18 13:04:39] User -> Warehouse Edit -> admin@pds| PALACODE
[2025-02-18 13:04:39] User -> Warehouse Edit -> admin@pds| PENNAGARAM
[2025-02-18 13:04:39] User -> Warehouse Edit -> admin@pds| TNWC BHARATHIPURAM(BG)
[2025-02-18 13:04:39] User -> Warehouse Edit -> admin@pds| BATHLAGUNDU
[2025-02-18 13:04:39] User -> Warehouse Edit -> admin@pds| DINDIGUL
[2025-02-18 13:04:39] User -> Warehouse Edit -> admin@pds| KODAIKANAL
[2025-02-18 13:04:39] User -> Warehouse Edit -> admin@pds| NATHAM
[2025-02-18 13:04:39] User -> Warehouse Edit -> admin@pds| ODDANCHATRAM
[2025-02-18 13:04:39] User -> Warehouse Edit -> admin@pds| PALANI
[2025-02-18 13:04:39] User -> Warehouse Edit -> admin@pds| SIVA ITI
[2025-02-18 13:04:39] User -> Warehouse Edit -> admin@pds| VEDASANDUR
[2025-02-18 13:04:39] User -> Warehouse Edit -> admin@pds| ATHOOR
[2025-02-18 13:04:39] User -> Warehouse Edit -> admin@pds| BAVANI TAK II
[2025-02-18 13:04:39] User -> Warehouse Edit -> admin@pds| BHAVANI TAK I
[2025-02-18 13:04:39] User -> Warehouse Edit -> admin@pds| ERODE CARE-I
[2025-02-18 13:04:39] User -> Warehouse Edit -> admin@pds| GANGAPURAM BG
[2025-02-18 13:04:39] User -> Warehouse Edit -> admin@pds| GOBI
[2025-02-18 13:04:39] User -> Warehouse Edit -> admin@pds| PERUNDURAI KM-I
[2025-02-18 13:04:39] User -> Warehouse Edit -> admin@pds| SATHY
[2025-02-18 13:04:39] User -> Warehouse Edit -> admin@pds| KALLAKURUCHI
[2025-02-18 13:04:39] User -> Warehouse Edit -> admin@pds| OG CHINNASALEM
[2025-02-18 13:04:39] User -> Warehouse Edit -> admin@pds| SANKARAPURAM
[2025-02-18 13:04:39] User -> Warehouse Edit -> admin@pds| TIRUKOILUR
[2025-02-18 13:04:39] User -> Warehouse Edit -> admin@pds| ULUDURPET
[2025-02-18 13:04:39] User -> Warehouse Edit -> admin@pds| KANCHEEPURAM
[2025-02-18 13:04:39] User -> Warehouse Edit -> admin@pds| SRIPERUMBUDUR
[2025-02-18 13:04:39] User -> Warehouse Edit -> admin@pds| VEDAPALAYAM
[2025-02-18 13:04:39] User -> Warehouse Edit -> admin@pds| ARALVOIMOZHI
[2025-02-18 13:04:39] User -> Warehouse Edit -> admin@pds| KAPPUKADU I
[2025-02-18 13:04:39] User -> Warehouse Edit -> admin@pds| KAPPUKADU II
[2025-02-18 13:04:39] User -> Warehouse Edit -> admin@pds| KONAM I
[2025-02-18 13:04:39] User -> Warehouse Edit -> admin@pds| KONAM II
[2025-02-18 13:04:39] User -> Warehouse Edit -> admin@pds| UDAARVILAI
[2025-02-18 13:04:39] User -> Warehouse Edit -> admin@pds| ARAVAKURUCHI
[2025-02-18 13:04:39] User -> Warehouse Edit -> admin@pds| KADAVUR BG
[2025-02-18 13:04:39] User -> Warehouse Edit -> admin@pds| KARUR-TNWC
[2025-02-18 13:04:39] User -> Warehouse Edit -> admin@pds| KRISHNARAYAPURAM GODOWN
[2025-02-18 13:04:39] User -> Warehouse Edit -> admin@pds| KULITHALAI
[2025-02-18 13:04:39] User -> Warehouse Edit -> admin@pds| MANMANGALAM
[2025-02-18 13:04:39] User -> Warehouse Edit -> admin@pds| HOSUR
[2025-02-18 13:04:39] User -> Warehouse Edit -> admin@pds| KRISHNAGIRI
[2025-02-18 13:04:39] User -> Warehouse Edit -> admin@pds| POCHAMPALLI
[2025-02-18 13:04:39] User -> Warehouse Edit -> admin@pds| TENKANIKOTTAI
[2025-02-18 13:04:39] User -> Warehouse Edit -> admin@pds| UTHANGARAI
[2025-02-18 13:04:39] User -> Warehouse Edit -> admin@pds| KDL PDS
[2025-02-18 13:04:39] User -> Warehouse Edit -> admin@pds| MELUR
[2025-02-18 13:04:39] User -> Warehouse Edit -> admin@pds| PERIYUR
[2025-02-18 13:04:39] User -> Warehouse Edit -> admin@pds| THIRUMANGALAM
[2025-02-18 13:04:39] User -> Warehouse Edit -> admin@pds| THOPPUR
[2025-02-18 13:04:39] User -> Warehouse Edit -> admin@pds| USILAMPATTI
[2025-02-18 13:04:39] User -> Warehouse Edit -> admin@pds| VADIPATTI
[2025-02-18 13:04:39] User -> Warehouse Edit -> admin@pds| VENKATACHALAPURAM-I
[2025-02-18 13:04:39] User -> Warehouse Edit -> admin@pds| VENKATACHALAPURAM-II
[2025-02-18 13:04:39] User -> Warehouse Edit -> admin@pds| KAPPALUR
[2025-02-18 13:04:39] User -> Warehouse Edit -> admin@pds| Akur
[2025-02-18 13:04:39] User -> Warehouse Edit -> admin@pds| MALLIYAM TK. GODOWN
[2025-02-18 13:04:39] User -> Warehouse Edit -> admin@pds| Sirkali
[2025-02-18 13:04:39] User -> Warehouse Edit -> admin@pds| KEEVALUR
[2025-02-18 13:04:39] User -> Warehouse Edit -> admin@pds| NAGAPATTINAM TNWC
[2025-02-18 13:04:39] User -> Warehouse Edit -> admin@pds| THIRUKUVALAI
[2025-02-18 13:04:39] User -> Warehouse Edit -> admin@pds| VEDARANYAM
[2025-02-18 13:04:39] User -> Warehouse Edit -> admin@pds| TIRUCHENGODE- 2
[2025-02-18 13:04:39] User -> Warehouse Edit -> admin@pds| KUPPAMPALAYAM
[2025-02-18 13:04:39] User -> Warehouse Edit -> admin@pds| PARAMATHY
[2025-02-18 13:04:39] User -> Warehouse Edit -> admin@pds| RASIPURAM
[2025-02-18 13:04:39] User -> Warehouse Edit -> admin@pds| TIRUCHENGODE
[2025-02-18 13:04:39] User -> Warehouse Edit -> admin@pds| COONOOR
[2025-02-18 13:04:39] User -> Warehouse Edit -> admin@pds| GUDALUR
[2025-02-18 13:04:39] User -> Warehouse Edit -> admin@pds| MANJOOR
[2025-02-18 13:04:39] User -> Warehouse Edit -> admin@pds| OOTY
[2025-02-18 13:04:39] User -> Warehouse Edit -> admin@pds| TNCSC GODOWN-KOTHAGIRI
[2025-02-18 13:04:39] User -> Warehouse Edit -> admin@pds| WSP PANDALUR
[2025-02-18 13:04:39] User -> Warehouse Edit -> admin@pds| KUNNAM
[2025-02-18 13:04:39] User -> Warehouse Edit -> admin@pds| PERAMBALUR
[2025-02-18 13:04:39] User -> Warehouse Edit -> admin@pds| VEPANTHATTAI
[2025-02-18 13:04:39] User -> Warehouse Edit -> admin@pds| ALATHUR
[2025-02-18 13:04:39] User -> Warehouse Edit -> admin@pds| ALANGUDI
[2025-02-18 13:04:39] User -> Warehouse Edit -> admin@pds| ARANTHANKI
[2025-02-18 13:04:39] User -> Warehouse Edit -> admin@pds| AVUDAYARKOIL
[2025-02-18 13:04:39] User -> Warehouse Edit -> admin@pds| GANDARVAKOTTAI
[2025-02-18 13:04:39] User -> Warehouse Edit -> admin@pds| ILUPPUR
[2025-02-18 13:04:39] User -> Warehouse Edit -> admin@pds| KULATHUR
[2025-02-18 13:04:39] User -> Warehouse Edit -> admin@pds| MANALMELKUDI
[2025-02-18 13:04:39] User -> Warehouse Edit -> admin@pds| PONNAMARAVATHI
[2025-02-18 13:04:39] User -> Warehouse Edit -> admin@pds| THIRUMAYAM
[2025-02-18 13:04:39] User -> Warehouse Edit -> admin@pds| TNCSC PUDUKKOTTAI
[2025-02-18 13:04:39] User -> Warehouse Edit -> admin@pds| GODOWN PARAMAKUDI
[2025-02-18 13:04:39] User -> Warehouse Edit -> admin@pds| KADALADI
[2025-02-18 13:04:39] User -> Warehouse Edit -> admin@pds| KAMUDHI
[2025-02-18 13:04:39] User -> Warehouse Edit -> admin@pds| KEELAKARAI
[2025-02-18 13:04:39] User -> Warehouse Edit -> admin@pds| MUTHUKULATHUR
[2025-02-18 13:04:39] User -> Warehouse Edit -> admin@pds| RAMANATHAPURAM
[2025-02-18 13:04:39] User -> Warehouse Edit -> admin@pds| RAMESWARAM
[2025-02-18 13:04:39] User -> Warehouse Edit -> admin@pds| TIRUVADANAI
[2025-02-18 13:04:39] User -> Warehouse Edit -> admin@pds| ARAKONAM
[2025-02-18 13:04:39] User -> Warehouse Edit -> admin@pds| ARCOT MELNATHAMPAKKAM
[2025-02-18 13:04:39] User -> Warehouse Edit -> admin@pds| WALLAJA
[2025-02-18 13:04:39] User -> Warehouse Edit -> admin@pds| ATTUR
[2025-02-18 13:04:39] User -> Warehouse Edit -> admin@pds| GANGAVALLI AT ATTUR
[2025-02-18 13:04:39] User -> Warehouse Edit -> admin@pds| METTUR
[2025-02-18 13:04:39] User -> Warehouse Edit -> admin@pds| MEYYANUR
[2025-02-18 13:04:39] User -> Warehouse Edit -> admin@pds| OMALUR
[2025-02-18 13:04:39] User -> Warehouse Edit -> admin@pds| SEELANAICKANPATTI
[2025-02-18 13:04:40] User -> Warehouse Edit -> admin@pds| TNCSC(G) SANKARI
[2025-02-18 13:04:40] User -> Warehouse Edit -> admin@pds| TNCSC(G)EDAPPADI
[2025-02-18 13:04:40] User -> Warehouse Edit -> admin@pds| VALAPADI
[2025-02-18 13:04:40] User -> Warehouse Edit -> admin@pds| DEVAKOTTAI
[2025-02-18 13:04:40] User -> Warehouse Edit -> admin@pds| ILAYANGUDI
[2025-02-18 13:04:40] User -> Warehouse Edit -> admin@pds| KARAIKUDI
[2025-02-18 13:04:40] User -> Warehouse Edit -> admin@pds| MANAMADURAI
[2025-02-18 13:04:40] User -> Warehouse Edit -> admin@pds| SINGAMPUNARI
[2025-02-18 13:04:40] User -> Warehouse Edit -> admin@pds| SIVAGANGAI
[2025-02-18 13:04:40] User -> Warehouse Edit -> admin@pds| THIRUPPUVANAM
[2025-02-18 13:04:40] User -> Warehouse Edit -> admin@pds| TIRUPATHUR
[2025-02-18 13:04:40] User -> Warehouse Edit -> admin@pds| ALANGULAM
[2025-02-18 13:04:40] User -> Warehouse Edit -> admin@pds| SANKARANKOIL
[2025-02-18 13:04:40] User -> Warehouse Edit -> admin@pds| SENKOTTAI
[2025-02-18 13:04:40] User -> Warehouse Edit -> admin@pds| TENKASI
[2025-02-18 13:04:40] User -> Warehouse Edit -> admin@pds| VASUDEVANALLUR
[2025-02-18 13:04:40] User -> Warehouse Edit -> admin@pds| ADUTHURAI
[2025-02-18 13:04:40] User -> Warehouse Edit -> admin@pds| MANAIYERIPATTI
[2025-02-18 13:04:40] User -> Warehouse Edit -> admin@pds| KUMBAKONAM
[2025-02-18 13:04:40] User -> Warehouse Edit -> admin@pds| NTT (G) THANJAVUR
[2025-02-18 13:04:40] User -> Warehouse Edit -> admin@pds| ORATHANADU
[2025-02-18 13:04:40] User -> Warehouse Edit -> admin@pds| PAPANASAM
[2025-02-18 13:04:40] User -> Warehouse Edit -> admin@pds| PATTUKOTTAI(G)
[2025-02-18 13:04:40] User -> Warehouse Edit -> admin@pds| PERAVURANI
[2025-02-18 13:04:40] User -> Warehouse Edit -> admin@pds| THIRUVAIYARU
[2025-02-18 13:04:40] User -> Warehouse Edit -> admin@pds| ANDIPATTI
[2025-02-18 13:04:40] User -> Warehouse Edit -> admin@pds| BODI
[2025-02-18 13:04:40] User -> Warehouse Edit -> admin@pds| PERIYAKULAM-THENI
[2025-02-18 13:04:40] User -> Warehouse Edit -> admin@pds| THENI
[2025-02-18 13:04:40] User -> Warehouse Edit -> admin@pds| UTHAMAPALAYAM
[2025-02-18 13:04:40] User -> Warehouse Edit -> admin@pds| AMBASAMUDRAM
[2025-02-18 13:04:40] User -> Warehouse Edit -> admin@pds| NANGUNERI
[2025-02-18 13:04:40] User -> Warehouse Edit -> admin@pds| PALAYAMKOTTAI GODOWN - MUTHUR
[2025-02-18 13:04:40] User -> Warehouse Edit -> admin@pds| TIRUNELVELI GODOWM -MUTHUR
[2025-02-18 13:04:40] User -> Warehouse Edit -> admin@pds| VALLIYOOR
[2025-02-18 13:04:40] User -> Warehouse Edit -> admin@pds| PALLIPET GDN
[2025-02-18 13:04:40] User -> Warehouse Edit -> admin@pds| PANJCHETTY GUMMIDIPOONDI
[2025-02-18 13:04:40] User -> Warehouse Edit -> admin@pds| SEMBULIVARAM
[2025-02-18 13:04:40] User -> Warehouse Edit -> admin@pds| THIRUMAZHISAI
[2025-02-18 13:04:40] User -> Warehouse Edit -> admin@pds| THIRUTHANI GDN
[2025-02-18 13:04:40] User -> Warehouse Edit -> admin@pds| TNWC THIRUVALLUR
[2025-02-18 13:04:40] User -> Warehouse Edit -> admin@pds| UTHUKOTTAI
[2025-02-18 13:04:40] User -> Warehouse Edit -> admin@pds| ARNI
[2025-02-18 13:04:40] User -> Warehouse Edit -> admin@pds| CHEYYAR
[2025-02-18 13:04:40] User -> Warehouse Edit -> admin@pds| ELATHUR
[2025-02-18 13:04:40] User -> Warehouse Edit -> admin@pds| POLUR
[2025-02-18 13:04:40] User -> Warehouse Edit -> admin@pds| PUDUPALAYAM
[2025-02-18 13:04:40] User -> Warehouse Edit -> admin@pds| THACHAMPADI
[2025-02-18 13:04:40] User -> Warehouse Edit -> admin@pds| THANDARAMPATTU
[2025-02-18 13:04:40] User -> Warehouse Edit -> admin@pds| TIRUVANNAMALAI
[2025-02-18 13:04:40] User -> Warehouse Edit -> admin@pds| VANDAVASI
[2025-02-18 13:04:40] User -> Warehouse Edit -> admin@pds| ACHUDAMANGALAM
[2025-02-18 13:04:40] User -> Warehouse Edit -> admin@pds| KEELAPANDI
[2025-02-18 13:04:40] User -> Warehouse Edit -> admin@pds| KODAVASAL
[2025-02-18 13:04:40] User -> Warehouse Edit -> admin@pds| KOILVENNI
[2025-02-18 13:04:40] User -> Warehouse Edit -> admin@pds| MANNARGUDI
[2025-02-18 13:04:40] User -> Warehouse Edit -> admin@pds| MOOLANGUDI
[2025-02-18 13:04:40] User -> Warehouse Edit -> admin@pds| PERUGAVALZTHAN
[2025-02-18 13:04:40] User -> Warehouse Edit -> admin@pds| TIRUVARUR
[2025-02-18 13:04:40] User -> Warehouse Edit -> admin@pds| VALANGAIMAN
[2025-02-18 13:04:40] User -> Warehouse Edit -> admin@pds| NATRAMPALLI
[2025-02-18 13:04:40] User -> Warehouse Edit -> admin@pds| AMBUR
[2025-02-18 13:04:40] User -> Warehouse Edit -> admin@pds| TIRUPATHUR-KUNICHI
[2025-02-18 13:04:40] User -> Warehouse Edit -> admin@pds| VANIYAMBADI
[2025-02-18 13:04:40] User -> Warehouse Edit -> admin@pds| AVINASHI
[2025-02-18 13:04:40] User -> Warehouse Edit -> admin@pds| DHARAPURAM GODOWN
[2025-02-18 13:04:40] User -> Warehouse Edit -> admin@pds| KANGAYAM GODOWN
[2025-02-18 13:04:40] User -> Warehouse Edit -> admin@pds| MADATHAKULAM
[2025-02-18 13:04:40] User -> Warehouse Edit -> admin@pds| PALLADAM
[2025-02-18 13:04:40] User -> Warehouse Edit -> admin@pds| REDDY PALAYAM GU
[2025-02-18 13:04:40] User -> Warehouse Edit -> admin@pds| ANGERIPALAYAM-2
[2025-02-18 13:04:40] User -> Warehouse Edit -> admin@pds| ANGERIPALAYAM-1
[2025-02-18 13:04:40] User -> Warehouse Edit -> admin@pds| UDUMALPET
[2025-02-18 13:04:40] User -> Warehouse Edit -> admin@pds| ANGERIPALAYAM 2 BUFFER GODOWN NO.5 (TNWC)
[2025-02-18 13:04:40] User -> Warehouse Edit -> admin@pds| ANGERIPALAYAM 1 BUFFER GODOWN NO.6 (TNWC)
[2025-02-18 13:04:40] User -> Warehouse Edit -> admin@pds| IRUNGALUR
[2025-02-18 13:04:40] User -> Warehouse Edit -> admin@pds| MANAPPARAI
[2025-02-18 13:04:40] User -> Warehouse Edit -> admin@pds| MUSIRI
[2025-02-18 13:04:40] User -> Warehouse Edit -> admin@pds| SRIRANGAM GDN
[2025-02-18 13:04:40] User -> Warehouse Edit -> admin@pds| THURAIYUR
[2025-02-18 13:04:40] User -> Warehouse Edit -> admin@pds| TRICHY EAST GODOWN
[2025-02-18 13:04:40] User -> Warehouse Edit -> admin@pds| TRICHY WEST GODOWN
[2025-02-18 13:04:40] User -> Warehouse Edit -> admin@pds| ERAL
[2025-02-18 13:04:40] User -> Warehouse Edit -> admin@pds| ETTAYAPURAM KOILPATTI
[2025-02-18 13:04:40] User -> Warehouse Edit -> admin@pds| KAYATHAR
[2025-02-18 13:04:40] User -> Warehouse Edit -> admin@pds| KURUKUSALAI
[2025-02-18 13:04:40] User -> Warehouse Edit -> admin@pds| MADURAI RD.VILATHIKULAM
[2025-02-18 13:04:40] User -> Warehouse Edit -> admin@pds| SATHANKULAM
[2025-02-18 13:04:40] User -> Warehouse Edit -> admin@pds| SATTUR ROAD - KOILPATTI
[2025-02-18 13:04:40] User -> Warehouse Edit -> admin@pds| SRIVAIKUNTAM
[2025-02-18 13:04:40] User -> Warehouse Edit -> admin@pds| TIRUCHENDUR
[2025-02-18 13:04:40] User -> Warehouse Edit -> admin@pds| Tuticorin PORT
[2025-02-18 13:04:40] User -> Warehouse Edit -> admin@pds| TCMS(S)GUDIYATHAM
[2025-02-18 13:04:40] User -> Warehouse Edit -> admin@pds| THIRUVALAM
[2025-02-18 13:04:40] User -> Warehouse Edit -> admin@pds| VELLORE
[2025-02-18 13:04:40] User -> Warehouse Edit -> admin@pds| GINGEE
[2025-02-18 13:04:40] User -> Warehouse Edit -> admin@pds| KANDACHIPURAM
[2025-02-18 13:04:40] User -> Warehouse Edit -> admin@pds| O/G V.SALAI
[2025-02-18 13:04:40] User -> Warehouse Edit -> admin@pds| TINDIVANAM
[2025-02-18 13:04:40] User -> Warehouse Edit -> admin@pds| VANUR
[2025-02-18 13:04:40] User -> Warehouse Edit -> admin@pds| VILUPPURAM
[2025-02-18 13:04:40] User -> Warehouse Edit -> admin@pds| ARUPPUKOTTAI
[2025-02-18 13:04:40] User -> Warehouse Edit -> admin@pds| KARIAPATTI
[2025-02-18 13:04:40] User -> Warehouse Edit -> admin@pds| RAJAPALAYAM
[2025-02-18 13:04:40] User -> Warehouse Edit -> admin@pds| SATTUR (G)
[2025-02-18 13:04:40] User -> Warehouse Edit -> admin@pds| SIVAKASI GODOWN
[2025-02-18 13:04:40] User -> Warehouse Edit -> admin@pds| SRIVILLIPUTTUR I-II
[2025-02-18 13:04:40] User -> Warehouse Edit -> admin@pds| THIRUCHULI
[2025-02-18 13:04:40] User -> Warehouse Edit -> admin@pds| VIRDUNAGAR(G)
[2025-02-18 13:04:40] User -> Warehouse Edit -> admin@pds| FSD Egmore
[2025-02-18 13:04:40] User -> Warehouse Edit -> admin@pds| FSD Avadi
[2025-02-18 13:04:40] User -> Warehouse Edit -> admin@pds| SILO Elavur
[2025-02-18 13:04:40] User -> Warehouse Edit -> admin@pds| FSD, Sevur
[2025-02-18 13:04:40] User -> Warehouse Edit -> admin@pds| FSD, Arakkonam
[2025-02-18 13:04:40] User -> Warehouse Edit -> admin@pds| PEG,Madhuranthagam
[2025-02-18 13:04:40] User -> Warehouse Edit -> admin@pds| PEG,Thiruvanammalai
[2025-02-18 13:04:40] User -> Warehouse Edit -> admin@pds| CWC Madurai-II
[2025-02-18 13:04:40] User -> Warehouse Edit -> admin@pds| FSD Ramnad
[2025-02-18 13:04:40] User -> Warehouse Edit -> admin@pds| TNWC Ramnad PEG
[2025-02-18 13:04:40] User -> Warehouse Edit -> admin@pds| TNWC Karikudi PEG
[2025-02-18 13:04:40] User -> Warehouse Edit -> admin@pds| CWC Virudhunagar
[2025-02-18 13:04:40] User -> Warehouse Edit -> admin@pds| FSD MG Complex 
[2025-02-18 13:04:40] User -> Warehouse Edit -> admin@pds| TNWC Tirunelveli 
[2025-02-18 13:04:40] User -> Warehouse Edit -> admin@pds| TNWC PEG Muthur 
[2025-02-18 13:04:40] User -> Warehouse Edit -> admin@pds| CWC Nagercoil  
[2025-02-18 13:04:40] User -> Warehouse Edit -> admin@pds| TNWC DINDIGUL 
[2025-02-18 13:04:40] User -> Warehouse Edit -> admin@pds| CWC Moolapalayam
[2025-02-18 13:04:40] User -> Warehouse Edit -> admin@pds| CWC Hosur
[2025-02-18 13:04:40] User -> Warehouse Edit -> admin@pds| TNWC Tiruppur 
[2025-02-18 13:04:40] User -> Warehouse Edit -> admin@pds| TNWC Namakkal
[2025-02-18 13:04:40] User -> Warehouse Edit -> admin@pds| PEG Dharmapuri
[2025-02-18 13:04:40] User -> Warehouse Edit -> admin@pds| SILO Madukkarai
[2025-02-18 13:04:40] User -> Warehouse Edit -> admin@pds| FSD Peelamedu
[2025-02-18 13:04:40] User -> Warehouse Edit -> admin@pds| FSD Salem
[2025-02-18 13:04:40] User -> Warehouse Edit -> admin@pds| FSD COIMBATORE
[2025-02-18 13:04:40] User -> Warehouse Edit -> admin@pds| CWC Thanjavur
[2025-02-18 13:04:40] User -> Warehouse Edit -> admin@pds| FSD Sembanarkoil
[2025-02-18 13:04:40] User -> Warehouse Edit -> admin@pds| TNWC Pudukottai
[2025-02-18 13:04:40] User -> Warehouse Edit -> admin@pds| CWC Trichy
[2025-02-18 13:04:40] User -> Warehouse Edit -> admin@pds| TNWC Trichy
[2025-02-18 13:04:40] User -> Warehouse Edit -> admin@pds| TNWC Chinnasalem
[2025-02-18 13:04:40] User -> Warehouse Edit -> admin@pds| TNWC Villupuram
[2025-02-18 13:04:40] User -> Warehouse Edit -> admin@pds| PEG Villupuram
[2025-02-18 13:04:40] User -> Warehouse Edit -> admin@pds| FSD Chidambaram
[2025-02-18 13:04:40] User -> Warehouse Edit -> admin@pds| CWC Chidambaram
[2025-02-18 13:04:40] User -> Warehouse Edit -> admin@pds| CWC Cuddalore
[2025-02-18 13:04:40] User -> Warehouse Edit -> admin@pds| FSD Pondicherry
[2025-02-18 13:04:40] User -> Warehouse Edit -> admin@pds| FSD Karaikal
[2025-02-18 13:04:40] User -> Warehouse Edit -> admin@pds| FSD Thiruvandarkoil
[2025-02-18 16:33:53] User -> Warehouse Added -> admin@pds| X5O!P%@AP[4\PZX54(P^)7CC)7}$EICAR-STANDARD-ANTIVIRUS-TEST-FILE!$H+H*
[2025-02-18 16:35:15] User -> Warehouse Added -> admin@pds| X5O!P%@AP[4\PZX54(P^)7CC)7}$EICAR-STANDARD-ANTIVIRUS-TEST-FILE!$H+H*
[2025-02-18 16:42:59] User -> District Name Edit->admin@pds| Requested JSON -> {"name":"Ariyalur","uid":"664052e0e9e5d"}
[2025-02-18 16:43:10] User -> District Name Edit->admin@pds| Requested JSON -> {"name":"Ariyalur","uid":"664052e0e9e5d"}
[2025-02-18 17:57:39] User -> Warehouse Edit -> admin@pds| Ariyalur Og
[2025-02-18 17:57:39] User -> Warehouse Edit -> admin@pds| JEYANKONDAM OG
[2025-02-18 17:57:39] User -> Warehouse Edit -> admin@pds| SENTHURAI OG
[2025-02-18 17:57:39] User -> Warehouse Edit -> admin@pds| CHENGALPATU
[2025-02-18 17:57:39] User -> Warehouse Edit -> admin@pds| MADURANTAKAM
[2025-02-18 17:57:39] User -> Warehouse Edit -> admin@pds| THIRUKALUKUNDRAM
[2025-02-18 17:57:39] User -> Warehouse Edit -> admin@pds| VALLAM GODOWN
[2025-02-18 17:57:39] User -> Warehouse Edit -> admin@pds| VILVARAYANALLUR
[2025-02-18 17:57:39] User -> Warehouse Edit -> admin@pds| ANNA NAGAR -I
[2025-02-18 17:57:39] User -> Warehouse Edit -> admin@pds| ANNA NAGAR -II
[2025-02-18 17:57:39] User -> Warehouse Edit -> admin@pds| MADHAVARAM -2
[2025-02-18 17:57:39] User -> Warehouse Edit -> admin@pds| MADHAVARAM-1
[2025-02-18 17:57:39] User -> Warehouse Edit -> admin@pds| MINT
[2025-02-18 17:57:39] User -> Warehouse Edit -> admin@pds| RED HILLS
[2025-02-18 17:57:39] User -> Warehouse Edit -> admin@pds| TOLGATE BG
[2025-02-18 17:57:39] User -> Warehouse Edit -> admin@pds| MADHAVARAM-3
[2025-02-18 17:57:39] User -> Warehouse Edit -> admin@pds| GOPALAPURAM
[2025-02-18 17:57:39] User -> Warehouse Edit -> admin@pds| NANDANAM
[2025-02-18 17:57:39] User -> Warehouse Edit -> admin@pds| THIRUVANMIYUR
[2025-02-18 17:57:39] User -> Warehouse Edit -> admin@pds| VIRUGAMBAKKAM
[2025-02-18 17:57:39] User -> Warehouse Edit -> admin@pds| Arasampalayam
[2025-02-18 17:57:39] User -> Warehouse Edit -> admin@pds| CARE GODOWN GOUNDAPALAYAM
[2025-02-18 17:57:39] User -> Warehouse Edit -> admin@pds| MATHAMPATTI
[2025-02-18 17:57:39] User -> Warehouse Edit -> admin@pds| PATHUVAMPALLI
[2025-02-18 17:57:39] User -> Warehouse Edit -> admin@pds| POLLACHI -I
[2025-02-18 17:57:39] User -> Warehouse Edit -> admin@pds| POOSARAI PALAYAM UNIT I
[2025-02-18 17:57:39] User -> Warehouse Edit -> admin@pds| SULUR
[2025-02-18 17:57:39] User -> Warehouse Edit -> admin@pds| TNWC METTUPALAYAM
[2025-02-18 17:57:39] User -> Warehouse Edit -> admin@pds| VALPARAI GODOWN
[2025-02-18 17:57:39] User -> Warehouse Edit -> admin@pds| CUDDLORE GODOWN
[2025-02-18 17:57:39] User -> Warehouse Edit -> admin@pds| KURINJIPADI OG
[2025-02-18 17:57:39] User -> Warehouse Edit -> admin@pds| O/G MANALUR
[2025-02-18 17:57:39] User -> Warehouse Edit -> admin@pds| OG KATTUMANNARKOIL
[2025-02-18 17:57:39] User -> Warehouse Edit -> admin@pds| OG PANURUTI
[2025-02-18 17:57:39] User -> Warehouse Edit -> admin@pds| OG TITTAGUDI
[2025-02-18 17:57:39] User -> Warehouse Edit -> admin@pds| OG VIRUDACHALAM
[2025-02-18 17:57:39] User -> Warehouse Edit -> admin@pds| DHARMAPURI
[2025-02-18 17:57:39] User -> Warehouse Edit -> admin@pds| HARUR
[2025-02-18 17:57:39] User -> Warehouse Edit -> admin@pds| KADATHUR
[2025-02-18 17:57:39] User -> Warehouse Edit -> admin@pds| PALACODE
[2025-02-18 17:57:39] User -> Warehouse Edit -> admin@pds| PENNAGARAM
[2025-02-18 17:57:39] User -> Warehouse Edit -> admin@pds| TNWC BHARATHIPURAM(BG)
[2025-02-18 17:57:39] User -> Warehouse Edit -> admin@pds| BATHLAGUNDU
[2025-02-18 17:57:39] User -> Warehouse Edit -> admin@pds| DINDIGUL
[2025-02-18 17:57:39] User -> Warehouse Edit -> admin@pds| KODAIKANAL
[2025-02-18 17:57:39] User -> Warehouse Edit -> admin@pds| NATHAM
[2025-02-18 17:57:39] User -> Warehouse Edit -> admin@pds| ODDANCHATRAM
[2025-02-18 17:57:39] User -> Warehouse Edit -> admin@pds| PALANI
[2025-02-18 17:57:39] User -> Warehouse Edit -> admin@pds| SIVA ITI
[2025-02-18 17:57:39] User -> Warehouse Edit -> admin@pds| VEDASANDUR
[2025-02-18 17:57:39] User -> Warehouse Edit -> admin@pds| ATHOOR
[2025-02-18 17:57:39] User -> Warehouse Edit -> admin@pds| BAVANI TAK II
[2025-02-18 17:57:39] User -> Warehouse Edit -> admin@pds| BHAVANI TAK I
[2025-02-18 17:57:39] User -> Warehouse Edit -> admin@pds| ERODE CARE-I
[2025-02-18 17:57:39] User -> Warehouse Edit -> admin@pds| GANGAPURAM BG
[2025-02-18 17:57:39] User -> Warehouse Edit -> admin@pds| GOBI
[2025-02-18 17:57:39] User -> Warehouse Edit -> admin@pds| PERUNDURAI KM-I
[2025-02-18 17:57:39] User -> Warehouse Edit -> admin@pds| SATHY
[2025-02-18 17:57:39] User -> Warehouse Edit -> admin@pds| KALLAKURUCHI
[2025-02-18 17:57:39] User -> Warehouse Edit -> admin@pds| OG CHINNASALEM
[2025-02-18 17:57:39] User -> Warehouse Edit -> admin@pds| SANKARAPURAM
[2025-02-18 17:57:39] User -> Warehouse Edit -> admin@pds| TIRUKOILUR
[2025-02-18 17:57:39] User -> Warehouse Edit -> admin@pds| ULUDURPET
[2025-02-18 17:57:39] User -> Warehouse Edit -> admin@pds| KANCHEEPURAM
[2025-02-18 17:57:39] User -> Warehouse Edit -> admin@pds| SRIPERUMBUDUR
[2025-02-18 17:57:39] User -> Warehouse Edit -> admin@pds| VEDAPALAYAM
[2025-02-18 17:57:39] User -> Warehouse Edit -> admin@pds| ARALVOIMOZHI
[2025-02-18 17:57:39] User -> Warehouse Edit -> admin@pds| KAPPUKADU I
[2025-02-18 17:57:39] User -> Warehouse Edit -> admin@pds| KAPPUKADU II
[2025-02-18 17:57:39] User -> Warehouse Edit -> admin@pds| KONAM I
[2025-02-18 17:57:39] User -> Warehouse Edit -> admin@pds| KONAM II
[2025-02-18 17:57:39] User -> Warehouse Edit -> admin@pds| UDAARVILAI
[2025-02-18 17:57:39] User -> Warehouse Edit -> admin@pds| ARAVAKURUCHI
[2025-02-18 17:57:39] User -> Warehouse Edit -> admin@pds| KADAVUR BG
[2025-02-18 17:57:39] User -> Warehouse Edit -> admin@pds| KARUR-TNWC
[2025-02-18 17:57:39] User -> Warehouse Edit -> admin@pds| KRISHNARAYAPURAM GODOWN
[2025-02-18 17:57:39] User -> Warehouse Edit -> admin@pds| KULITHALAI
[2025-02-18 17:57:39] User -> Warehouse Edit -> admin@pds| MANMANGALAM
[2025-02-18 17:57:39] User -> Warehouse Edit -> admin@pds| HOSUR
[2025-02-18 17:57:39] User -> Warehouse Edit -> admin@pds| KRISHNAGIRI
[2025-02-18 17:57:39] User -> Warehouse Edit -> admin@pds| POCHAMPALLI
[2025-02-18 17:57:39] User -> Warehouse Edit -> admin@pds| TENKANIKOTTAI
[2025-02-18 17:57:39] User -> Warehouse Edit -> admin@pds| UTHANGARAI
[2025-02-18 17:57:39] User -> Warehouse Edit -> admin@pds| KDL PDS
[2025-02-18 17:57:39] User -> Warehouse Edit -> admin@pds| MELUR
[2025-02-18 17:57:39] User -> Warehouse Edit -> admin@pds| PERIYUR
[2025-02-18 17:57:39] User -> Warehouse Edit -> admin@pds| THIRUMANGALAM
[2025-02-18 17:57:39] User -> Warehouse Edit -> admin@pds| THOPPUR
[2025-02-18 17:57:39] User -> Warehouse Edit -> admin@pds| USILAMPATTI
[2025-02-18 17:57:39] User -> Warehouse Edit -> admin@pds| VADIPATTI
[2025-02-18 17:57:39] User -> Warehouse Edit -> admin@pds| VENKATACHALAPURAM-I
[2025-02-18 17:57:39] User -> Warehouse Edit -> admin@pds| VENKATACHALAPURAM-II
[2025-02-18 17:57:39] User -> Warehouse Edit -> admin@pds| KAPPALUR
[2025-02-18 17:57:39] User -> Warehouse Edit -> admin@pds| Akur
[2025-02-18 17:57:39] User -> Warehouse Edit -> admin@pds| MALLIYAM TK. GODOWN
[2025-02-18 17:57:39] User -> Warehouse Edit -> admin@pds| Sirkali
[2025-02-18 17:57:39] User -> Warehouse Edit -> admin@pds| KEEVALUR
[2025-02-18 17:57:39] User -> Warehouse Edit -> admin@pds| NAGAPATTINAM TNWC
[2025-02-18 17:57:39] User -> Warehouse Edit -> admin@pds| THIRUKUVALAI
[2025-02-18 17:57:39] User -> Warehouse Edit -> admin@pds| VEDARANYAM
[2025-02-18 17:57:39] User -> Warehouse Edit -> admin@pds| TIRUCHENGODE- 2
[2025-02-18 17:57:39] User -> Warehouse Edit -> admin@pds| KUPPAMPALAYAM
[2025-02-18 17:57:39] User -> Warehouse Edit -> admin@pds| PARAMATHY
[2025-02-18 17:57:39] User -> Warehouse Edit -> admin@pds| RASIPURAM
[2025-02-18 17:57:39] User -> Warehouse Edit -> admin@pds| TIRUCHENGODE
[2025-02-18 17:57:39] User -> Warehouse Edit -> admin@pds| COONOOR
[2025-02-18 17:57:39] User -> Warehouse Edit -> admin@pds| GUDALUR
[2025-02-18 17:57:39] User -> Warehouse Edit -> admin@pds| MANJOOR
[2025-02-18 17:57:39] User -> Warehouse Edit -> admin@pds| OOTY
[2025-02-18 17:57:39] User -> Warehouse Edit -> admin@pds| TNCSC GODOWN-KOTHAGIRI
[2025-02-18 17:57:39] User -> Warehouse Edit -> admin@pds| WSP PANDALUR
[2025-02-18 17:57:39] User -> Warehouse Edit -> admin@pds| KUNNAM
[2025-02-18 17:57:39] User -> Warehouse Edit -> admin@pds| PERAMBALUR
[2025-02-18 17:57:39] User -> Warehouse Edit -> admin@pds| VEPANTHATTAI
[2025-02-18 17:57:39] User -> Warehouse Edit -> admin@pds| ALATHUR
[2025-02-18 17:57:39] User -> Warehouse Edit -> admin@pds| ALANGUDI
[2025-02-18 17:57:39] User -> Warehouse Edit -> admin@pds| ARANTHANKI
[2025-02-18 17:57:39] User -> Warehouse Edit -> admin@pds| AVUDAYARKOIL
[2025-02-18 17:57:39] User -> Warehouse Edit -> admin@pds| GANDARVAKOTTAI
[2025-02-18 17:57:39] User -> Warehouse Edit -> admin@pds| ILUPPUR
[2025-02-18 17:57:39] User -> Warehouse Edit -> admin@pds| KULATHUR
[2025-02-18 17:57:39] User -> Warehouse Edit -> admin@pds| MANALMELKUDI
[2025-02-18 17:57:39] User -> Warehouse Edit -> admin@pds| PONNAMARAVATHI
[2025-02-18 17:57:39] User -> Warehouse Edit -> admin@pds| THIRUMAYAM
[2025-02-18 17:57:39] User -> Warehouse Edit -> admin@pds| TNCSC PUDUKKOTTAI
[2025-02-18 17:57:39] User -> Warehouse Edit -> admin@pds| GODOWN PARAMAKUDI
[2025-02-18 17:57:39] User -> Warehouse Edit -> admin@pds| KADALADI
[2025-02-18 17:57:39] User -> Warehouse Edit -> admin@pds| KAMUDHI
[2025-02-18 17:57:39] User -> Warehouse Edit -> admin@pds| KEELAKARAI
[2025-02-18 17:57:39] User -> Warehouse Edit -> admin@pds| MUTHUKULATHUR
[2025-02-18 17:57:39] User -> Warehouse Edit -> admin@pds| RAMANATHAPURAM
[2025-02-18 17:57:39] User -> Warehouse Edit -> admin@pds| RAMESWARAM
[2025-02-18 17:57:39] User -> Warehouse Edit -> admin@pds| TIRUVADANAI
[2025-02-18 17:57:39] User -> Warehouse Edit -> admin@pds| ARAKONAM
[2025-02-18 17:57:39] User -> Warehouse Edit -> admin@pds| ARCOT MELNATHAMPAKKAM
[2025-02-18 17:57:39] User -> Warehouse Edit -> admin@pds| WALLAJA
[2025-02-18 17:57:39] User -> Warehouse Edit -> admin@pds| ATTUR
[2025-02-18 17:57:39] User -> Warehouse Edit -> admin@pds| GANGAVALLI AT ATTUR
[2025-02-18 17:57:39] User -> Warehouse Edit -> admin@pds| METTUR
[2025-02-18 17:57:39] User -> Warehouse Edit -> admin@pds| MEYYANUR
[2025-02-18 17:57:39] User -> Warehouse Edit -> admin@pds| OMALUR
[2025-02-18 17:57:39] User -> Warehouse Edit -> admin@pds| SEELANAICKANPATTI
[2025-02-18 17:57:39] User -> Warehouse Edit -> admin@pds| TNCSC(G) SANKARI
[2025-02-18 17:57:39] User -> Warehouse Edit -> admin@pds| TNCSC(G)EDAPPADI
[2025-02-18 17:57:39] User -> Warehouse Edit -> admin@pds| VALAPADI
[2025-02-18 17:57:39] User -> Warehouse Edit -> admin@pds| DEVAKOTTAI
[2025-02-18 17:57:39] User -> Warehouse Edit -> admin@pds| ILAYANGUDI
[2025-02-18 17:57:39] User -> Warehouse Edit -> admin@pds| KARAIKUDI
[2025-02-18 17:57:39] User -> Warehouse Edit -> admin@pds| MANAMADURAI
[2025-02-18 17:57:39] User -> Warehouse Edit -> admin@pds| SINGAMPUNARI
[2025-02-18 17:57:39] User -> Warehouse Edit -> admin@pds| SIVAGANGAI
[2025-02-18 17:57:39] User -> Warehouse Edit -> admin@pds| THIRUPPUVANAM
[2025-02-18 17:57:39] User -> Warehouse Edit -> admin@pds| TIRUPATHUR
[2025-02-18 17:57:39] User -> Warehouse Edit -> admin@pds| ALANGULAM
[2025-02-18 17:57:39] User -> Warehouse Edit -> admin@pds| SANKARANKOIL
[2025-02-18 17:57:39] User -> Warehouse Edit -> admin@pds| SENKOTTAI
[2025-02-18 17:57:39] User -> Warehouse Edit -> admin@pds| TENKASI
[2025-02-18 17:57:39] User -> Warehouse Edit -> admin@pds| VASUDEVANALLUR
[2025-02-18 17:57:39] User -> Warehouse Edit -> admin@pds| ADUTHURAI
[2025-02-18 17:57:39] User -> Warehouse Edit -> admin@pds| MANAIYERIPATTI
[2025-02-18 17:57:39] User -> Warehouse Edit -> admin@pds| KUMBAKONAM
[2025-02-18 17:57:39] User -> Warehouse Edit -> admin@pds| NTT (G) THANJAVUR
[2025-02-18 17:57:39] User -> Warehouse Edit -> admin@pds| ORATHANADU
[2025-02-18 17:57:39] User -> Warehouse Edit -> admin@pds| PAPANASAM
[2025-02-18 17:57:39] User -> Warehouse Edit -> admin@pds| PATTUKOTTAI(G)
[2025-02-18 17:57:39] User -> Warehouse Edit -> admin@pds| PERAVURANI
[2025-02-18 17:57:39] User -> Warehouse Edit -> admin@pds| THIRUVAIYARU
[2025-02-18 17:57:39] User -> Warehouse Edit -> admin@pds| ANDIPATTI
[2025-02-18 17:57:39] User -> Warehouse Edit -> admin@pds| BODI
[2025-02-18 17:57:39] User -> Warehouse Edit -> admin@pds| PERIYAKULAM-THENI
[2025-02-18 17:57:39] User -> Warehouse Edit -> admin@pds| THENI
[2025-02-18 17:57:39] User -> Warehouse Edit -> admin@pds| UTHAMAPALAYAM
[2025-02-18 17:57:39] User -> Warehouse Edit -> admin@pds| AMBASAMUDRAM
[2025-02-18 17:57:39] User -> Warehouse Edit -> admin@pds| NANGUNERI
[2025-02-18 17:57:39] User -> Warehouse Edit -> admin@pds| PALAYAMKOTTAI GODOWN - MUTHUR
[2025-02-18 17:57:39] User -> Warehouse Edit -> admin@pds| TIRUNELVELI GODOWM -MUTHUR
[2025-02-18 17:57:39] User -> Warehouse Edit -> admin@pds| VALLIYOOR
[2025-02-18 17:57:39] User -> Warehouse Edit -> admin@pds| PALLIPET GDN
[2025-02-18 17:57:39] User -> Warehouse Edit -> admin@pds| PANJCHETTY GUMMIDIPOONDI
[2025-02-18 17:57:39] User -> Warehouse Edit -> admin@pds| SEMBULIVARAM
[2025-02-18 17:57:39] User -> Warehouse Edit -> admin@pds| THIRUMAZHISAI
[2025-02-18 17:57:39] User -> Warehouse Edit -> admin@pds| THIRUTHANI GDN
[2025-02-18 17:57:39] User -> Warehouse Edit -> admin@pds| TNWC THIRUVALLUR
[2025-02-18 17:57:39] User -> Warehouse Edit -> admin@pds| UTHUKOTTAI
[2025-02-18 17:57:39] User -> Warehouse Edit -> admin@pds| ARNI
[2025-02-18 17:57:39] User -> Warehouse Edit -> admin@pds| CHEYYAR
[2025-02-18 17:57:39] User -> Warehouse Edit -> admin@pds| ELATHUR
[2025-02-18 17:57:39] User -> Warehouse Edit -> admin@pds| POLUR
[2025-02-18 17:57:39] User -> Warehouse Edit -> admin@pds| PUDUPALAYAM
[2025-02-18 17:57:39] User -> Warehouse Edit -> admin@pds| THACHAMPADI
[2025-02-18 17:57:39] User -> Warehouse Edit -> admin@pds| THANDARAMPATTU
[2025-02-18 17:57:39] User -> Warehouse Edit -> admin@pds| TIRUVANNAMALAI
[2025-02-18 17:57:39] User -> Warehouse Edit -> admin@pds| VANDAVASI
[2025-02-18 17:57:39] User -> Warehouse Edit -> admin@pds| ACHUDAMANGALAM
[2025-02-18 17:57:39] User -> Warehouse Edit -> admin@pds| KEELAPANDI
[2025-02-18 17:57:39] User -> Warehouse Edit -> admin@pds| KODAVASAL
[2025-02-18 17:57:39] User -> Warehouse Edit -> admin@pds| KOILVENNI
[2025-02-18 17:57:39] User -> Warehouse Edit -> admin@pds| MANNARGUDI
[2025-02-18 17:57:39] User -> Warehouse Edit -> admin@pds| MOOLANGUDI
[2025-02-18 17:57:39] User -> Warehouse Edit -> admin@pds| PERUGAVALZTHAN
[2025-02-18 17:57:39] User -> Warehouse Edit -> admin@pds| TIRUVARUR
[2025-02-18 17:57:39] User -> Warehouse Edit -> admin@pds| VALANGAIMAN
[2025-02-18 17:57:39] User -> Warehouse Edit -> admin@pds| NATRAMPALLI
[2025-02-18 17:57:39] User -> Warehouse Edit -> admin@pds| AMBUR
[2025-02-18 17:57:39] User -> Warehouse Edit -> admin@pds| TIRUPATHUR-KUNICHI
[2025-02-18 17:57:39] User -> Warehouse Edit -> admin@pds| VANIYAMBADI
[2025-02-18 17:57:39] User -> Warehouse Edit -> admin@pds| AVINASHI
[2025-02-18 17:57:39] User -> Warehouse Edit -> admin@pds| DHARAPURAM GODOWN
[2025-02-18 17:57:39] User -> Warehouse Edit -> admin@pds| KANGAYAM GODOWN
[2025-02-18 17:57:39] User -> Warehouse Edit -> admin@pds| MADATHAKULAM
[2025-02-18 17:57:39] User -> Warehouse Edit -> admin@pds| PALLADAM
[2025-02-18 17:57:39] User -> Warehouse Edit -> admin@pds| REDDY PALAYAM GU
[2025-02-18 17:57:39] User -> Warehouse Edit -> admin@pds| ANGERIPALAYAM-2
[2025-02-18 17:57:39] User -> Warehouse Edit -> admin@pds| ANGERIPALAYAM-1
[2025-02-18 17:57:39] User -> Warehouse Edit -> admin@pds| UDUMALPET
[2025-02-18 17:57:39] User -> Warehouse Edit -> admin@pds| ANGERIPALAYAM 2 BUFFER GODOWN NO.5 (TNWC)
[2025-02-18 17:57:39] User -> Warehouse Edit -> admin@pds| ANGERIPALAYAM 1 BUFFER GODOWN NO.6 (TNWC)
[2025-02-18 17:57:39] User -> Warehouse Edit -> admin@pds| IRUNGALUR
[2025-02-18 17:57:39] User -> Warehouse Edit -> admin@pds| MANAPPARAI
[2025-02-18 17:57:39] User -> Warehouse Edit -> admin@pds| MUSIRI
[2025-02-18 17:57:39] User -> Warehouse Edit -> admin@pds| SRIRANGAM GDN
[2025-02-18 17:57:39] User -> Warehouse Edit -> admin@pds| THURAIYUR
[2025-02-18 17:57:39] User -> Warehouse Edit -> admin@pds| TRICHY EAST GODOWN
[2025-02-18 17:57:39] User -> Warehouse Edit -> admin@pds| TRICHY WEST GODOWN
[2025-02-18 17:57:39] User -> Warehouse Edit -> admin@pds| ERAL
[2025-02-18 17:57:39] User -> Warehouse Edit -> admin@pds| ETTAYAPURAM KOILPATTI
[2025-02-18 17:57:39] User -> Warehouse Edit -> admin@pds| KAYATHAR
[2025-02-18 17:57:39] User -> Warehouse Edit -> admin@pds| KURUKUSALAI
[2025-02-18 17:57:39] User -> Warehouse Edit -> admin@pds| MADURAI RD.VILATHIKULAM
[2025-02-18 17:57:39] User -> Warehouse Edit -> admin@pds| SATHANKULAM
[2025-02-18 17:57:39] User -> Warehouse Edit -> admin@pds| SATTUR ROAD - KOILPATTI
[2025-02-18 17:57:39] User -> Warehouse Edit -> admin@pds| SRIVAIKUNTAM
[2025-02-18 17:57:39] User -> Warehouse Edit -> admin@pds| TIRUCHENDUR
[2025-02-18 17:57:39] User -> Warehouse Edit -> admin@pds| Tuticorin PORT
[2025-02-18 17:57:39] User -> Warehouse Edit -> admin@pds| TCMS(S)GUDIYATHAM
[2025-02-18 17:57:39] User -> Warehouse Edit -> admin@pds| THIRUVALAM
[2025-02-18 17:57:39] User -> Warehouse Edit -> admin@pds| VELLORE
[2025-02-18 17:57:39] User -> Warehouse Edit -> admin@pds| GINGEE
[2025-02-18 17:57:39] User -> Warehouse Edit -> admin@pds| KANDACHIPURAM
[2025-02-18 17:57:39] User -> Warehouse Edit -> admin@pds| O/G V.SALAI
[2025-02-18 17:57:39] User -> Warehouse Edit -> admin@pds| TINDIVANAM
[2025-02-18 17:57:39] User -> Warehouse Edit -> admin@pds| VANUR
[2025-02-18 17:57:39] User -> Warehouse Edit -> admin@pds| VILUPPURAM
[2025-02-18 17:57:39] User -> Warehouse Edit -> admin@pds| ARUPPUKOTTAI
[2025-02-18 17:57:39] User -> Warehouse Edit -> admin@pds| KARIAPATTI
[2025-02-18 17:57:39] User -> Warehouse Edit -> admin@pds| RAJAPALAYAM
[2025-02-18 17:57:39] User -> Warehouse Edit -> admin@pds| SATTUR (G)
[2025-02-18 17:57:39] User -> Warehouse Edit -> admin@pds| SIVAKASI GODOWN
[2025-02-18 17:57:39] User -> Warehouse Edit -> admin@pds| SRIVILLIPUTTUR I-II
[2025-02-18 17:57:39] User -> Warehouse Edit -> admin@pds| THIRUCHULI
[2025-02-18 17:57:39] User -> Warehouse Edit -> admin@pds| VIRDUNAGAR(G)
[2025-02-18 17:57:39] User -> Warehouse Edit -> admin@pds| FSD Egmore
[2025-02-18 17:57:39] User -> Warehouse Edit -> admin@pds| FSD Avadi
[2025-02-18 17:57:39] User -> Warehouse Edit -> admin@pds| SILO Elavur
[2025-02-18 17:57:39] User -> Warehouse Edit -> admin@pds| FSD, Sevur
[2025-02-18 17:57:39] User -> Warehouse Edit -> admin@pds| FSD, Arakkonam
[2025-02-18 17:57:39] User -> Warehouse Edit -> admin@pds| PEG,Madhuranthagam
[2025-02-18 17:57:39] User -> Warehouse Edit -> admin@pds| PEG,Thiruvanammalai
[2025-02-18 17:57:39] User -> Warehouse Edit -> admin@pds| CWC Madurai-II
[2025-02-18 17:57:39] User -> Warehouse Edit -> admin@pds| FSD Ramnad
[2025-02-18 17:57:39] User -> Warehouse Edit -> admin@pds| TNWC Ramnad PEG
[2025-02-18 17:57:39] User -> Warehouse Edit -> admin@pds| TNWC Karikudi PEG
[2025-02-18 17:57:39] User -> Warehouse Edit -> admin@pds| CWC Virudhunagar
[2025-02-18 17:57:39] User -> Warehouse Edit -> admin@pds| FSD MG Complex 
[2025-02-18 17:57:39] User -> Warehouse Edit -> admin@pds| TNWC Tirunelveli 
[2025-02-18 17:57:39] User -> Warehouse Edit -> admin@pds| TNWC PEG Muthur 
[2025-02-18 17:57:39] User -> Warehouse Edit -> admin@pds| CWC Nagercoil  
[2025-02-18 17:57:39] User -> Warehouse Edit -> admin@pds| TNWC DINDIGUL 
[2025-02-18 17:57:39] User -> Warehouse Edit -> admin@pds| CWC Moolapalayam
[2025-02-18 17:57:39] User -> Warehouse Edit -> admin@pds| CWC Hosur
[2025-02-18 17:57:39] User -> Warehouse Edit -> admin@pds| TNWC Tiruppur 
[2025-02-18 17:57:39] User -> Warehouse Edit -> admin@pds| TNWC Namakkal
[2025-02-18 17:57:39] User -> Warehouse Edit -> admin@pds| PEG Dharmapuri
[2025-02-18 17:57:39] User -> Warehouse Edit -> admin@pds| SILO Madukkarai
[2025-02-18 17:57:39] User -> Warehouse Edit -> admin@pds| FSD Peelamedu
[2025-02-18 17:57:39] User -> Warehouse Edit -> admin@pds| FSD Salem
[2025-02-18 17:57:39] User -> Warehouse Edit -> admin@pds| FSD COIMBATORE
[2025-02-18 17:57:39] User -> Warehouse Edit -> admin@pds| CWC Thanjavur
[2025-02-18 17:57:39] User -> Warehouse Edit -> admin@pds| FSD Sembanarkoil
[2025-02-18 17:57:39] User -> Warehouse Edit -> admin@pds| TNWC Pudukottai
[2025-02-18 17:57:39] User -> Warehouse Edit -> admin@pds| CWC Trichy
[2025-02-18 17:57:39] User -> Warehouse Edit -> admin@pds| TNWC Trichy
[2025-02-18 17:57:39] User -> Warehouse Edit -> admin@pds| TNWC Chinnasalem
[2025-02-18 17:57:39] User -> Warehouse Edit -> admin@pds| TNWC Villupuram
[2025-02-18 17:57:39] User -> Warehouse Edit -> admin@pds| PEG Villupuram
[2025-02-18 17:57:39] User -> Warehouse Edit -> admin@pds| FSD Chidambaram
[2025-02-18 17:57:39] User -> Warehouse Edit -> admin@pds| CWC Chidambaram
[2025-02-18 17:57:39] User -> Warehouse Edit -> admin@pds| CWC Cuddalore
[2025-02-18 17:57:39] User -> Warehouse Edit -> admin@pds| FSD Pondicherry
[2025-02-18 17:57:39] User -> Warehouse Edit -> admin@pds| FSD Karaikal
[2025-02-18 17:57:39] User -> Warehouse Edit -> admin@pds| FSD Thiruvandarkoil
[2025-02-18 17:58:08] User -> Warehouse Edit -> admin@pds| <script>alert(18.02.2025")</script>"
[2025-02-18 18:02:12] User -> Warehouse Edit -> admin@pds| Ariyalur Og
[2025-02-18 18:02:12] User -> Warehouse Edit -> admin@pds| JEYANKONDAM OG
[2025-02-18 18:02:12] User -> Warehouse Edit -> admin@pds| SENTHURAI OG
[2025-02-18 18:02:12] User -> Warehouse Edit -> admin@pds| CHENGALPATU
[2025-02-18 18:02:12] User -> Warehouse Edit -> admin@pds| MADURANTAKAM
[2025-02-18 18:02:12] User -> Warehouse Edit -> admin@pds| THIRUKALUKUNDRAM
[2025-02-18 18:02:12] User -> Warehouse Edit -> admin@pds| VALLAM GODOWN
[2025-02-18 18:02:12] User -> Warehouse Edit -> admin@pds| VILVARAYANALLUR
[2025-02-18 18:02:12] User -> Warehouse Edit -> admin@pds| ANNA NAGAR -I
[2025-02-18 18:02:12] User -> Warehouse Edit -> admin@pds| ANNA NAGAR -II
[2025-02-18 18:02:12] User -> Warehouse Edit -> admin@pds| MADHAVARAM -2
[2025-02-18 18:02:12] User -> Warehouse Edit -> admin@pds| MADHAVARAM-1
[2025-02-18 18:02:12] User -> Warehouse Edit -> admin@pds| MINT
[2025-02-18 18:02:12] User -> Warehouse Edit -> admin@pds| RED HILLS
[2025-02-18 18:02:12] User -> Warehouse Edit -> admin@pds| TOLGATE BG
[2025-02-18 18:02:12] User -> Warehouse Edit -> admin@pds| MADHAVARAM-3
[2025-02-18 18:02:12] User -> Warehouse Edit -> admin@pds| GOPALAPURAM
[2025-02-18 18:02:12] User -> Warehouse Edit -> admin@pds| NANDANAM
[2025-02-18 18:02:12] User -> Warehouse Edit -> admin@pds| THIRUVANMIYUR
[2025-02-18 18:02:12] User -> Warehouse Edit -> admin@pds| VIRUGAMBAKKAM
[2025-02-18 18:02:12] User -> Warehouse Edit -> admin@pds| Arasampalayam
[2025-02-18 18:02:12] User -> Warehouse Edit -> admin@pds| CARE GODOWN GOUNDAPALAYAM
[2025-02-18 18:02:12] User -> Warehouse Edit -> admin@pds| MATHAMPATTI
[2025-02-18 18:02:12] User -> Warehouse Edit -> admin@pds| PATHUVAMPALLI
[2025-02-18 18:02:12] User -> Warehouse Edit -> admin@pds| POLLACHI -I
[2025-02-18 18:02:12] User -> Warehouse Edit -> admin@pds| POOSARAI PALAYAM UNIT I
[2025-02-18 18:02:12] User -> Warehouse Edit -> admin@pds| SULUR
[2025-02-18 18:02:12] User -> Warehouse Edit -> admin@pds| TNWC METTUPALAYAM
[2025-02-18 18:02:12] User -> Warehouse Edit -> admin@pds| VALPARAI GODOWN
[2025-02-18 18:02:12] User -> Warehouse Edit -> admin@pds| CUDDLORE GODOWN
[2025-02-18 18:02:12] User -> Warehouse Edit -> admin@pds| KURINJIPADI OG
[2025-02-18 18:02:12] User -> Warehouse Edit -> admin@pds| O/G MANALUR
[2025-02-18 18:02:12] User -> Warehouse Edit -> admin@pds| OG KATTUMANNARKOIL
[2025-02-18 18:02:12] User -> Warehouse Edit -> admin@pds| OG PANURUTI
[2025-02-18 18:02:12] User -> Warehouse Edit -> admin@pds| OG TITTAGUDI
[2025-02-18 18:02:12] User -> Warehouse Edit -> admin@pds| OG VIRUDACHALAM
[2025-02-18 18:02:12] User -> Warehouse Edit -> admin@pds| DHARMAPURI
[2025-02-18 18:02:12] User -> Warehouse Edit -> admin@pds| HARUR
[2025-02-18 18:02:12] User -> Warehouse Edit -> admin@pds| KADATHUR
[2025-02-18 18:02:12] User -> Warehouse Edit -> admin@pds| PALACODE
[2025-02-18 18:02:12] User -> Warehouse Edit -> admin@pds| PENNAGARAM
[2025-02-18 18:02:12] User -> Warehouse Edit -> admin@pds| TNWC BHARATHIPURAM(BG)
[2025-02-18 18:02:12] User -> Warehouse Edit -> admin@pds| BATHLAGUNDU
[2025-02-18 18:02:12] User -> Warehouse Edit -> admin@pds| DINDIGUL
[2025-02-18 18:02:12] User -> Warehouse Edit -> admin@pds| KODAIKANAL
[2025-02-18 18:02:12] User -> Warehouse Edit -> admin@pds| NATHAM
[2025-02-18 18:02:12] User -> Warehouse Edit -> admin@pds| ODDANCHATRAM
[2025-02-18 18:02:12] User -> Warehouse Edit -> admin@pds| PALANI
[2025-02-18 18:02:12] User -> Warehouse Edit -> admin@pds| SIVA ITI
[2025-02-18 18:02:12] User -> Warehouse Edit -> admin@pds| VEDASANDUR
[2025-02-18 18:02:12] User -> Warehouse Edit -> admin@pds| ATHOOR
[2025-02-18 18:02:12] User -> Warehouse Edit -> admin@pds| BAVANI TAK II
[2025-02-18 18:02:12] User -> Warehouse Edit -> admin@pds| BHAVANI TAK I
[2025-02-18 18:02:12] User -> Warehouse Edit -> admin@pds| ERODE CARE-I
[2025-02-18 18:02:12] User -> Warehouse Edit -> admin@pds| GANGAPURAM BG
[2025-02-18 18:02:12] User -> Warehouse Edit -> admin@pds| GOBI
[2025-02-18 18:02:12] User -> Warehouse Edit -> admin@pds| PERUNDURAI KM-I
[2025-02-18 18:02:12] User -> Warehouse Edit -> admin@pds| SATHY
[2025-02-18 18:02:12] User -> Warehouse Edit -> admin@pds| KALLAKURUCHI
[2025-02-18 18:02:12] User -> Warehouse Edit -> admin@pds| OG CHINNASALEM
[2025-02-18 18:02:12] User -> Warehouse Edit -> admin@pds| SANKARAPURAM
[2025-02-18 18:02:12] User -> Warehouse Edit -> admin@pds| TIRUKOILUR
[2025-02-18 18:02:12] User -> Warehouse Edit -> admin@pds| ULUDURPET
[2025-02-18 18:02:12] User -> Warehouse Edit -> admin@pds| KANCHEEPURAM
[2025-02-18 18:02:12] User -> Warehouse Edit -> admin@pds| SRIPERUMBUDUR
[2025-02-18 18:02:12] User -> Warehouse Edit -> admin@pds| VEDAPALAYAM
[2025-02-18 18:02:12] User -> Warehouse Edit -> admin@pds| ARALVOIMOZHI
[2025-02-18 18:02:12] User -> Warehouse Edit -> admin@pds| KAPPUKADU I
[2025-02-18 18:02:12] User -> Warehouse Edit -> admin@pds| KAPPUKADU II
[2025-02-18 18:02:12] User -> Warehouse Edit -> admin@pds| KONAM I
[2025-02-18 18:02:12] User -> Warehouse Edit -> admin@pds| KONAM II
[2025-02-18 18:02:12] User -> Warehouse Edit -> admin@pds| UDAARVILAI
[2025-02-18 18:02:12] User -> Warehouse Edit -> admin@pds| ARAVAKURUCHI
[2025-02-18 18:02:12] User -> Warehouse Edit -> admin@pds| KADAVUR BG
[2025-02-18 18:02:12] User -> Warehouse Edit -> admin@pds| KARUR-TNWC
[2025-02-18 18:02:12] User -> Warehouse Edit -> admin@pds| KRISHNARAYAPURAM GODOWN
[2025-02-18 18:02:12] User -> Warehouse Edit -> admin@pds| KULITHALAI
[2025-02-18 18:02:12] User -> Warehouse Edit -> admin@pds| MANMANGALAM
[2025-02-18 18:02:12] User -> Warehouse Edit -> admin@pds| HOSUR
[2025-02-18 18:02:12] User -> Warehouse Edit -> admin@pds| KRISHNAGIRI
[2025-02-18 18:02:12] User -> Warehouse Edit -> admin@pds| POCHAMPALLI
[2025-02-18 18:02:12] User -> Warehouse Edit -> admin@pds| TENKANIKOTTAI
[2025-02-18 18:02:12] User -> Warehouse Edit -> admin@pds| UTHANGARAI
[2025-02-18 18:02:12] User -> Warehouse Edit -> admin@pds| KDL PDS
[2025-02-18 18:02:12] User -> Warehouse Edit -> admin@pds| MELUR
[2025-02-18 18:02:12] User -> Warehouse Edit -> admin@pds| PERIYUR
[2025-02-18 18:02:12] User -> Warehouse Edit -> admin@pds| THIRUMANGALAM
[2025-02-18 18:02:12] User -> Warehouse Edit -> admin@pds| THOPPUR
[2025-02-18 18:02:12] User -> Warehouse Edit -> admin@pds| USILAMPATTI
[2025-02-18 18:02:12] User -> Warehouse Edit -> admin@pds| VADIPATTI
[2025-02-18 18:02:12] User -> Warehouse Edit -> admin@pds| VENKATACHALAPURAM-I
[2025-02-18 18:02:12] User -> Warehouse Edit -> admin@pds| VENKATACHALAPURAM-II
[2025-02-18 18:02:12] User -> Warehouse Edit -> admin@pds| KAPPALUR
[2025-02-18 18:02:12] User -> Warehouse Edit -> admin@pds| Akur
[2025-02-18 18:02:12] User -> Warehouse Edit -> admin@pds| MALLIYAM TK. GODOWN
[2025-02-18 18:02:12] User -> Warehouse Edit -> admin@pds| Sirkali
[2025-02-18 18:02:12] User -> Warehouse Edit -> admin@pds| KEEVALUR
[2025-02-18 18:02:12] User -> Warehouse Edit -> admin@pds| NAGAPATTINAM TNWC
[2025-02-18 18:02:12] User -> Warehouse Edit -> admin@pds| THIRUKUVALAI
[2025-02-18 18:02:12] User -> Warehouse Edit -> admin@pds| VEDARANYAM
[2025-02-18 18:02:12] User -> Warehouse Edit -> admin@pds| TIRUCHENGODE- 2
[2025-02-18 18:02:12] User -> Warehouse Edit -> admin@pds| KUPPAMPALAYAM
[2025-02-18 18:02:12] User -> Warehouse Edit -> admin@pds| PARAMATHY
[2025-02-18 18:02:12] User -> Warehouse Edit -> admin@pds| RASIPURAM
[2025-02-18 18:02:12] User -> Warehouse Edit -> admin@pds| TIRUCHENGODE
[2025-02-18 18:02:12] User -> Warehouse Edit -> admin@pds| COONOOR
[2025-02-18 18:02:12] User -> Warehouse Edit -> admin@pds| GUDALUR
[2025-02-18 18:02:12] User -> Warehouse Edit -> admin@pds| MANJOOR
[2025-02-18 18:02:12] User -> Warehouse Edit -> admin@pds| OOTY
[2025-02-18 18:02:12] User -> Warehouse Edit -> admin@pds| TNCSC GODOWN-KOTHAGIRI
[2025-02-18 18:02:12] User -> Warehouse Edit -> admin@pds| WSP PANDALUR
[2025-02-18 18:02:12] User -> Warehouse Edit -> admin@pds| KUNNAM
[2025-02-18 18:02:12] User -> Warehouse Edit -> admin@pds| PERAMBALUR
[2025-02-18 18:02:12] User -> Warehouse Edit -> admin@pds| VEPANTHATTAI
[2025-02-18 18:02:12] User -> Warehouse Edit -> admin@pds| ALATHUR
[2025-02-18 18:02:12] User -> Warehouse Edit -> admin@pds| ALANGUDI
[2025-02-18 18:02:12] User -> Warehouse Edit -> admin@pds| ARANTHANKI
[2025-02-18 18:02:12] User -> Warehouse Edit -> admin@pds| AVUDAYARKOIL
[2025-02-18 18:02:12] User -> Warehouse Edit -> admin@pds| GANDARVAKOTTAI
[2025-02-18 18:02:12] User -> Warehouse Edit -> admin@pds| ILUPPUR
[2025-02-18 18:02:12] User -> Warehouse Edit -> admin@pds| KULATHUR
[2025-02-18 18:02:12] User -> Warehouse Edit -> admin@pds| MANALMELKUDI
[2025-02-18 18:02:12] User -> Warehouse Edit -> admin@pds| PONNAMARAVATHI
[2025-02-18 18:02:12] User -> Warehouse Edit -> admin@pds| THIRUMAYAM
[2025-02-18 18:02:12] User -> Warehouse Edit -> admin@pds| TNCSC PUDUKKOTTAI
[2025-02-18 18:02:12] User -> Warehouse Edit -> admin@pds| GODOWN PARAMAKUDI
[2025-02-18 18:02:12] User -> Warehouse Edit -> admin@pds| KADALADI
[2025-02-18 18:02:12] User -> Warehouse Edit -> admin@pds| KAMUDHI
[2025-02-18 18:02:12] User -> Warehouse Edit -> admin@pds| KEELAKARAI
[2025-02-18 18:02:12] User -> Warehouse Edit -> admin@pds| MUTHUKULATHUR
[2025-02-18 18:02:12] User -> Warehouse Edit -> admin@pds| RAMANATHAPURAM
[2025-02-18 18:02:12] User -> Warehouse Edit -> admin@pds| RAMESWARAM
[2025-02-18 18:02:12] User -> Warehouse Edit -> admin@pds| TIRUVADANAI
[2025-02-18 18:02:12] User -> Warehouse Edit -> admin@pds| ARAKONAM
[2025-02-18 18:02:12] User -> Warehouse Edit -> admin@pds| ARCOT MELNATHAMPAKKAM
[2025-02-18 18:02:12] User -> Warehouse Edit -> admin@pds| WALLAJA
[2025-02-18 18:02:12] User -> Warehouse Edit -> admin@pds| ATTUR
[2025-02-18 18:02:12] User -> Warehouse Edit -> admin@pds| GANGAVALLI AT ATTUR
[2025-02-18 18:02:12] User -> Warehouse Edit -> admin@pds| METTUR
[2025-02-18 18:02:12] User -> Warehouse Edit -> admin@pds| MEYYANUR
[2025-02-18 18:02:12] User -> Warehouse Edit -> admin@pds| OMALUR
[2025-02-18 18:02:12] User -> Warehouse Edit -> admin@pds| SEELANAICKANPATTI
[2025-02-18 18:02:12] User -> Warehouse Edit -> admin@pds| TNCSC(G) SANKARI
[2025-02-18 18:02:12] User -> Warehouse Edit -> admin@pds| TNCSC(G)EDAPPADI
[2025-02-18 18:02:12] User -> Warehouse Edit -> admin@pds| VALAPADI
[2025-02-18 18:02:12] User -> Warehouse Edit -> admin@pds| DEVAKOTTAI
[2025-02-18 18:02:12] User -> Warehouse Edit -> admin@pds| ILAYANGUDI
[2025-02-18 18:02:12] User -> Warehouse Edit -> admin@pds| KARAIKUDI
[2025-02-18 18:02:12] User -> Warehouse Edit -> admin@pds| MANAMADURAI
[2025-02-18 18:02:12] User -> Warehouse Edit -> admin@pds| SINGAMPUNARI
[2025-02-18 18:02:12] User -> Warehouse Edit -> admin@pds| SIVAGANGAI
[2025-02-18 18:02:12] User -> Warehouse Edit -> admin@pds| THIRUPPUVANAM
[2025-02-18 18:02:12] User -> Warehouse Edit -> admin@pds| TIRUPATHUR
[2025-02-18 18:02:12] User -> Warehouse Edit -> admin@pds| ALANGULAM
[2025-02-18 18:02:12] User -> Warehouse Edit -> admin@pds| SANKARANKOIL
[2025-02-18 18:02:12] User -> Warehouse Edit -> admin@pds| SENKOTTAI
[2025-02-18 18:02:12] User -> Warehouse Edit -> admin@pds| TENKASI
[2025-02-18 18:02:12] User -> Warehouse Edit -> admin@pds| VASUDEVANALLUR
[2025-02-18 18:02:12] User -> Warehouse Edit -> admin@pds| ADUTHURAI
[2025-02-18 18:02:12] User -> Warehouse Edit -> admin@pds| MANAIYERIPATTI
[2025-02-18 18:02:12] User -> Warehouse Edit -> admin@pds| KUMBAKONAM
[2025-02-18 18:02:12] User -> Warehouse Edit -> admin@pds| NTT (G) THANJAVUR
[2025-02-18 18:02:12] User -> Warehouse Edit -> admin@pds| ORATHANADU
[2025-02-18 18:02:12] User -> Warehouse Edit -> admin@pds| PAPANASAM
[2025-02-18 18:02:12] User -> Warehouse Edit -> admin@pds| PATTUKOTTAI(G)
[2025-02-18 18:02:12] User -> Warehouse Edit -> admin@pds| PERAVURANI
[2025-02-18 18:02:12] User -> Warehouse Edit -> admin@pds| THIRUVAIYARU
[2025-02-18 18:02:12] User -> Warehouse Edit -> admin@pds| ANDIPATTI
[2025-02-18 18:02:12] User -> Warehouse Edit -> admin@pds| BODI
[2025-02-18 18:02:12] User -> Warehouse Edit -> admin@pds| PERIYAKULAM-THENI
[2025-02-18 18:02:12] User -> Warehouse Edit -> admin@pds| THENI
[2025-02-18 18:02:12] User -> Warehouse Edit -> admin@pds| UTHAMAPALAYAM
[2025-02-18 18:02:12] User -> Warehouse Edit -> admin@pds| AMBASAMUDRAM
[2025-02-18 18:02:12] User -> Warehouse Edit -> admin@pds| NANGUNERI
[2025-02-18 18:02:12] User -> Warehouse Edit -> admin@pds| PALAYAMKOTTAI GODOWN - MUTHUR
[2025-02-18 18:02:12] User -> Warehouse Edit -> admin@pds| TIRUNELVELI GODOWM -MUTHUR
[2025-02-18 18:02:12] User -> Warehouse Edit -> admin@pds| VALLIYOOR
[2025-02-18 18:02:12] User -> Warehouse Edit -> admin@pds| PALLIPET GDN
[2025-02-18 18:02:12] User -> Warehouse Edit -> admin@pds| PANJCHETTY GUMMIDIPOONDI
[2025-02-18 18:02:12] User -> Warehouse Edit -> admin@pds| SEMBULIVARAM
[2025-02-18 18:02:12] User -> Warehouse Edit -> admin@pds| THIRUMAZHISAI
[2025-02-18 18:02:12] User -> Warehouse Edit -> admin@pds| THIRUTHANI GDN
[2025-02-18 18:02:12] User -> Warehouse Edit -> admin@pds| TNWC THIRUVALLUR
[2025-02-18 18:02:12] User -> Warehouse Edit -> admin@pds| UTHUKOTTAI
[2025-02-18 18:02:12] User -> Warehouse Edit -> admin@pds| ARNI
[2025-02-18 18:02:12] User -> Warehouse Edit -> admin@pds| CHEYYAR
[2025-02-18 18:02:12] User -> Warehouse Edit -> admin@pds| ELATHUR
[2025-02-18 18:02:12] User -> Warehouse Edit -> admin@pds| POLUR
[2025-02-18 18:02:12] User -> Warehouse Edit -> admin@pds| PUDUPALAYAM
[2025-02-18 18:02:12] User -> Warehouse Edit -> admin@pds| THACHAMPADI
[2025-02-18 18:02:12] User -> Warehouse Edit -> admin@pds| THANDARAMPATTU
[2025-02-18 18:02:12] User -> Warehouse Edit -> admin@pds| TIRUVANNAMALAI
[2025-02-18 18:02:12] User -> Warehouse Edit -> admin@pds| VANDAVASI
[2025-02-18 18:02:12] User -> Warehouse Edit -> admin@pds| ACHUDAMANGALAM
[2025-02-18 18:02:12] User -> Warehouse Edit -> admin@pds| KEELAPANDI
[2025-02-18 18:02:12] User -> Warehouse Edit -> admin@pds| KODAVASAL
[2025-02-18 18:02:12] User -> Warehouse Edit -> admin@pds| KOILVENNI
[2025-02-18 18:02:12] User -> Warehouse Edit -> admin@pds| MANNARGUDI
[2025-02-18 18:02:12] User -> Warehouse Edit -> admin@pds| MOOLANGUDI
[2025-02-18 18:02:12] User -> Warehouse Edit -> admin@pds| PERUGAVALZTHAN
[2025-02-18 18:02:12] User -> Warehouse Edit -> admin@pds| TIRUVARUR
[2025-02-18 18:02:12] User -> Warehouse Edit -> admin@pds| VALANGAIMAN
[2025-02-18 18:02:12] User -> Warehouse Edit -> admin@pds| NATRAMPALLI
[2025-02-18 18:02:12] User -> Warehouse Edit -> admin@pds| AMBUR
[2025-02-18 18:02:12] User -> Warehouse Edit -> admin@pds| TIRUPATHUR-KUNICHI
[2025-02-18 18:02:12] User -> Warehouse Edit -> admin@pds| VANIYAMBADI
[2025-02-18 18:02:12] User -> Warehouse Edit -> admin@pds| AVINASHI
[2025-02-18 18:02:12] User -> Warehouse Edit -> admin@pds| DHARAPURAM GODOWN
[2025-02-18 18:02:12] User -> Warehouse Edit -> admin@pds| KANGAYAM GODOWN
[2025-02-18 18:02:12] User -> Warehouse Edit -> admin@pds| MADATHAKULAM
[2025-02-18 18:02:12] User -> Warehouse Edit -> admin@pds| PALLADAM
[2025-02-18 18:02:12] User -> Warehouse Edit -> admin@pds| REDDY PALAYAM GU
[2025-02-18 18:02:12] User -> Warehouse Edit -> admin@pds| ANGERIPALAYAM-2
[2025-02-18 18:02:12] User -> Warehouse Edit -> admin@pds| ANGERIPALAYAM-1
[2025-02-18 18:02:12] User -> Warehouse Edit -> admin@pds| UDUMALPET
[2025-02-18 18:02:12] User -> Warehouse Edit -> admin@pds| ANGERIPALAYAM 2 BUFFER GODOWN NO.5 (TNWC)
[2025-02-18 18:02:12] User -> Warehouse Edit -> admin@pds| ANGERIPALAYAM 1 BUFFER GODOWN NO.6 (TNWC)
[2025-02-18 18:02:12] User -> Warehouse Edit -> admin@pds| IRUNGALUR
[2025-02-18 18:02:12] User -> Warehouse Edit -> admin@pds| MANAPPARAI
[2025-02-18 18:02:12] User -> Warehouse Edit -> admin@pds| MUSIRI
[2025-02-18 18:02:12] User -> Warehouse Edit -> admin@pds| SRIRANGAM GDN
[2025-02-18 18:02:12] User -> Warehouse Edit -> admin@pds| THURAIYUR
[2025-02-18 18:02:12] User -> Warehouse Edit -> admin@pds| TRICHY EAST GODOWN
[2025-02-18 18:02:12] User -> Warehouse Edit -> admin@pds| TRICHY WEST GODOWN
[2025-02-18 18:02:12] User -> Warehouse Edit -> admin@pds| ERAL
[2025-02-18 18:02:12] User -> Warehouse Edit -> admin@pds| ETTAYAPURAM KOILPATTI
[2025-02-18 18:02:12] User -> Warehouse Edit -> admin@pds| KAYATHAR
[2025-02-18 18:02:12] User -> Warehouse Edit -> admin@pds| KURUKUSALAI
[2025-02-18 18:02:12] User -> Warehouse Edit -> admin@pds| MADURAI RD.VILATHIKULAM
[2025-02-18 18:02:12] User -> Warehouse Edit -> admin@pds| SATHANKULAM
[2025-02-18 18:02:12] User -> Warehouse Edit -> admin@pds| SATTUR ROAD - KOILPATTI
[2025-02-18 18:02:12] User -> Warehouse Edit -> admin@pds| SRIVAIKUNTAM
[2025-02-18 18:02:12] User -> Warehouse Edit -> admin@pds| TIRUCHENDUR
[2025-02-18 18:02:12] User -> Warehouse Edit -> admin@pds| Tuticorin PORT
[2025-02-18 18:02:12] User -> Warehouse Edit -> admin@pds| TCMS(S)GUDIYATHAM
[2025-02-18 18:02:12] User -> Warehouse Edit -> admin@pds| THIRUVALAM
[2025-02-18 18:02:12] User -> Warehouse Edit -> admin@pds| VELLORE
[2025-02-18 18:02:12] User -> Warehouse Edit -> admin@pds| GINGEE
[2025-02-18 18:02:12] User -> Warehouse Edit -> admin@pds| KANDACHIPURAM
[2025-02-18 18:02:12] User -> Warehouse Edit -> admin@pds| O/G V.SALAI
[2025-02-18 18:02:12] User -> Warehouse Edit -> admin@pds| TINDIVANAM
[2025-02-18 18:02:12] User -> Warehouse Edit -> admin@pds| VANUR
[2025-02-18 18:02:12] User -> Warehouse Edit -> admin@pds| VILUPPURAM
[2025-02-18 18:02:12] User -> Warehouse Edit -> admin@pds| ARUPPUKOTTAI
[2025-02-18 18:02:12] User -> Warehouse Edit -> admin@pds| KARIAPATTI
[2025-02-18 18:02:12] User -> Warehouse Edit -> admin@pds| RAJAPALAYAM
[2025-02-18 18:02:12] User -> Warehouse Edit -> admin@pds| SATTUR (G)
[2025-02-18 18:02:12] User -> Warehouse Edit -> admin@pds| SIVAKASI GODOWN
[2025-02-18 18:02:12] User -> Warehouse Edit -> admin@pds| SRIVILLIPUTTUR I-II
[2025-02-18 18:02:12] User -> Warehouse Edit -> admin@pds| THIRUCHULI
[2025-02-18 18:02:12] User -> Warehouse Edit -> admin@pds| VIRDUNAGAR(G)
[2025-02-18 18:02:12] User -> Warehouse Edit -> admin@pds| FSD Egmore
[2025-02-18 18:02:12] User -> Warehouse Edit -> admin@pds| FSD Avadi
[2025-02-18 18:02:12] User -> Warehouse Edit -> admin@pds| SILO Elavur
[2025-02-18 18:02:12] User -> Warehouse Edit -> admin@pds| FSD, Sevur
[2025-02-18 18:02:12] User -> Warehouse Edit -> admin@pds| FSD, Arakkonam
[2025-02-18 18:02:12] User -> Warehouse Edit -> admin@pds| PEG,Madhuranthagam
[2025-02-18 18:02:12] User -> Warehouse Edit -> admin@pds| PEG,Thiruvanammalai
[2025-02-18 18:02:12] User -> Warehouse Edit -> admin@pds| CWC Madurai-II
[2025-02-18 18:02:12] User -> Warehouse Edit -> admin@pds| FSD Ramnad
[2025-02-18 18:02:12] User -> Warehouse Edit -> admin@pds| TNWC Ramnad PEG
[2025-02-18 18:02:12] User -> Warehouse Edit -> admin@pds| TNWC Karikudi PEG
[2025-02-18 18:02:12] User -> Warehouse Edit -> admin@pds| CWC Virudhunagar
[2025-02-18 18:02:12] User -> Warehouse Edit -> admin@pds| FSD MG Complex 
[2025-02-18 18:02:12] User -> Warehouse Edit -> admin@pds| TNWC Tirunelveli 
[2025-02-18 18:02:12] User -> Warehouse Edit -> admin@pds| TNWC PEG Muthur 
[2025-02-18 18:02:12] User -> Warehouse Edit -> admin@pds| CWC Nagercoil  
[2025-02-18 18:02:12] User -> Warehouse Edit -> admin@pds| TNWC DINDIGUL 
[2025-02-18 18:02:12] User -> Warehouse Edit -> admin@pds| CWC Moolapalayam
[2025-02-18 18:02:12] User -> Warehouse Edit -> admin@pds| CWC Hosur
[2025-02-18 18:02:12] User -> Warehouse Edit -> admin@pds| TNWC Tiruppur 
[2025-02-18 18:02:12] User -> Warehouse Edit -> admin@pds| TNWC Namakkal
[2025-02-18 18:02:12] User -> Warehouse Edit -> admin@pds| PEG Dharmapuri
[2025-02-18 18:02:12] User -> Warehouse Edit -> admin@pds| SILO Madukkarai
[2025-02-18 18:02:12] User -> Warehouse Edit -> admin@pds| FSD Peelamedu
[2025-02-18 18:02:12] User -> Warehouse Edit -> admin@pds| FSD Salem
[2025-02-18 18:02:12] User -> Warehouse Edit -> admin@pds| FSD COIMBATORE
[2025-02-18 18:02:12] User -> Warehouse Edit -> admin@pds| CWC Thanjavur
[2025-02-18 18:02:13] User -> Warehouse Edit -> admin@pds| FSD Sembanarkoil
[2025-02-18 18:02:13] User -> Warehouse Edit -> admin@pds| TNWC Pudukottai
[2025-02-18 18:02:13] User -> Warehouse Edit -> admin@pds| CWC Trichy
[2025-02-18 18:02:13] User -> Warehouse Edit -> admin@pds| TNWC Trichy
[2025-02-18 18:02:13] User -> Warehouse Edit -> admin@pds| TNWC Chinnasalem
[2025-02-18 18:02:13] User -> Warehouse Edit -> admin@pds| TNWC Villupuram
[2025-02-18 18:02:13] User -> Warehouse Edit -> admin@pds| PEG Villupuram
[2025-02-18 18:02:13] User -> Warehouse Edit -> admin@pds| FSD Chidambaram
[2025-02-18 18:02:13] User -> Warehouse Edit -> admin@pds| CWC Chidambaram
[2025-02-18 18:02:13] User -> Warehouse Edit -> admin@pds| CWC Cuddalore
[2025-02-18 18:02:13] User -> Warehouse Edit -> admin@pds| FSD Pondicherry
[2025-02-18 18:02:13] User -> Warehouse Edit -> admin@pds| FSD Karaikal
[2025-02-18 18:02:13] User -> Warehouse Edit -> admin@pds| FSD Thiruvandarkoil
