[2026-08-06 13:55:50] User -> DCP deleted -> fci@pds| Requested JSON -> {"uid":"all"} | all
[2026-08-06 13:56:36] User -> DCP Added -> fci@pds| FSD Egmore
[2026-08-06 13:56:36] User -> DCP Added -> fci@pds| Silo Elavur
[2026-08-06 13:56:36] User -> DCP Added -> fci@pds| FSD, Sevur
[2026-08-06 13:56:36] User -> DCP Added -> fci@pds| FSD, Arakkonam
[2026-08-06 13:56:36] User -> DCP Added -> fci@pds| PEG,Madhuranthagam
[2026-08-06 13:56:36] User -> DCP Added -> fci@pds| PEG,Thiruvanammalai
[2026-08-06 13:56:36] User -> DCP Added -> fci@pds| CWC Madurai-II
[2026-08-06 13:56:36] User -> DCP Added -> fci@pds| FSD Ramnad
[2026-08-06 13:56:36] User -> DCP Added -> fci@pds| TNWC Ramnad PEG
[2026-08-06 13:56:36] User -> DCP Added -> fci@pds| TNWC Karikudi PEG
[2026-08-06 13:56:36] User -> DCP Added -> fci@pds| CWC Virudhunagar
[2026-08-06 13:56:36] User -> DCP Added -> fci@pds| FSD MG Complex 
[2026-08-06 13:56:36] User -> DCP Added -> fci@pds| TNWC Tirunelveli 
[2026-08-06 13:56:36] User -> DCP Added -> fci@pds| TNWC PEG Muthur 
[2026-08-06 13:56:36] User -> DCP Added -> fci@pds| CWC Nagercoil  
[2026-08-06 13:56:36] User -> DCP Added -> fci@pds| TNWC DINDIGUL 
[2026-08-06 13:56:36] User -> DCP Added -> fci@pds| CWC Moolapalayam
[2026-08-06 13:56:36] User -> DCP Added -> fci@pds| CWC Hosur
[2026-08-06 13:56:36] User -> DCP Added -> fci@pds| TNWC Tiruppur 
[2026-08-06 13:56:36] User -> DCP Added -> fci@pds| TNWC Namakkal
[2026-08-06 13:56:36] User -> DCP Added -> fci@pds| PEG Dharmapuri
[2026-08-06 13:56:36] User -> DCP Added -> fci@pds| SILO Madukkarai
[2026-08-06 13:56:36] User -> DCP Added -> fci@pds| FSD Peelamedu
[2026-08-06 13:56:36] User -> DCP Added -> fci@pds| FSD Salem
[2026-08-06 13:56:36] User -> DCP Added -> fci@pds| FSD COIMBATORE
[2026-08-06 13:56:36] User -> DCP Added -> fci@pds| CWC Thanjavur
[2026-08-06 13:56:36] User -> DCP Added -> fci@pds| FSD Sembanarkoil
[2026-08-06 13:56:36] User -> DCP Added -> fci@pds| TNWC Pudukottai
[2026-08-06 13:56:36] User -> DCP Added -> fci@pds| CWC Trichy
[2026-08-06 13:56:36] User -> DCP Added -> fci@pds| TNWC Trichy
[2026-08-06 13:56:36] User -> DCP Added -> fci@pds| TNWC Chinnasalem
[2026-08-06 13:56:36] User -> DCP Added -> fci@pds| TNWC Villupuram
[2026-08-06 13:56:36] User -> DCP Added -> fci@pds| PEG Villupuram
[2026-08-06 13:56:36] User -> DCP Added -> fci@pds| FSD Chidambaram
[2026-08-06 13:56:36] User -> DCP Added -> fci@pds| CWC Chidambaram
[2026-08-06 13:56:36] User -> DCP Added -> fci@pds| CWC Cuddalore
[2026-08-06 13:56:36] User -> DCP Added -> fci@pds| FSD Karaikal
[2026-08-06 13:56:36] User -> DCP Added -> fci@pds| FSD Thiruvandarkoil
[2026-08-06 13:57:04] User -> DCP Edit -> fci@pds| FSD Egmore
[2026-08-06 13:57:04] User -> DCP Edit -> fci@pds| Silo Elavur
[2026-08-06 13:57:04] User -> DCP Edit -> fci@pds| FSD, Sevur
[2026-08-06 13:57:04] User -> DCP Edit -> fci@pds| FSD, Arakkonam
[2026-08-06 13:57:04] User -> DCP Edit -> fci@pds| PEG,Madhuranthagam
[2026-08-06 13:57:04] User -> DCP Edit -> fci@pds| PEG,Thiruvanammalai
[2026-08-06 13:57:04] User -> DCP Edit -> fci@pds| CWC Madurai-II
[2026-08-06 13:57:04] User -> DCP Edit -> fci@pds| FSD Ramnad
[2026-08-06 13:57:04] User -> DCP Edit -> fci@pds| TNWC Ramnad PEG
[2026-08-06 13:57:04] User -> DCP Edit -> fci@pds| TNWC Karikudi PEG
[2026-08-06 13:57:04] User -> DCP Edit -> fci@pds| CWC Virudhunagar
[2026-08-06 13:57:04] User -> DCP Edit -> fci@pds| FSD MG Complex 
[2026-08-06 13:57:04] User -> DCP Edit -> fci@pds| TNWC Tirunelveli 
[2026-08-06 13:57:04] User -> DCP Edit -> fci@pds| TNWC PEG Muthur 
[2026-08-06 13:57:04] User -> DCP Edit -> fci@pds| CWC Nagercoil  
[2026-08-06 13:57:04] User -> DCP Edit -> fci@pds| TNWC DINDIGUL 
[2026-08-06 13:57:04] User -> DCP Edit -> fci@pds| CWC Moolapalayam
[2026-08-06 13:57:04] User -> DCP Edit -> fci@pds| CWC Hosur
[2026-08-06 13:57:04] User -> DCP Edit -> fci@pds| TNWC Tiruppur 
[2026-08-06 13:57:04] User -> DCP Edit -> fci@pds| TNWC Namakkal
[2026-08-06 13:57:04] User -> DCP Edit -> fci@pds| PEG Dharmapuri
[2026-08-06 13:57:04] User -> DCP Edit -> fci@pds| SILO Madukkarai
[2026-08-06 13:57:04] User -> DCP Edit -> fci@pds| FSD Peelamedu
[2026-08-06 13:57:04] User -> DCP Edit -> fci@pds| FSD Salem
[2026-08-06 13:57:04] User -> DCP Edit -> fci@pds| FSD COIMBATORE
[2026-08-06 13:57:04] User -> DCP Edit -> fci@pds| CWC Thanjavur
[2026-08-06 13:57:04] User -> DCP Edit -> fci@pds| FSD Sembanarkoil
[2026-08-06 13:57:04] User -> DCP Edit -> fci@pds| TNWC Pudukottai
[2026-08-06 13:57:04] User -> DCP Edit -> fci@pds| CWC Trichy
[2026-08-06 13:57:04] User -> DCP Edit -> fci@pds| TNWC Trichy
[2026-08-06 13:57:04] User -> DCP Edit -> fci@pds| TNWC Chinnasalem
[2026-08-06 13:57:04] User -> DCP Edit -> fci@pds| TNWC Villupuram
[2026-08-06 13:57:04] User -> DCP Edit -> fci@pds| PEG Villupuram
[2026-08-06 13:57:04] User -> DCP Edit -> fci@pds| FSD Chidambaram
[2026-08-06 13:57:04] User -> DCP Edit -> fci@pds| CWC Chidambaram
[2026-08-06 13:57:04] User -> DCP Edit -> fci@pds| CWC Cuddalore
[2026-08-06 13:57:04] User -> DCP Edit -> fci@pds| FSD Karaikal
[2026-08-06 13:57:04] User -> DCP Edit -> fci@pds| FSD Thiruvandarkoil
[2026-08-06 14:01:14] User -> DCP deleted -> fci@pds| Requested JSON -> {"uid":"all"} | all
[2026-08-06 14:01:29] User -> DCP Added -> fci@pds| FSD Egmore
[2026-08-06 14:01:29] User -> DCP Added -> fci@pds| Silo Elavur
[2026-08-06 14:01:30] User -> DCP Added -> fci@pds| FSD, Sevur
[2026-08-06 14:01:30] User -> DCP Added -> fci@pds| FSD, Arakkonam
[2026-08-06 14:01:30] User -> DCP Added -> fci@pds| PEG,Madhuranthagam
[2026-08-06 14:01:30] User -> DCP Added -> fci@pds| PEG,Thiruvanammalai
[2026-08-06 14:01:30] User -> DCP Added -> fci@pds| CWC Madurai-II
[2026-08-06 14:01:30] User -> DCP Added -> fci@pds| FSD Ramnad
[2026-08-06 14:01:30] User -> DCP Added -> fci@pds| TNWC Ramnad PEG
[2026-08-06 14:01:30] User -> DCP Added -> fci@pds| TNWC Karikudi PEG
[2026-08-06 14:01:30] User -> DCP Added -> fci@pds| CWC Virudhunagar
[2026-08-06 14:01:30] User -> DCP Added -> fci@pds| FSD MG Complex 
[2026-08-06 14:01:30] User -> DCP Added -> fci@pds| TNWC Tirunelveli 
[2026-08-06 14:01:30] User -> DCP Added -> fci@pds| TNWC PEG Muthur 
[2026-08-06 14:01:30] User -> DCP Added -> fci@pds| CWC Nagercoil  
[2026-08-06 14:01:30] User -> DCP Added -> fci@pds| TNWC DINDIGUL 
[2026-08-06 14:01:30] User -> DCP Added -> fci@pds| CWC Moolapalayam
[2026-08-06 14:01:30] User -> DCP Added -> fci@pds| CWC Hosur
[2026-08-06 14:01:30] User -> DCP Added -> fci@pds| TNWC Tiruppur 
[2026-08-06 14:01:30] User -> DCP Added -> fci@pds| TNWC Namakkal
[2026-08-06 14:01:30] User -> DCP Added -> fci@pds| PEG Dharmapuri
[2026-08-06 14:01:30] User -> DCP Added -> fci@pds| SILO Madukkarai
[2026-08-06 14:01:30] User -> DCP Added -> fci@pds| FSD Peelamedu
[2026-08-06 14:01:30] User -> DCP Added -> fci@pds| FSD Salem
[2026-08-06 14:01:30] User -> DCP Added -> fci@pds| FSD COIMBATORE
[2026-08-06 14:01:30] User -> DCP Added -> fci@pds| CWC Thanjavur
[2026-08-06 14:01:30] User -> DCP Added -> fci@pds| FSD Sembanarkoil
[2026-08-06 14:01:30] User -> DCP Added -> fci@pds| TNWC Pudukottai
[2026-08-06 14:01:30] User -> DCP Added -> fci@pds| CWC Trichy
[2026-08-06 14:01:30] User -> DCP Added -> fci@pds| TNWC Trichy
[2026-08-06 14:01:30] User -> DCP Added -> fci@pds| TNWC Chinnasalem
[2026-08-06 14:01:30] User -> DCP Added -> fci@pds| TNWC Villupuram
[2026-08-06 14:01:30] User -> DCP Added -> fci@pds| PEG Villupuram
[2026-08-06 14:01:30] User -> DCP Added -> fci@pds| FSD Chidambaram
[2026-08-06 14:01:30] User -> DCP Added -> fci@pds| CWC Chidambaram
[2026-08-06 14:01:30] User -> DCP Added -> fci@pds| CWC Cuddalore
[2026-08-06 14:01:30] User -> DCP Added -> fci@pds| FSD Karaikal
[2026-08-06 14:01:30] User -> DCP Added -> fci@pds| FSD Thiruvandarkoil
[2026-08-06 14:01:47] User -> DCP Edit -> fci@pds| FSD Egmore
[2026-08-06 14:01:47] User -> DCP Edit -> fci@pds| Silo Elavur
[2026-08-06 14:01:47] User -> DCP Edit -> fci@pds| FSD, Sevur
[2026-08-06 14:01:47] User -> DCP Edit -> fci@pds| FSD, Arakkonam
[2026-08-06 14:01:47] User -> DCP Edit -> fci@pds| PEG,Madhuranthagam
[2026-08-06 14:01:47] User -> DCP Edit -> fci@pds| PEG,Thiruvanammalai
[2026-08-06 14:01:47] User -> DCP Edit -> fci@pds| CWC Madurai-II
[2026-08-06 14:01:47] User -> DCP Edit -> fci@pds| FSD Ramnad
[2026-08-06 14:01:47] User -> DCP Edit -> fci@pds| TNWC Ramnad PEG
[2026-08-06 14:01:47] User -> DCP Edit -> fci@pds| TNWC Karikudi PEG
[2026-08-06 14:01:47] User -> DCP Edit -> fci@pds| CWC Virudhunagar
[2026-08-06 14:01:47] User -> DCP Edit -> fci@pds| FSD MG Complex 
[2026-08-06 14:01:47] User -> DCP Edit -> fci@pds| TNWC Tirunelveli 
[2026-08-06 14:01:47] User -> DCP Edit -> fci@pds| TNWC PEG Muthur 
[2026-08-06 14:01:47] User -> DCP Edit -> fci@pds| CWC Nagercoil  
[2026-08-06 14:01:47] User -> DCP Edit -> fci@pds| TNWC DINDIGUL 
[2026-08-06 14:01:47] User -> DCP Edit -> fci@pds| CWC Moolapalayam
[2026-08-06 14:01:47] User -> DCP Edit -> fci@pds| CWC Hosur
[2026-08-06 14:01:47] User -> DCP Edit -> fci@pds| TNWC Tiruppur 
[2026-08-06 14:01:47] User -> DCP Edit -> fci@pds| TNWC Namakkal
[2026-08-06 14:01:47] User -> DCP Edit -> fci@pds| PEG Dharmapuri
[2026-08-06 14:01:47] User -> DCP Edit -> fci@pds| SILO Madukkarai
[2026-08-06 14:01:47] User -> DCP Edit -> fci@pds| FSD Peelamedu
[2026-08-06 14:01:47] User -> DCP Edit -> fci@pds| FSD Salem
[2026-08-06 14:01:47] User -> DCP Edit -> fci@pds| FSD COIMBATORE
[2026-08-06 14:01:47] User -> DCP Edit -> fci@pds| CWC Thanjavur
[2026-08-06 14:01:47] User -> DCP Edit -> fci@pds| FSD Sembanarkoil
[2026-08-06 14:01:47] User -> DCP Edit -> fci@pds| TNWC Pudukottai
[2026-08-06 14:01:47] User -> DCP Edit -> fci@pds| CWC Trichy
[2026-08-06 14:01:47] User -> DCP Edit -> fci@pds| TNWC Trichy
[2026-08-06 14:01:47] User -> DCP Edit -> fci@pds| TNWC Chinnasalem
[2026-08-06 14:01:47] User -> DCP Edit -> fci@pds| TNWC Villupuram
[2026-08-06 14:01:47] User -> DCP Edit -> fci@pds| PEG Villupuram
[2026-08-06 14:01:47] User -> DCP Edit -> fci@pds| FSD Chidambaram
[2026-08-06 14:01:47] User -> DCP Edit -> fci@pds| CWC Chidambaram
[2026-08-06 14:01:48] User -> DCP Edit -> fci@pds| CWC Cuddalore
[2026-08-06 14:01:48] User -> DCP Edit -> fci@pds| FSD Karaikal
[2026-08-06 14:01:48] User -> DCP Edit -> fci@pds| FSD Thiruvandarkoil
[2026-08-06 14:04:58] User -> DCP deleted -> fci@pds| Requested JSON -> {"uid":"all"} | all
[2026-08-06 14:05:14] User -> DCP Added -> fci@pds| FSD Egmore
[2026-08-06 14:05:14] User -> DCP Added -> fci@pds| Silo Elavur
[2026-08-06 14:05:14] User -> DCP Added -> fci@pds| FSD, Sevur
[2026-08-06 14:05:14] User -> DCP Added -> fci@pds| FSD, Arakkonam
[2026-08-06 14:05:14] User -> DCP Added -> fci@pds| PEG,Madhuranthagam
[2026-08-06 14:05:14] User -> DCP Added -> fci@pds| PEG,Thiruvanammalai
[2026-08-06 14:05:14] User -> DCP Added -> fci@pds| CWC Madurai-II
[2026-08-06 14:05:14] User -> DCP Added -> fci@pds| FSD Ramnad
[2026-08-06 14:05:14] User -> DCP Added -> fci@pds| TNWC Ramnad PEG
[2026-08-06 14:05:14] User -> DCP Added -> fci@pds| TNWC Karikudi PEG
[2026-08-06 14:05:14] User -> DCP Added -> fci@pds| CWC Virudhunagar
[2026-08-06 14:05:14] User -> DCP Added -> fci@pds| FSD MG Complex 
[2026-08-06 14:05:14] User -> DCP Added -> fci@pds| TNWC Tirunelveli 
[2026-08-06 14:05:14] User -> DCP Added -> fci@pds| TNWC PEG Muthur 
[2026-08-06 14:05:14] User -> DCP Added -> fci@pds| CWC Nagercoil  
[2026-08-06 14:05:14] User -> DCP Added -> fci@pds| TNWC DINDIGUL 
[2026-08-06 14:05:14] User -> DCP Added -> fci@pds| CWC Moolapalayam
[2026-08-06 14:05:14] User -> DCP Added -> fci@pds| CWC Hosur
[2026-08-06 14:05:14] User -> DCP Added -> fci@pds| TNWC Tiruppur 
[2026-08-06 14:05:14] User -> DCP Added -> fci@pds| TNWC Namakkal
[2026-08-06 14:05:14] User -> DCP Added -> fci@pds| PEG Dharmapuri
[2026-08-06 14:05:14] User -> DCP Added -> fci@pds| SILO Madukkarai
[2026-08-06 14:05:14] User -> DCP Added -> fci@pds| FSD Peelamedu
[2026-08-06 14:05:14] User -> DCP Added -> fci@pds| FSD Salem
[2026-08-06 14:05:14] User -> DCP Added -> fci@pds| FSD COIMBATORE
[2026-08-06 14:05:14] User -> DCP Added -> fci@pds| CWC Thanjavur
[2026-08-06 14:05:14] User -> DCP Added -> fci@pds| FSD Sembanarkoil
[2026-08-06 14:05:14] User -> DCP Added -> fci@pds| TNWC Pudukottai
[2026-08-06 14:05:14] User -> DCP Added -> fci@pds| CWC Trichy
[2026-08-06 14:05:14] User -> DCP Added -> fci@pds| TNWC Trichy
[2026-08-06 14:05:14] User -> DCP Added -> fci@pds| TNWC Chinnasalem
[2026-08-06 14:05:14] User -> DCP Added -> fci@pds| TNWC Villupuram
[2026-08-06 14:05:14] User -> DCP Added -> fci@pds| PEG Villupuram
[2026-08-06 14:05:14] User -> DCP Added -> fci@pds| FSD Chidambaram
[2026-08-06 14:05:14] User -> DCP Added -> fci@pds| CWC Chidambaram
[2026-08-06 14:05:14] User -> DCP Added -> fci@pds| CWC Cuddalore
[2026-08-06 14:05:14] User -> DCP Added -> fci@pds| FSD Karaikal
[2026-08-06 14:05:14] User -> DCP Added -> fci@pds| FSD Thiruvandarkoil
[2026-08-06 14:05:32] User -> DCP Edit -> fci@pds| FSD Egmore
[2026-08-06 14:05:32] User -> DCP Edit -> fci@pds| Silo Elavur
[2026-08-06 14:05:32] User -> DCP Edit -> fci@pds| FSD, Sevur
[2026-08-06 14:05:32] User -> DCP Edit -> fci@pds| FSD, Arakkonam
[2026-08-06 14:05:32] User -> DCP Edit -> fci@pds| PEG,Madhuranthagam
[2026-08-06 14:05:32] User -> DCP Edit -> fci@pds| PEG,Thiruvanammalai
[2026-08-06 14:05:32] User -> DCP Edit -> fci@pds| CWC Madurai-II
[2026-08-06 14:05:32] User -> DCP Edit -> fci@pds| FSD Ramnad
[2026-08-06 14:05:32] User -> DCP Edit -> fci@pds| TNWC Ramnad PEG
[2026-08-06 14:05:32] User -> DCP Edit -> fci@pds| TNWC Karikudi PEG
[2026-08-06 14:05:32] User -> DCP Edit -> fci@pds| CWC Virudhunagar
[2026-08-06 14:05:32] User -> DCP Edit -> fci@pds| FSD MG Complex 
[2026-08-06 14:05:32] User -> DCP Edit -> fci@pds| TNWC Tirunelveli 
[2026-08-06 14:05:32] User -> DCP Edit -> fci@pds| TNWC PEG Muthur 
[2026-08-06 14:05:32] User -> DCP Edit -> fci@pds| CWC Nagercoil  
[2026-08-06 14:05:32] User -> DCP Edit -> fci@pds| TNWC DINDIGUL 
[2026-08-06 14:05:32] User -> DCP Edit -> fci@pds| CWC Moolapalayam
[2026-08-06 14:05:32] User -> DCP Edit -> fci@pds| CWC Hosur
[2026-08-06 14:05:32] User -> DCP Edit -> fci@pds| TNWC Tiruppur 
[2026-08-06 14:05:32] User -> DCP Edit -> fci@pds| TNWC Namakkal
[2026-08-06 14:05:32] User -> DCP Edit -> fci@pds| PEG Dharmapuri
[2026-08-06 14:05:32] User -> DCP Edit -> fci@pds| SILO Madukkarai
[2026-08-06 14:05:32] User -> DCP Edit -> fci@pds| FSD Peelamedu
[2026-08-06 14:05:32] User -> DCP Edit -> fci@pds| FSD Salem
[2026-08-06 14:05:32] User -> DCP Edit -> fci@pds| FSD COIMBATORE
[2026-08-06 14:05:32] User -> DCP Edit -> fci@pds| CWC Thanjavur
[2026-08-06 14:05:32] User -> DCP Edit -> fci@pds| FSD Sembanarkoil
[2026-08-06 14:05:32] User -> DCP Edit -> fci@pds| TNWC Pudukottai
[2026-08-06 14:05:32] User -> DCP Edit -> fci@pds| CWC Trichy
[2026-08-06 14:05:32] User -> DCP Edit -> fci@pds| TNWC Trichy
[2026-08-06 14:05:32] User -> DCP Edit -> fci@pds| TNWC Chinnasalem
[2026-08-06 14:05:32] User -> DCP Edit -> fci@pds| TNWC Villupuram
[2026-08-06 14:05:32] User -> DCP Edit -> fci@pds| PEG Villupuram
[2026-08-06 14:05:32] User -> DCP Edit -> fci@pds| FSD Chidambaram
[2026-08-06 14:05:32] User -> DCP Edit -> fci@pds| CWC Chidambaram
[2026-08-06 14:05:32] User -> DCP Edit -> fci@pds| CWC Cuddalore
[2026-08-06 14:05:32] User -> DCP Edit -> fci@pds| FSD Karaikal
[2026-08-06 14:05:32] User -> DCP Edit -> fci@pds| FSD Thiruvandarkoil
[2026-08-06 15:34:04] User -> DCP deleted -> fci@pds| Requested JSON -> {"uid":"DCP_6a744742450"} | FSD Karaikal
[2026-08-06 15:40:02] User -> DCP Edit -> fci@pds| FSD Egmore
[2026-08-06 15:40:02] User -> DCP Edit -> fci@pds| Silo Elavur
[2026-08-06 15:40:02] User -> DCP Edit -> fci@pds| FSD, Sevur
[2026-08-06 15:40:02] User -> DCP Edit -> fci@pds| FSD, Arakkonam
[2026-08-06 15:40:02] User -> DCP Edit -> fci@pds| PEG,Madhuranthagam
[2026-08-06 15:40:02] User -> DCP Edit -> fci@pds| PEG,Thiruvanammalai
[2026-08-06 15:40:02] User -> DCP Edit -> fci@pds| CWC Madurai-II
[2026-08-06 15:40:02] User -> DCP Edit -> fci@pds| FSD Ramnad
[2026-08-06 15:40:02] User -> DCP Edit -> fci@pds| TNWC Ramnad PEG
[2026-08-06 15:40:02] User -> DCP Edit -> fci@pds| TNWC Karikudi PEG
[2026-08-06 15:40:02] User -> DCP Edit -> fci@pds| CWC Virudhunagar
[2026-08-06 15:40:02] User -> DCP Edit -> fci@pds| FSD MG Complex 
[2026-08-06 15:40:02] User -> DCP Edit -> fci@pds| TNWC Tirunelveli 
[2026-08-06 15:40:02] User -> DCP Edit -> fci@pds| TNWC PEG Muthur 
[2026-08-06 15:40:02] User -> DCP Edit -> fci@pds| CWC Nagercoil  
[2026-08-06 15:40:02] User -> DCP Edit -> fci@pds| TNWC DINDIGUL 
[2026-08-06 15:40:02] User -> DCP Edit -> fci@pds| CWC Moolapalayam
[2026-08-06 15:40:02] User -> DCP Edit -> fci@pds| CWC Hosur
[2026-08-06 15:40:02] User -> DCP Edit -> fci@pds| TNWC Tiruppur 
[2026-08-06 15:40:02] User -> DCP Edit -> fci@pds| TNWC Namakkal
[2026-08-06 15:40:02] User -> DCP Edit -> fci@pds| PEG Dharmapuri
[2026-08-06 15:40:02] User -> DCP Edit -> fci@pds| SILO Madukkarai
[2026-08-06 15:40:02] User -> DCP Edit -> fci@pds| FSD Peelamedu
[2026-08-06 15:40:02] User -> DCP Edit -> fci@pds| FSD Salem
[2026-08-06 15:40:02] User -> DCP Edit -> fci@pds| FSD COIMBATORE
[2026-08-06 15:40:02] User -> DCP Edit -> fci@pds| CWC Thanjavur
[2026-08-06 15:40:02] User -> DCP Edit -> fci@pds| FSD Sembanarkoil
[2026-08-06 15:40:02] User -> DCP Edit -> fci@pds| TNWC Pudukottai
[2026-08-06 15:40:02] User -> DCP Edit -> fci@pds| CWC Trichy
[2026-08-06 15:40:02] User -> DCP Edit -> fci@pds| TNWC Trichy
[2026-08-06 15:40:02] User -> DCP Edit -> fci@pds| TNWC Chinnasalem
[2026-08-06 15:40:02] User -> DCP Edit -> fci@pds| TNWC Villupuram
[2026-08-06 15:40:02] User -> DCP Edit -> fci@pds| PEG Villupuram
[2026-08-06 15:40:02] User -> DCP Edit -> fci@pds| FSD Chidambaram
[2026-08-06 15:40:02] User -> DCP Edit -> fci@pds| CWC Chidambaram
[2026-08-06 15:40:02] User -> DCP Edit -> fci@pds| CWC Cuddalore
[2026-08-06 15:40:02] User -> DCP Edit -> fci@pds| FSD Thiruvandarkoil
