[2025-06-17 12:57:12] User -> Warehouse deleted -> admin@pds| Requested JSON -> {"uid":"all"} | all
[2025-06-17 13:00:04] User -> Warehouse Added -> admin@pds| <script>alert</script>
[2025-06-17 13:00:04] User -> Warehouse Added -> admin@pds| CHENGALPATU
[2025-06-17 13:00:04] User -> Warehouse Added -> admin@pds| X5O!P%@AP[4PZX54(P^)7CC)7}$EICAR-STANDARD-ANTIVIRUS-TEST-FILE!$H+H*
[2025-06-17 13:00:15] User -> Warehouse deleted -> admin@pds| Requested JSON -> {"uid":"all"} | all
[2025-06-17 13:00:27] User -> Warehouse Added -> admin@pds| <script>alert</script>
[2025-06-17 13:00:27] User -> Warehouse Added -> admin@pds| CHENGALPATU
[2025-06-17 13:00:27] User -> Warehouse Added -> admin@pds| X5O!P%@AP[4PZX54(P^)7CC)7}$EICAR-STANDARD-ANTIVIRUS-TEST-FILE!$H+H*
[2025-06-17 13:02:05] User -> Warehouse deleted -> admin@pds| Requested JSON -> {"uid":"all"} | all
[2025-06-17 13:03:33] User -> Warehouse Added -> admin@pds| <script>alert(123)</script>
[2025-06-17 13:03:34] User -> Warehouse Added -> admin@pds| CHENGALPATU
[2025-06-17 13:03:34] User -> Warehouse Added -> admin@pds| X5O!P%@AP[4PZX54(P^)7CC)7}$EICAR-STANDARD-ANTIVIRUS-TEST-FILE!$H+H*
[2025-06-17 13:04:50] User -> Warehouse deleted -> admin@pds| Requested JSON -> {"uid":"all"} | all
[2025-06-17 13:05:02] User -> Warehouse Added -> admin@pds| abc
[2025-06-17 13:05:02] User -> Warehouse Added -> admin@pds| CHENGALPATU
[2025-06-17 13:05:02] User -> Warehouse Added -> admin@pds| X5O!P%@AP[4PZX54(P^)7CC)7}$EICAR-STANDARD-ANTIVIRUS-TEST-FILE!$H+H*
[2025-06-17 13:18:32] User -> Warehouse deleted -> admin@pds| Requested JSON -> {"uid":"all"} | all
[2025-06-17 14:12:28] User -> Warehouse deleted -> admin@pds| Requested JSON -> {"uid":"all"} | all
[2025-06-17 14:18:02] User -> Warehouse Added -> admin@pds| abc
[2025-06-17 14:18:02] User -> Warehouse Added -> admin@pds| CHENGALPATU
[2025-06-17 14:18:02] User -> Warehouse Added -> admin@pds| aab
[2025-06-17 14:20:49] User -> Warehouse deleted -> admin@pds| Requested JSON -> {"uid":"all"} | all
[2025-06-17 14:49:13] User -> Warehouse Added -> admin@pds| abc
[2025-06-17 14:49:13] User -> Warehouse Added -> admin@pds| CHENGALPATU
[2025-06-17 14:49:13] User -> Warehouse Added -> admin@pds| aab
[2025-06-17 14:49:25] User -> Warehouse Edit -> admin@pds| abc
[2025-06-17 14:49:25] User -> Warehouse Edit -> admin@pds| CHENGALPATU
[2025-06-17 14:49:25] User -> Warehouse Edit -> admin@pds| aab
[2025-06-17 15:01:48] User -> FPS deleted -> admin@pds| Requested JSON -> {"uid":"all"} | all
[2025-06-17 15:41:02] User -> FPS deleted -> admin@pds| Requested JSON -> {"uid":"all"} | all
[2025-06-17 15:58:51] User -> Warehouse deleted -> admin@pds| Requested JSON -> {"uid":"all"} | all
[2025-06-17 15:59:02] User -> Warehouse Added -> admin@pds| abc
[2025-06-17 15:59:02] User -> Warehouse Added -> admin@pds| CHENGALPATU
[2025-06-17 15:59:02] User -> Warehouse Added -> admin@pds| aab
[2025-06-17 15:59:09] User -> Warehouse deleted -> admin@pds| Requested JSON -> {"uid":"all"} | all
[2025-06-17 15:59:21] User -> Warehouse Added -> admin@pds| abc
[2025-06-17 15:59:21] User -> Warehouse Added -> admin@pds| CHENGALPATU
[2025-06-17 15:59:21] User -> Warehouse Added -> admin@pds| aab
[2025-06-17 16:38:41] User -> Warehouse Edit -> admin@pds| abc
[2025-06-17 16:38:41] User -> Warehouse Edit -> admin@pds| CHENGALPATU
[2025-06-17 16:38:41] User -> Warehouse Edit -> admin@pds| aab
[2025-06-17 16:38:54] User -> Warehouse Edit -> admin@pds| abc
[2025-06-17 16:38:54] User -> Warehouse Edit -> admin@pds| CHENGALPATU
[2025-06-17 16:38:54] User -> Warehouse Edit -> admin@pds| aab
[2025-06-17 16:39:47] User -> Warehouse Edit -> admin@pds| abc
[2025-06-17 16:39:47] User -> Warehouse Edit -> admin@pds| CHENGALPATU
[2025-06-17 16:39:47] User -> Warehouse Edit -> admin@pds| aab
[2025-06-17 16:42:39] User -> Warehouse Edit -> admin@pds| abc
[2025-06-17 16:42:39] User -> Warehouse Edit -> admin@pds| CHENGALPATU
[2025-06-17 16:42:39] User -> Warehouse Edit -> admin@pds| aab
[2025-06-17 16:42:49] User -> Warehouse Edit -> admin@pds| abc
[2025-06-17 16:42:49] User -> Warehouse Edit -> admin@pds| CHENGALPATU
[2025-06-17 16:42:49] User -> Warehouse Edit -> admin@pds| aab
[2025-06-17 16:43:06] User -> Warehouse Edit -> admin@pds| abc
[2025-06-17 16:43:06] User -> Warehouse Edit -> admin@pds| CHENGALPATU
[2025-06-17 16:43:06] User -> Warehouse Edit -> admin@pds| aab
[2025-06-17 16:44:06] User -> Warehouse Edit -> admin@pds| abc
[2025-06-17 16:44:06] User -> Warehouse Edit -> admin@pds| CHENGALPATU
[2025-06-17 16:44:06] User -> Warehouse Edit -> admin@pds| aab
[2025-06-17 16:44:15] User -> Warehouse Edit -> admin@pds| abc
[2025-06-17 16:44:15] User -> Warehouse Edit -> admin@pds| CHENGALPATU
[2025-06-17 16:44:15] User -> Warehouse Edit -> admin@pds| aab
[2025-06-17 16:45:05] User -> Warehouse Edit -> admin@pds| abc
[2025-06-17 16:45:05] User -> Warehouse Edit -> admin@pds| CHENGALPATU
[2025-06-17 16:45:05] User -> Warehouse Edit -> admin@pds| aab
[2025-06-17 16:45:23] User -> Warehouse Edit -> admin@pds| abc
[2025-06-17 16:45:23] User -> Warehouse Edit -> admin@pds| CHENGALPATU
[2025-06-17 16:45:23] User -> Warehouse Edit -> admin@pds| aab
[2025-06-17 16:49:01] User -> Warehouse Edit -> admin@pds| abc
[2025-06-17 16:49:01] User -> Warehouse Edit -> admin@pds| CHENGALPATU
[2025-06-17 16:49:01] User -> Warehouse Edit -> admin@pds| aab
