[2025-06-18 10:14:45] User -> Delete Message ->admin@pds| Requested JSON -> hi | 
[2025-06-18 10:14:48] User -> Delete Message ->admin@pds| Requested JSON -> hi | 
[2025-06-18 10:14:52] User -> Delete Message ->admin@pds| Requested JSON -> hi | 
[2025-06-18 10:14:55] User -> Delete Message ->admin@pds| Requested JSON -> hi | 
[2025-06-18 10:14:59] User -> Delete Message ->admin@pds| Requested JSON -> jjjj | 
[2025-06-18 10:15:02] User -> Delete Message ->admin@pds| Requested JSON -> aa | 
[2025-06-18 10:15:06] User -> Delete Message ->admin@pds| Requested JSON -> aa | 
[2025-06-18 10:15:10] User -> Delete Message ->admin@pds| Requested JSON -> aa | 
[2025-06-18 10:15:14] User -> Delete Message ->admin@pds| Requested JSON -> hi | 
[2025-06-18 10:16:20] User -> Warehouse deleted -> admin@pds| Requested JSON -> {"uid":"all"} | all
[2025-06-18 10:20:16] User -> Warehouse Added -> admin@pds| ARIYALUR OG
[2025-06-18 10:20:16] User -> Warehouse Added -> admin@pds| JEYANKONDAM OG
[2025-06-18 10:20:16] User -> Warehouse Added -> admin@pds| SENTHURAI OG
[2025-06-18 10:20:16] User -> Warehouse Added -> admin@pds| CHENGALPATU
[2025-06-18 10:20:16] User -> Warehouse Added -> admin@pds| MADURANTAKAM
[2025-06-18 10:20:16] User -> Warehouse Added -> admin@pds| THIRUKALUKUNDRAM
[2025-06-18 10:20:16] User -> Warehouse Added -> admin@pds| VALLAM GODOWN
[2025-06-18 10:20:16] User -> Warehouse Added -> admin@pds| VILVARAYANALLUR
[2025-06-18 10:20:16] User -> Warehouse Added -> admin@pds| ANNA NAGAR
[2025-06-18 10:20:16] User -> Warehouse Added -> admin@pds| ANNA NAGAR
[2025-06-18 10:22:11] User -> FPS deleted -> admin@pds| Requested JSON -> {"uid":"all"} | all
[2025-06-18 10:22:25] User -> FPS Added -> admin@pds| ABGDJ
[2025-06-18 10:22:25] User -> FPS Added -> admin@pds| ABGDJ
[2025-06-18 10:22:25] User -> FPS Added -> admin@pds| ABGDJ
[2025-06-18 10:22:25] User -> FPS Added -> admin@pds| ABGDJ
[2025-06-18 10:22:25] User -> FPS Added -> admin@pds| ABGDJ
[2025-06-18 10:22:25] User -> FPS Added -> admin@pds| ABGDJ
[2025-06-18 10:22:25] User -> FPS Added -> admin@pds| ABGDJ
[2025-06-18 10:22:25] User -> FPS Added -> admin@pds| ABGDJ
[2025-06-18 10:22:25] User -> FPS Added -> admin@pds| ABGDJ
[2025-06-18 10:22:25] User -> FPS Added -> admin@pds| ABGDJ
[2025-06-18 10:23:53] User -> Warehouse deleted -> admin@pds| Requested JSON -> {"uid":"all"} | all
[2025-06-18 10:24:19] User -> FPS deleted -> admin@pds| Requested JSON -> {"uid":"all"} | all
[2025-06-18 10:27:52] User -> FPS Added -> admin@pds| abc
[2025-06-18 10:27:52] User -> FPS Added -> admin@pds| ABGDJ
[2025-06-18 10:27:52] User -> FPS Added -> admin@pds| ABGDJ
[2025-06-18 10:27:52] User -> FPS Added -> admin@pds| ABGDJ
[2025-06-18 10:27:52] User -> FPS Added -> admin@pds| ABGDJ
[2025-06-18 10:27:52] User -> FPS Added -> admin@pds| ABGDJ
[2025-06-18 10:27:53] User -> FPS Added -> admin@pds| ABGDJ
[2025-06-18 10:27:53] User -> FPS Added -> admin@pds| ABGDJ
[2025-06-18 10:27:53] User -> FPS Added -> admin@pds| ABGDJ
[2025-06-18 10:27:53] User -> FPS Added -> admin@pds| ABGDJ
[2025-06-18 10:30:47] User -> FPS deleted -> admin@pds| Requested JSON -> {"uid":"all"} | all
[2025-06-18 12:47:25] User -> Warehouse Added -> admin@pds| ARIYALUR OG
[2025-06-18 12:47:25] User -> Warehouse Added -> admin@pds| JEYANKONDAM OG
[2025-06-18 12:47:25] User -> Warehouse Added -> admin@pds| SENTHURAI OG
[2025-06-18 12:47:25] User -> Warehouse Added -> admin@pds| CHENGALPATU
[2025-06-18 12:47:25] User -> Warehouse Added -> admin@pds| MADURANTAKAM
[2025-06-18 12:47:25] User -> Warehouse Added -> admin@pds| THIRUKALUKUNDRAM
[2025-06-18 12:47:25] User -> Warehouse Added -> admin@pds| VALLAM GODOWN
[2025-06-18 12:47:25] User -> Warehouse Added -> admin@pds| VILVARAYANALLUR
[2025-06-18 12:47:25] User -> Warehouse Added -> admin@pds| ANNA NAGAR
[2025-06-18 12:47:25] User -> Warehouse Added -> admin@pds| ANNA NAGAR
[2025-06-18 12:53:21] User -> Cost for leg2 Added ->admin@pds| Requested JSON -> {"cost_lbQU5ZSHdjTE0r":"12"} | 2024 | may
[2025-06-18 12:53:23] {"id":"lbQU5ZSHdjTE0r"}
[2025-06-18 12:53:23] User -> Cost for leg2 Reset ->admin@pds| Requested JSON -> {"id":"lbQU5ZSHdjTE0r"} | 
[2025-06-18 12:54:10] User -> Cost for leg1 Reset ->admin@pds| Requested JSON -> {"id":"NTUnSpTWeucUgA"} | 
[2025-06-18 12:54:48] User -> Cost for leg2 Added ->admin@pds| Requested JSON -> {"cost_NTUnSpTWeucUgA":"25"} | 2024 | may
[2025-06-18 12:57:08] User -> Warehouse added ->admin@pds| Requested JSON -> {"name":"scriptalert123script","type":"motorable","latitude":"25.123","storage":"155","district":"Ariyalur","id":"869","warehousetype":"swc","longitude":"45.366"}
[2025-06-18 12:58:10] User -> Warehouse Edit ->admin@pds| Requested JSON -> {"name":"Scriptalert123script","uniqueid":"WH_68526a4c5cf4","active":"1","type":"motorable","latitude":"25.123","storage":"155","district":"Ariyalur","id":"scriptalert123script","warehousetype":"swc","longitude":"45.366"}
[2025-06-18 12:59:32] User -> Warehouse deleted -> admin@pds| Requested JSON -> {"uid":"all"} | all
[2025-06-18 13:01:48] User -> Warehouse Added -> admin@pds| ARIYALUR OG
[2025-06-18 13:01:48] User -> Warehouse Added -> admin@pds| JEYANKONDAM OG
[2025-06-18 13:01:48] User -> Warehouse Added -> admin@pds| SENTHURAI OG
[2025-06-18 13:01:48] User -> Warehouse Added -> admin@pds| CHENGALPATU
[2025-06-18 13:01:48] User -> Warehouse Added -> admin@pds| MADURANTAKAM
[2025-06-18 13:01:48] User -> Warehouse Added -> admin@pds| THIRUKALUKUNDRAM
[2025-06-18 13:01:48] User -> Warehouse Added -> admin@pds| VALLAM GODOWN
[2025-06-18 13:01:48] User -> Warehouse Added -> admin@pds| VILVARAYANALLUR
[2025-06-18 13:01:48] User -> Warehouse Added -> admin@pds| ANNA NAGAR
[2025-06-18 13:01:48] User -> Warehouse Added -> admin@pds| ANNA NAGAR
[2025-06-18 14:20:55] User -> Cost for leg2 Added ->admin@pds| Requested JSON -> {"cost_lbQU5ZSHdjTE0r":"12"} | 2024 | may
[2025-06-18 14:35:53] User -> Warehouse added ->admin@pds| Requested JSON -> {"name":"abc","type":"motorable","latitude":"12.256","storage":"25.123","district":"Ariyalur","id":"586","warehousetype":"swc","longitude":"23.1465"}
