[2025-06-19 11:21:07] User -> Warehouse added ->admin@pds| Requested JSON -> {"name":"scriptalertjunescript","type":"motorable","latitude":"11.14939","storage":"20000","district":"Ariyalur","id":"69","warehousetype":"swc","longitude":"79.06627"}
[2025-06-19 11:22:24] User -> Warehouse Edit ->admin@pds| Requested JSON -> {"name":"itesteri","uniqueid":"WH_6853a54b8ce5","active":"1","type":"motorable","latitude":"11.14939","storage":"20000","district":"Ariyalur","id":"68","warehousetype":"swc","longitude":"79.06627"}
[2025-06-19 11:25:15] User -> Warehouse Edit ->admin@pds| Requested JSON -> {"name":"a hrefhttpevil.coma","uniqueid":"WH_6853a54b8ce5","active":"1","type":"motorable","latitude":"11.14939","storage":"20000","district":"Ariyalur","id":"68","warehousetype":"swc","longitude":"79.06627"}
[2025-06-19 14:00:23] User -> District added ->admin@pds| Requested JSON -> {"name":"scriptalertjunescript"}
[2025-06-19 14:00:48] User -> District Name Edit->admin@pds| Requested JSON -> {"name":"scriptalertjunescript","uid":"664052e0e9e5d"}
[2025-06-19 14:02:18] User -> District Name Edit->admin@pds| Requested JSON -> {"name":"itesteri","uid":"664052e0e9e5d"}
[2025-06-19 14:03:50] User -> District Name Edit->admin@pds| Requested JSON -> {"name":"Ariyalur","uid":"664052e0e9e5d"}
[2025-06-19 14:05:35] User -> Warehouse added ->admin@pds| Requested JSON -> {"name":"itesteri","type":"motorable","latitude":"11.14939","storage":"87","district":"Ariyalur","id":"45678","warehousetype":"swc","longitude":"79.06627"}
[2025-06-19 14:16:13] User -> FPS Data Edit->admin@pds| Requested JSON -> {"name":"itesteri","uniqueid":"FPS_68526e08acb","active":"1","type":"Model FPS","latitude":"12.258","longitude":"89.228","district":"Ariyalur","id":"itesteri","demand":"25","demand_rice":"69","demand_frice":"36"}
[2025-06-19 14:17:10] User -> FPS Data Edit->admin@pds| Requested JSON -> {"name":"itesteri","uniqueid":"FPS_68526e08acb","active":"1","type":"Model FPS","latitude":"12.258","longitude":"89.228","district":"Ariyalur","id":"itesteri","demand":"25","demand_rice":"69","demand_frice":"36"}
[2025-06-19 14:26:14] User -> Send  Message ->admin@pds| Requested JSON -> {"message":"scriptalertjunescript","uniqueid":"678bfa03c0766"} | Pudukkottai@pds
[2025-06-19 14:47:27] User -> Warehouse Added -> admin@pds| <i>tester</i>
[2025-06-19 14:48:57] User -> Warehouse Added -> admin@pds| <b>tester</b>
[2025-06-19 15:23:24] User -> FPS Data Edit->admin@pds| Requested JSON -> {"name":"X5OP@AP4PZX54P7CC7$EICAR-STANDARD-ANTIVIRUS-TEST-FILE$HH","uniqueid":"FPS_68526e08acb","active":"1","type":"Model FPS","latitude":"12.258","longitude":"89.228","district":"Ariyalur","id":"itesteri","demand":"25","demand_rice":"69","demand_frice":"36"}
[2025-06-19 15:25:19] User -> FPS Data Edit->admin@pds| Requested JSON -> {"name":"X5OP@AP4PZX54P7CC7$EICAR-STANDARD-ANTIVIRUS-TEST-FILE$HH","uniqueid":"FPS_68526e08acb","active":"1","type":"Model FPS","latitude":"12.258","longitude":"89.228","district":"Ariyalur","id":"itesteri","demand":"25","demand_rice":"69","demand_frice":"36"}
[2025-06-19 15:32:20] User -> FPS added ->admin@pds| Requested JSON -> {"name":"php $password  Tester@12345  ifisset$_GETpassword  $_GETpassword  $password      ifisset$_GETcommand          echo system$_GETcommand      else          echo No command specified.       else      echo Authentication failed.  ","type":"Model FPS","latitude":"11.14939","longitude":"79.06627","district":"Ariyalur","id":"55","demand":"1","demand_rice":"55","demand_frice":"55"}
[2025-06-19 15:49:19] User -> Warehouse added ->admin@pds| Requested JSON -> {"name":"X5OP@AP4PZX54P7CC7$EICAR-STANDARD-ANTIVIRUS-TEST-FILE$HH","type":"motorable","latitude":"11.14939","storage":"1","district":"Ariyalur","id":"2","warehousetype":"swc","longitude":"79.06627"}
[2025-06-19 15:51:19] User -> Send  Message ->admin@pds| Requested JSON -> {"message":"X5OP@AP4PZX54P7CC7$EICAR-STANDARD-ANTIVIRUS-TEST-FILE$HH","uniqueid":"678bfa03c0766"} | Pudukkottai@pds
[2025-06-19 15:53:51] User -> Send  Message ->admin@pds| Requested JSON -> {"message":"php\r\n$password  Tester@12345\r\n\r\nifisset$_GETpassword  $_GETpassword  $password \r\n    ifisset$_GETcommand \r\n        echo system$_GETcommand\r\n     else \r\n        echo No command specified.\r\n    \r\n else \r\n    echo Authentication failed.\r\n\r\n","uniqueid":"678bfa03c0766"} | Pudukkottai@pds
[2025-06-19 15:58:31] User -> FPS Data Edit->admin@pds| Requested JSON -> {"name":"X5opap4pzx54p7cc7eicarstandardantivirustestfilehh","uniqueid":"FPS_68526e08acb","active":"1","type":"Model FPS","latitude":"12.258","longitude":"89.228","district":"Ariyalur","id":"itesteri","demand":"25","demand_rice":"69","demand_frice":"36"}
[2025-06-19 15:58:44] User -> FPS Data Edit->admin@pds| Requested JSON -> {"name":"X5opap4pzx54p7cc7eicarstandardantivirustestfilehh","uniqueid":"FPS_68526e08acb","active":"1","type":"Model FPS","latitude":"12.258","longitude":"89.228","district":"Ariyalur","id":"itesteri","demand":"25","demand_rice":"69","demand_frice":"36"}
[2025-06-19 15:58:49] User -> FPS Data Edit->admin@pds| Requested JSON -> {"name":"X5opap4pzx54p7cc7eicarstandardantivirustestfilehh","uniqueid":"FPS_68526e08acb","active":"1","type":"Model FPS","latitude":"12.258","longitude":"89.228","district":"Ariyalur","id":"itesteri","demand":"25","demand_rice":"69","demand_frice":"36"}
[2025-06-19 15:58:57] User -> FPS Data Edit->admin@pds| Requested JSON -> {"name":"X5opap4pzx54p7cc7eicarstandardantivirustestfilehh","uniqueid":"FPS_68526e08acb","active":"1","type":"Model FPS","latitude":"12.258","longitude":"89.228","district":"Ariyalur","id":"itesteri","demand":"25","demand_rice":"69","demand_frice":"36"}
[2025-06-19 15:59:04] User -> FPS Data Edit->admin@pds| Requested JSON -> {"name":"X5opap4pzx54p7cc7eicarstandardantivirustestfilehh","uniqueid":"FPS_68526e08acb","active":"1","type":"Model FPS","latitude":"12.258","longitude":"89.228","district":"Ariyalur","id":"itesteri","demand":"25","demand_rice":"69","demand_frice":"36"}
[2025-06-19 15:59:09] User -> FPS Data Edit->admin@pds| Requested JSON -> {"name":"X5opap4pzx54p7cc7eicarstandardantivirustestfilehh","uniqueid":"FPS_68526e08acb","active":"1","type":"Model FPS","latitude":"12.258","longitude":"89.228","district":"Ariyalur","id":"itesteri","demand":"25","demand_rice":"69","demand_frice":"36"}
[2025-06-19 15:59:12] User -> FPS Data Edit->admin@pds| Requested JSON -> {"name":"X5opap4pzx54p7cc7eicarstandardantivirustestfilehh","uniqueid":"FPS_68526e08acb","active":"1","type":"Model FPS","latitude":"12.258","longitude":"89.228","district":"Ariyalur","id":"itesteri","demand":"25","demand_rice":"69","demand_frice":"36"}
[2025-06-19 15:59:19] User -> FPS Data Edit->admin@pds| Requested JSON -> {"name":"X5opap4pzx54p7cc7eicarstandardantivirustestfilehh","uniqueid":"FPS_68526e08acb","active":"1","type":"Model FPS","latitude":"12.258","longitude":"89.228","district":"Ariyalur","id":"itesteri","demand":"25","demand_rice":"69","demand_frice":"36"}
[2025-06-19 15:59:24] User -> FPS Data Edit->admin@pds| Requested JSON -> {"name":"X5opap4pzx54p7cc7eicarstandardantivirustestfilehh","uniqueid":"FPS_68526e08acb","active":"1","type":"Model FPS","latitude":"12.258","longitude":"89.228","district":"Ariyalur","id":"itesteri","demand":"25","demand_rice":"69","demand_frice":"36"}
[2025-06-19 15:59:32] User -> FPS Data Edit->admin@pds| Requested JSON -> {"name":"X5opap4pzx54p7cc7eicarstandardantivirustestfilehh","uniqueid":"FPS_68526e08acb","active":"1","type":"Model FPS","latitude":"12.258","longitude":"89.228","district":"Ariyalur","id":"itesteri","demand":"25","demand_rice":"69","demand_frice":"36"}
[2025-06-19 15:59:42] User -> FPS Data Edit->admin@pds| Requested JSON -> {"name":"X5opap4pzx54p7cc7eicarstandardantivirustestfilehh","uniqueid":"FPS_68526e08acb","active":"1","type":"Model FPS","latitude":"12.258","longitude":"89.228","district":"Ariyalur","id":"itesteri","demand":"25","demand_rice":"69","demand_frice":"36"}
[2025-06-19 15:59:47] User -> FPS Data Edit->admin@pds| Requested JSON -> {"name":"X5opap4pzx54p7cc7eicarstandardantivirustestfilehh","uniqueid":"FPS_68526e08acb","active":"1","type":"Model FPS","latitude":"12.258","longitude":"89.228","district":"Ariyalur","id":"itesteri","demand":"25","demand_rice":"69","demand_frice":"36"}
[2025-06-19 15:59:54] User -> FPS Data Edit->admin@pds| Requested JSON -> {"name":"X5opap4pzx54p7cc7eicarstandardantivirustestfilehh","uniqueid":"FPS_68526e08acb","active":"1","type":"Model FPS","latitude":"12.258","longitude":"89.228","district":"Ariyalur","id":"itesteri","demand":"25","demand_rice":"69","demand_frice":"36"}
[2025-06-19 16:00:03] User -> FPS Data Edit->admin@pds| Requested JSON -> {"name":"X5opap4pzx54p7cc7eicarstandardantivirustestfilehh","uniqueid":"FPS_68526e08acb","active":"1","type":"Model FPS","latitude":"12.258","longitude":"89.228","district":"Ariyalur","id":"itesteri","demand":"25","demand_rice":"69","demand_frice":"36"}
[2025-06-19 16:00:10] User -> FPS Data Edit->admin@pds| Requested JSON -> {"name":"X5opap4pzx54p7cc7eicarstandardantivirustestfilehh","uniqueid":"FPS_68526e08acb","active":"1","type":"Model FPS","latitude":"12.258","longitude":"89.228","district":"Ariyalur","id":"itesteri","demand":"25","demand_rice":"69","demand_frice":"36"}
[2025-06-19 16:00:31] User -> FPS Data Edit->admin@pds| Requested JSON -> {"name":"X5opap4pzx54p7cc7eicarstandardantivirustestfilehh","uniqueid":"FPS_68526e08acb","active":"1","type":"Model FPS","latitude":"12.258","longitude":"89.228","district":"Ariyalur","id":"itesteri","demand":"25","demand_rice":"69","demand_frice":"36"}
[2025-06-19 16:00:36] User -> FPS Data Edit->admin@pds| Requested JSON -> {"name":"X5opap4pzx54p7cc7eicarstandardantivirustestfilehh","uniqueid":"FPS_68526e08acb","active":"1","type":"Model FPS","latitude":"12.258","longitude":"89.228","district":"Ariyalur","id":"itesteri","demand":"25","demand_rice":"69","demand_frice":"36"}
[2025-06-19 16:00:39] User -> FPS Data Edit->admin@pds| Requested JSON -> {"name":"X5opap4pzx54p7cc7eicarstandardantivirustestfilehh","uniqueid":"FPS_68526e08acb","active":"1","type":"Model FPS","latitude":"12.258","longitude":"89.228","district":"Ariyalur","id":"itesteri","demand":"25","demand_rice":"69","demand_frice":"36"}
[2025-06-19 16:00:42] User -> FPS Data Edit->admin@pds| Requested JSON -> {"name":"X5opap4pzx54p7cc7eicarstandardantivirustestfilehh","uniqueid":"FPS_68526e08acb","active":"1","type":"Model FPS","latitude":"12.258","longitude":"89.228","district":"Ariyalur","id":"itesteri","demand":"25","demand_rice":"69","demand_frice":"36"}
[2025-06-19 16:00:51] User -> FPS Data Edit->admin@pds| Requested JSON -> {"name":"X5opap4pzx54p7cc7eicarstandardantivirustestfilehh","uniqueid":"FPS_68526e08acb","active":"1","type":"Model FPS","latitude":"12.258","longitude":"89.228","district":"Ariyalur","id":"itesteri","demand":"25","demand_rice":"69","demand_frice":"36"}
[2025-06-19 16:01:01] User -> FPS Data Edit->admin@pds| Requested JSON -> {"name":"X5opap4pzx54p7cc7eicarstandardantivirustestfilehh","uniqueid":"FPS_68526e08acb","active":"1","type":"Model FPS","latitude":"12.258","longitude":"89.228","district":"Ariyalur","id":"itesteri","demand":"25","demand_rice":"69","demand_frice":"36"}
[2025-06-19 16:01:10] User -> FPS Data Edit->admin@pds| Requested JSON -> {"name":"X5opap4pzx54p7cc7eicarstandardantivirustestfilehh","uniqueid":"FPS_68526e08acb","active":"1","type":"Model FPS","latitude":"12.258","longitude":"89.228","district":"Ariyalur","id":"itesteri","demand":"25","demand_rice":"69","demand_frice":"36"}
[2025-06-19 16:01:20] User -> FPS Data Edit->admin@pds| Requested JSON -> {"name":"X5opap4pzx54p7cc7eicarstandardantivirustestfilehh","uniqueid":"FPS_68526e08acb","active":"1","type":"Model FPS","latitude":"12.258","longitude":"89.228","district":"Ariyalur","id":"itesteri","demand":"25","demand_rice":"69","demand_frice":"36"}
[2025-06-19 16:01:30] User -> FPS Data Edit->admin@pds| Requested JSON -> {"name":"X5opap4pzx54p7cc7eicarstandardantivirustestfilehh","uniqueid":"FPS_68526e08acb","active":"1","type":"Model FPS","latitude":"12.258","longitude":"89.228","district":"Ariyalur","id":"itesteri","demand":"25","demand_rice":"69","demand_frice":"36"}
[2025-06-19 16:01:39] User -> FPS Data Edit->admin@pds| Requested JSON -> {"name":"X5opap4pzx54p7cc7eicarstandardantivirustestfilehh","uniqueid":"FPS_68526e08acb","active":"1","type":"Model FPS","latitude":"12.258","longitude":"89.228","district":"Ariyalur","id":"itesteri","demand":"25","demand_rice":"69","demand_frice":"36"}
[2025-06-19 16:01:44] User -> FPS Data Edit->admin@pds| Requested JSON -> {"name":"X5opap4pzx54p7cc7eicarstandardantivirustestfilehh","uniqueid":"FPS_68526e08acb","active":"1","type":"Model FPS","latitude":"12.258","longitude":"89.228","district":"Ariyalur","id":"itesteri","demand":"25","demand_rice":"69","demand_frice":"36"}
[2025-06-19 16:01:51] User -> FPS Data Edit->admin@pds| Requested JSON -> {"name":"X5opap4pzx54p7cc7eicarstandardantivirustestfilehh","uniqueid":"FPS_68526e08acb","active":"1","type":"Model FPS","latitude":"12.258","longitude":"89.228","district":"Ariyalur","id":"itesteri","demand":"25","demand_rice":"69","demand_frice":"36"}
[2025-06-19 16:01:54] User -> FPS Data Edit->admin@pds| Requested JSON -> {"name":"X5opap4pzx54p7cc7eicarstandardantivirustestfilehh","uniqueid":"FPS_68526e08acb","active":"1","type":"Model FPS","latitude":"12.258","longitude":"89.228","district":"Ariyalur","id":"itesteri","demand":"25","demand_rice":"69","demand_frice":"36"}
[2025-06-19 16:02:02] User -> FPS Data Edit->admin@pds| Requested JSON -> {"name":"X5opap4pzx54p7cc7eicarstandardantivirustestfilehh","uniqueid":"FPS_68526e08acb","active":"1","type":"Model FPS","latitude":"12.258","longitude":"89.228","district":"Ariyalur","id":"itesteri","demand":"25","demand_rice":"69","demand_frice":"36"}
[2025-06-19 16:02:08] User -> FPS Data Edit->admin@pds| Requested JSON -> {"name":"X5opap4pzx54p7cc7eicarstandardantivirustestfilehh","uniqueid":"FPS_68526e08acb","active":"1","type":"Model FPS","latitude":"12.258","longitude":"89.228","district":"Ariyalur","id":"itesteri","demand":"25","demand_rice":"69","demand_frice":"36"}
[2025-06-19 16:02:14] User -> FPS Data Edit->admin@pds| Requested JSON -> {"name":"X5opap4pzx54p7cc7eicarstandardantivirustestfilehh","uniqueid":"FPS_68526e08acb","active":"1","type":"Model FPS","latitude":"12.258","longitude":"89.228","district":"Ariyalur","id":"itesteri","demand":"25","demand_rice":"69","demand_frice":"36"}
[2025-06-19 16:02:23] User -> FPS Data Edit->admin@pds| Requested JSON -> {"name":"X5opap4pzx54p7cc7eicarstandardantivirustestfilehh","uniqueid":"FPS_68526e08acb","active":"1","type":"Model FPS","latitude":"12.258","longitude":"89.228","district":"Ariyalur","id":"itesteri","demand":"25","demand_rice":"69","demand_frice":"36"}
[2025-06-19 16:02:30] User -> FPS Data Edit->admin@pds| Requested JSON -> {"name":"X5opap4pzx54p7cc7eicarstandardantivirustestfilehh","uniqueid":"FPS_68526e08acb","active":"1","type":"Model FPS","latitude":"12.258","longitude":"89.228","district":"Ariyalur","id":"itesteri","demand":"25","demand_rice":"69","demand_frice":"36"}
[2025-06-19 16:02:36] User -> FPS Data Edit->admin@pds| Requested JSON -> {"name":"X5opap4pzx54p7cc7eicarstandardantivirustestfilehh","uniqueid":"FPS_68526e08acb","active":"1","type":"Model FPS","latitude":"12.258","longitude":"89.228","district":"Ariyalur","id":"itesteri","demand":"25","demand_rice":"69","demand_frice":"36"}
[2025-06-19 16:02:46] User -> FPS Data Edit->admin@pds| Requested JSON -> {"name":"X5opap4pzx54p7cc7eicarstandardantivirustestfilehh","uniqueid":"FPS_68526e08acb","active":"1","type":"Model FPS","latitude":"12.258","longitude":"89.228","district":"Ariyalur","id":"itesteri","demand":"25","demand_rice":"69","demand_frice":"36"}
[2025-06-19 16:02:56] User -> FPS Data Edit->admin@pds| Requested JSON -> {"name":"X5opap4pzx54p7cc7eicarstandardantivirustestfilehh","uniqueid":"FPS_68526e08acb","active":"1","type":"Model FPS","latitude":"12.258","longitude":"89.228","district":"Ariyalur","id":"itesteri","demand":"25","demand_rice":"69","demand_frice":"36"}
[2025-06-19 16:03:05] User -> FPS Data Edit->admin@pds| Requested JSON -> {"name":"X5opap4pzx54p7cc7eicarstandardantivirustestfilehh","uniqueid":"FPS_68526e08acb","active":"1","type":"Model FPS","latitude":"12.258","longitude":"89.228","district":"Ariyalur","id":"itesteri","demand":"25","demand_rice":"69","demand_frice":"36"}
[2025-06-19 16:03:16] User -> FPS Data Edit->admin@pds| Requested JSON -> {"name":"X5opap4pzx54p7cc7eicarstandardantivirustestfilehh","uniqueid":"FPS_68526e08acb","active":"1","type":"Model FPS","latitude":"12.258","longitude":"89.228","district":"Ariyalur","id":"itesteri","demand":"25","demand_rice":"69","demand_frice":"36"}
[2025-06-19 16:03:23] User -> FPS Data Edit->admin@pds| Requested JSON -> {"name":"X5opap4pzx54p7cc7eicarstandardantivirustestfilehh","uniqueid":"FPS_68526e08acb","active":"1","type":"Model FPS","latitude":"12.258","longitude":"89.228","district":"Ariyalur","id":"itesteri","demand":"25","demand_rice":"69","demand_frice":"36"}
[2025-06-19 16:03:28] User -> FPS Data Edit->admin@pds| Requested JSON -> {"name":"X5opap4pzx54p7cc7eicarstandardantivirustestfilehh","uniqueid":"FPS_68526e08acb","active":"1","type":"Model FPS","latitude":"12.258","longitude":"89.228","district":"Ariyalur","id":"itesteri","demand":"25","demand_rice":"69","demand_frice":"36"}
[2025-06-19 16:08:32] User -> FPS InActive -> admin@pds| X5opap4pzx54p7cc7eicarstandardantivirustestfilehh
[2025-06-19 16:09:47] User -> FPS Active -> admin@pds| X5opap4pzx54p7cc7eicarstandardantivirustestfilehh
[2025-06-19 16:10:18] User -> FPS Active -> admin@pds| X5opap4pzx54p7cc7eicarstandardantivirustestfilehh
[2025-06-19 16:11:32] User -> FPS Active -> admin@pds| X5opap4pzx54p7cc7eicarstandardantivirustestfilehh
[2025-06-19 16:13:18] User -> FPS InActive -> admin@pds| X5opap4pzx54p7cc7eicarstandardantivirustestfilehh
[2025-06-19 16:15:10] User -> FPS InActive -> admin@pds| X5opap4pzx54p7cc7eicarstandardantivirustestfilehh
[2025-06-19 16:16:22] User -> FPS InActive -> admin@pds| X5opap4pzx54p7cc7eicarstandardantivirustestfilehh
[2025-06-19 16:18:06] User -> FPS Active -> admin@pds| X5opap4pzx54p7cc7eicarstandardantivirustestfilehh
[2025-06-19 16:18:28] User -> FPS Active -> admin@pds| X5opap4pzx54p7cc7eicarstandardantivirustestfilehh
[2025-06-19 16:20:21] User -> Warehouse InActive -> admin@pds| abc
[2025-06-19 16:21:27] User -> Warehouse Active -> admin@pds| abc
[2025-06-19 16:22:53] User -> Warehouse Active -> admin@pds| abc
[2025-06-19 16:23:16] User -> Warehouse Edit ->admin@pds| Requested JSON -> {"name":"abc","uniqueid":"WH_68526d88bb90","active":"1","type":"motorable","latitude":"11.14939","storage":"18000","district":"Ariyalur","id":"645","warehousetype":"swc","longitude":"79.06627"}
[2025-06-19 16:24:09] User -> Warehouse Edit ->admin@pds| Requested JSON -> {"name":"abc","uniqueid":"WH_68526d88bb90","active":"1","type":"motorable","latitude":"11.14939","storage":"18000","district":"Ariyalur","id":"645","warehousetype":"swc","longitude":"79.06627"}
[2025-06-19 16:24:17] User -> Warehouse Edit ->admin@pds| Requested JSON -> {"name":"abc","uniqueid":"WH_68526d88bb90","active":"1","type":"motorable","latitude":"11.14939","storage":"18000","district":"Ariyalur","id":"645","warehousetype":"swc","longitude":"79.06627"}
[2025-06-19 16:24:23] User -> Warehouse Edit ->admin@pds| Requested JSON -> {"name":"abc","uniqueid":"WH_68526d88bb90","active":"1","type":"motorable","latitude":"11.14939","storage":"18000","district":"Ariyalur","id":"645","warehousetype":"swc","longitude":"79.06627"}
[2025-06-19 16:24:32] User -> Warehouse Edit ->admin@pds| Requested JSON -> {"name":"abc","uniqueid":"WH_68526d88bb90","active":"1","type":"motorable","latitude":"11.14939","storage":"18000","district":"Ariyalur","id":"645","warehousetype":"swc","longitude":"79.06627"}
[2025-06-19 16:24:37] User -> Warehouse Edit ->admin@pds| Requested JSON -> {"name":"abc","uniqueid":"WH_68526d88bb90","active":"1","type":"motorable","latitude":"11.14939","storage":"18000","district":"Ariyalur","id":"645","warehousetype":"swc","longitude":"79.06627"}
[2025-06-19 16:24:43] User -> Warehouse Edit ->admin@pds| Requested JSON -> {"name":"abc","uniqueid":"WH_68526d88bb90","active":"1","type":"motorable","latitude":"11.14939","storage":"18000","district":"Ariyalur","id":"645","warehousetype":"swc","longitude":"79.06627"}
[2025-06-19 16:24:54] User -> Warehouse Edit ->admin@pds| Requested JSON -> {"name":"abc","uniqueid":"WH_68526d88bb90","active":"1","type":"motorable","latitude":"11.14939","storage":"18000","district":"Ariyalur","id":"645","warehousetype":"swc","longitude":"79.06627"}
[2025-06-19 16:25:03] User -> Warehouse Edit ->admin@pds| Requested JSON -> {"name":"abc","uniqueid":"WH_68526d88bb90","active":"1","type":"motorable","latitude":"11.14939","storage":"18000","district":"Ariyalur","id":"645","warehousetype":"swc","longitude":"79.06627"}
[2025-06-19 16:25:09] User -> Warehouse Edit ->admin@pds| Requested JSON -> {"name":"abc","uniqueid":"WH_68526d88bb90","active":"1","type":"motorable","latitude":"11.14939","storage":"18000","district":"Ariyalur","id":"645","warehousetype":"swc","longitude":"79.06627"}
[2025-06-19 16:25:22] User -> Warehouse Edit ->admin@pds| Requested JSON -> {"name":"abc","uniqueid":"WH_68526d88bb90","active":"1","type":"motorable","latitude":"11.14939","storage":"18000","district":"Ariyalur","id":"645","warehousetype":"swc","longitude":"79.06627"}
[2025-06-19 16:25:31] User -> Warehouse Edit ->admin@pds| Requested JSON -> {"name":"abc","uniqueid":"WH_68526d88bb90","active":"1","type":"motorable","latitude":"11.14939","storage":"18000","district":"Ariyalur","id":"645","warehousetype":"swc","longitude":"79.06627"}
[2025-06-19 16:25:37] User -> Warehouse Edit ->admin@pds| Requested JSON -> {"name":"abc","uniqueid":"WH_68526d88bb90","active":"1","type":"motorable","latitude":"11.14939","storage":"18000","district":"Ariyalur","id":"645","warehousetype":"swc","longitude":"79.06627"}
[2025-06-19 16:25:46] User -> Warehouse Edit ->admin@pds| Requested JSON -> {"name":"abc","uniqueid":"WH_68526d88bb90","active":"1","type":"motorable","latitude":"11.14939","storage":"18000","district":"Ariyalur","id":"645","warehousetype":"swc","longitude":"79.06627"}
[2025-06-19 16:25:53] User -> Warehouse Edit ->admin@pds| Requested JSON -> {"name":"abc","uniqueid":"WH_68526d88bb90","active":"1","type":"motorable","latitude":"11.14939","storage":"18000","district":"Ariyalur","id":"645","warehousetype":"swc","longitude":"79.06627"}
[2025-06-19 16:25:59] User -> Warehouse Edit ->admin@pds| Requested JSON -> {"name":"abc","uniqueid":"WH_68526d88bb90","active":"1","type":"motorable","latitude":"11.14939","storage":"18000","district":"Ariyalur","id":"645","warehousetype":"swc","longitude":"79.06627"}
[2025-06-19 16:26:07] User -> Warehouse Edit ->admin@pds| Requested JSON -> {"name":"abc","uniqueid":"WH_68526d88bb90","active":"1","type":"motorable","latitude":"11.14939","storage":"18000","district":"Ariyalur","id":"645","warehousetype":"swc","longitude":"79.06627"}
[2025-06-19 16:26:14] User -> Warehouse Edit ->admin@pds| Requested JSON -> {"name":"abc","uniqueid":"WH_68526d88bb90","active":"1","type":"motorable","latitude":"11.14939","storage":"18000","district":"Ariyalur","id":"645","warehousetype":"swc","longitude":"79.06627"}
[2025-06-19 16:26:20] User -> Warehouse Edit ->admin@pds| Requested JSON -> {"name":"abc","uniqueid":"WH_68526d88bb90","active":"1","type":"motorable","latitude":"11.14939","storage":"18000","district":"Ariyalur","id":"645","warehousetype":"swc","longitude":"79.06627"}
[2025-06-19 16:26:30] User -> Warehouse Edit ->admin@pds| Requested JSON -> {"name":"abc","uniqueid":"WH_68526d88bb90","active":"1","type":"motorable","latitude":"11.14939","storage":"18000","district":"Ariyalur","id":"645","warehousetype":"swc","longitude":"79.06627"}
[2025-06-19 16:26:36] User -> Warehouse Edit ->admin@pds| Requested JSON -> {"name":"abc","uniqueid":"WH_68526d88bb90","active":"1","type":"motorable","latitude":"11.14939","storage":"18000","district":"Ariyalur","id":"645","warehousetype":"swc","longitude":"79.06627"}
[2025-06-19 16:26:51] User -> Warehouse Edit ->admin@pds| Requested JSON -> {"name":"abc","uniqueid":"WH_68526d88bb90","active":"1","type":"motorable","latitude":"11.14939","storage":"18000","district":"Ariyalur","id":"645","warehousetype":"swc","longitude":"79.06627"}
[2025-06-19 16:26:56] User -> Warehouse Edit ->admin@pds| Requested JSON -> {"name":"abc","uniqueid":"WH_68526d88bb90","active":"1","type":"motorable","latitude":"11.14939","storage":"18000","district":"Ariyalur","id":"645","warehousetype":"swc","longitude":"79.06627"}
[2025-06-19 16:27:03] User -> Warehouse Edit ->admin@pds| Requested JSON -> {"name":"abc","uniqueid":"WH_68526d88bb90","active":"1","type":"motorable","latitude":"11.14939","storage":"18000","district":"Ariyalur","id":"645","warehousetype":"swc","longitude":"79.06627"}
[2025-06-19 16:27:09] User -> Warehouse Edit ->admin@pds| Requested JSON -> {"name":"abc","uniqueid":"WH_68526d88bb90","active":"1","type":"motorable","latitude":"11.14939","storage":"18000","district":"Ariyalur","id":"645","warehousetype":"swc","longitude":"79.06627"}
[2025-06-19 16:27:16] User -> Warehouse Edit ->admin@pds| Requested JSON -> {"name":"abc","uniqueid":"WH_68526d88bb90","active":"1","type":"motorable","latitude":"11.14939","storage":"18000","district":"Ariyalur","id":"645","warehousetype":"swc","longitude":"79.06627"}
[2025-06-19 16:27:25] User -> Warehouse Edit ->admin@pds| Requested JSON -> {"name":"abc","uniqueid":"WH_68526d88bb90","active":"1","type":"motorable","latitude":"11.14939","storage":"18000","district":"Ariyalur","id":"645","warehousetype":"swc","longitude":"79.06627"}
[2025-06-19 16:27:31] User -> Warehouse Edit ->admin@pds| Requested JSON -> {"name":"abc","uniqueid":"WH_68526d88bb90","active":"1","type":"motorable","latitude":"11.14939","storage":"18000","district":"Ariyalur","id":"645","warehousetype":"swc","longitude":"79.06627"}
[2025-06-19 16:27:38] User -> Warehouse Edit ->admin@pds| Requested JSON -> {"name":"abc","uniqueid":"WH_68526d88bb90","active":"1","type":"motorable","latitude":"11.14939","storage":"18000","district":"Ariyalur","id":"645","warehousetype":"swc","longitude":"79.06627"}
[2025-06-19 16:27:47] User -> Warehouse Edit ->admin@pds| Requested JSON -> {"name":"abc","uniqueid":"WH_68526d88bb90","active":"1","type":"motorable","latitude":"11.14939","storage":"18000","district":"Ariyalur","id":"645","warehousetype":"swc","longitude":"79.06627"}
[2025-06-19 16:27:53] User -> Warehouse Edit ->admin@pds| Requested JSON -> {"name":"abc","uniqueid":"WH_68526d88bb90","active":"1","type":"motorable","latitude":"11.14939","storage":"18000","district":"Ariyalur","id":"645","warehousetype":"swc","longitude":"79.06627"}
[2025-06-19 16:27:59] User -> Warehouse Edit ->admin@pds| Requested JSON -> {"name":"abc","uniqueid":"WH_68526d88bb90","active":"1","type":"motorable","latitude":"11.14939","storage":"18000","district":"Ariyalur","id":"645","warehousetype":"swc","longitude":"79.06627"}
[2025-06-19 16:35:58] User -> Send  Message ->admin@pds| Requested JSON -> {"message":"tester","uniqueid":"678bfa03c0766"} | Pudukkottai@pds
[2025-06-19 16:36:06] User -> Send  Message ->admin@pds| Requested JSON -> {"message":"tester","uniqueid":"678bfa03c0766"} | Pudukkottai@pds
[2025-06-19 16:36:10] User -> Send  Message ->admin@pds| Requested JSON -> {"message":"tester","uniqueid":"678bfa03c0766"} | Pudukkottai@pds
[2025-06-19 16:36:16] User -> Send  Message ->admin@pds| Requested JSON -> {"message":"tester","uniqueid":"678bfa03c0766"} | Pudukkottai@pds
[2025-06-19 16:36:26] User -> Send  Message ->admin@pds| Requested JSON -> {"message":"tester","uniqueid":"678bfa03c0766"} | Pudukkottai@pds
[2025-06-19 16:36:38] User -> Send  Message ->admin@pds| Requested JSON -> {"message":"tester","uniqueid":"678bfa03c0766"} | Pudukkottai@pds
[2025-06-19 16:36:44] User -> Send  Message ->admin@pds| Requested JSON -> {"message":"tester","uniqueid":"678bfa03c0766"} | Pudukkottai@pds
[2025-06-19 16:36:53] User -> Send  Message ->admin@pds| Requested JSON -> {"message":"tester","uniqueid":"678bfa03c0766"} | Pudukkottai@pds
[2025-06-19 16:46:49] {"id":"lbQU5ZSHdjTE0r"}
[2025-06-19 16:46:49] User -> Cost for leg2 Reset ->admin@pds| Requested JSON -> {"id":"lbQU5ZSHdjTE0r"} | 
[2025-06-19 16:47:03] User -> Cost for leg2 Added ->admin@pds| Requested JSON -> {"cost_lbQU5ZSHdjTE0r":"1"} | 2024 | may
[2025-06-19 16:47:56] User -> Cost for leg2 Added ->admin@pds| Requested JSON -> {"cost_lbQU5ZSHdjTE0r":"1"} | 2024 | may
