[2025-02-16 16:34:46] district_user -> FPS deleted -> Vellore@pds| Requested JSON -> {"uid":"all"} | all
[2025-02-16 18:49:23] User -> Warehouse InActive -> Vellore@pds| TCMS(S)GUDIYATHAM
[2025-02-16 18:49:25] User -> Warehouse Active -> Vellore@pds| TCMS(S)GUDIYATHAM
[2025-02-16 18:50:13] district_user -> Warehouse added ->Vellore@pds| Requested JSON -> {"name":"test","type":"motorable","latitude":"9.89","storage":"250","district":"Vellore","id":"123qwert","warehousetype":"swc","longitude":"76.7661"}
[2025-02-16 18:51:52] User -> Warehouse InActive -> Vellore@pds| Test
[2025-02-16 18:51:53] User -> Warehouse Active -> Vellore@pds| Test
[2025-02-16 18:52:12] district_user -> Warehouse Edit ->Vellore@pds| Requested JSON -> {"name":"Test","uniqueid":"WH_67b1e60d3410","active":"1","type":"motorable","latitude":"9.89","storage":"250","district":"Vellore","id":"123qwert","warehousetype":"swc","longitude":"76.7661"}
[2025-02-16 18:52:35] district_user -> Warehouse deleted -> Vellore@pds| Requested JSON -> {"uid":"WH_67b1e60d3410"} | Test
[2025-02-16 18:53:56] district_user -> Warehouse deleted -> Vellore@pds| Requested JSON -> {"uid":"all"} | all
[2025-02-16 18:57:27] district_user -> FPS added ->Vellore@pds| Requested JSON -> {"name":"test","type":"Model FPS","latitude":"9.89","longitude":"76.7661","district":"Vellore","id":"admin@pds","demand":"4567","demand_rice":"5678","demand_frice":"1234"}
[2025-02-16 18:57:43] User -> FPS InActive -> Vellore@pds| test
[2025-02-16 18:59:26] User -> FPS Active -> Vellore@pds| test
[2025-02-16 19:00:58] district_user -> FPS deleted -> Vellore@pds| Requested JSON -> {"uid":"FPS_67b1e7bfa10"} | test
[2025-02-16 19:03:14] district_user -> FPS Edit ->Vellore@pds| Requested JSON -> {"name":"ABGDJ","uniqueid":"FPS_665c3d2daa4","active":"1","type":"Normal FPS","latitude":"12.914455","longitude":"79.140155","district":"Vellore","id":"04AA001PN","demand":"6.2","demand_rice":"152.85","demand_frice":0}
[2025-02-16 19:03:49] district_user -> FPS Edit ->Vellore@pds| Requested JSON -> {"name":"Abgdj","uniqueid":"FPS_665c3d2daa4","active":"1","type":"Model FPS","latitude":"12.914455","longitude":"79.140155","district":"Vellore","id":"04AA001PN","demand":"6.2","demand_rice":"152.85","demand_frice":0}
[2025-02-16 19:04:03] User -> All Smart FPS Active -> Vellore@pds
[2025-02-16 19:04:06] User -> All Smart FPS Active -> Vellore@pds
[2025-02-16 19:04:20] User -> All Normal FPS InActive -> Vellore@pds
[2025-02-16 19:04:22] User -> All Normal FPS Active -> Vellore@pds
[2025-02-16 19:05:56] district_user -> FPS deleted -> Vellore@pds| Requested JSON -> {"uid":"all"} | all
[2025-02-16 19:10:47] district User -> Save Data | approve district change yes ->Vellore@pds| 27 - 04AE140P2 - Wheat
[2025-02-16 19:10:47] district User -> Save Data | approve district change yes ->Vellore@pds| 27 - 04EA002PN - Wheat
[2025-02-16 19:10:47] district User -> Save Data | approve district change yes ->Vellore@pds| 27 - 04EB002PN - Wheat
[2025-02-16 19:12:26] district User -> Save Data | implemeneted ->Vellore@pds| 27 - 04AE140P2 - Wheat
[2025-02-16 19:12:27] district User -> Save Data | implemeneted ->Vellore@pds| 27 - 04EA001PN - Wheat
[2025-02-16 19:12:27] district User -> Save Data | implemeneted ->Vellore@pds| 27 - 04EA002PN - Wheat
[2025-02-16 19:12:27] district User -> Save Data | implemeneted ->Vellore@pds| 27 - 04EB001PN - Wheat
[2025-02-16 19:12:28] district User -> Save Data | implemeneted ->Vellore@pds| 27 - 04EB002PN - Wheat
[2025-02-16 19:12:28] district User -> Save Data | implemeneted ->Vellore@pds| 27 - 04EB003PN - Wheat
[2025-02-16 19:12:28] district User -> Save Data | implemeneted ->Vellore@pds| 27 - 04EB004PN - Wheat
[2025-02-16 19:12:29] district User -> Save Data | implemeneted ->Vellore@pds| 27 - 04EB005PN - Wheat
[2025-02-16 19:12:29] district User -> Save Data | implemeneted ->Vellore@pds| 27 - 04EB006PN - Wheat
[2025-02-16 19:12:29] district User -> Save Data | implemeneted ->Vellore@pds| 27 - 04EB007PN - Wheat
[2025-02-16 19:12:30] district User -> Save Data | implemeneted ->Vellore@pds| 27 - 04EB008PN - Wheat
[2025-02-16 19:12:30] district User -> Save Data | implemeneted ->Vellore@pds| 27 - 04EC001P1 - Wheat
[2025-02-16 19:12:31] district User -> Save Data | implemeneted ->Vellore@pds| 27 - 04EC001PY - Wheat
[2025-02-16 19:12:31] district User -> Save Data | implemeneted ->Vellore@pds| 27 - 04EC002PN - Wheat
[2025-02-16 19:12:31] district User -> Save Data | implemeneted ->Vellore@pds| 27 - 04EC003PN - Wheat
[2025-02-16 19:12:32] district User -> Save Data | implemeneted ->Vellore@pds| 27 - 04EC004PN - Wheat
[2025-02-16 19:12:32] district User -> Save Data | implemeneted ->Vellore@pds| 27 - 04EC005PN - Wheat
[2025-02-16 19:12:32] district User -> Save Data | implemeneted ->Vellore@pds| 27 - 04EC006PN - Wheat
[2025-02-16 19:12:32] district User -> Save Data | implemeneted ->Vellore@pds| 27 - 04EC007PN - Wheat
[2025-02-16 19:12:33] district User -> Save Data | implemeneted ->Vellore@pds| 27 - 04EC008PN - Wheat
[2025-02-16 19:12:33] district User -> Save Data | implemeneted ->Vellore@pds| 27 - 04EC009PN - Wheat
[2025-02-16 19:12:34] district User -> Save Data | implemeneted ->Vellore@pds| 27 - 04EC010PN - Wheat
[2025-02-16 19:12:34] district User -> Save Data | implemeneted ->Vellore@pds| 27 - 04ED001PN - Wheat
[2025-02-16 19:12:34] district User -> Save Data | implemeneted ->Vellore@pds| 27 - 04ED002PN - Wheat
[2025-02-16 19:12:35] district User -> Save Data | implemeneted ->Vellore@pds| 27 - 04ED003PN - Wheat
[2025-02-16 19:12:35] district User -> Save Data | implemeneted ->Vellore@pds| 27 - 04ED004PN - Wheat
[2025-02-16 19:12:36] district User -> Save Data | implemeneted ->Vellore@pds| 27 - 04EP001P1 - Wheat
[2025-02-16 19:12:36] district User -> Save Data | implemeneted ->Vellore@pds| 27 - 04EP001PY - Wheat
[2025-02-16 19:12:37] district User -> Save Data | implemeneted ->Vellore@pds| 27 - 04EP002P1 - Wheat
[2025-02-16 19:12:37] district User -> Save Data | implemeneted ->Vellore@pds| 27 - 04EP002PY - Wheat
[2025-02-16 19:12:37] district User -> Save Data | implemeneted ->Vellore@pds| 27 - 04EP003P1 - Wheat
[2025-02-16 19:12:38] district User -> Save Data | implemeneted ->Vellore@pds| 27 - 04EP003PY - Wheat
[2025-02-16 19:12:38] district User -> Save Data | implemeneted ->Vellore@pds| 27 - 04EP004P1 - Wheat
[2025-02-16 19:12:38] district User -> Save Data | implemeneted ->Vellore@pds| 27 - 04EP004P2 - Wheat
[2025-02-16 19:12:39] district User -> Save Data | implemeneted ->Vellore@pds| 27 - 04EP004PY - Wheat
[2025-02-16 19:12:39] district User -> Save Data | implemeneted ->Vellore@pds| 27 - 04EP005P1 - Wheat
[2025-02-16 19:12:39] district User -> Save Data | implemeneted ->Vellore@pds| 27 - 04EP005PY - Wheat
[2025-02-16 19:12:39] district User -> Save Data | implemeneted ->Vellore@pds| 27 - 04EP008PN - Wheat
[2025-02-16 19:12:40] district User -> Save Data | implemeneted ->Vellore@pds| 27 - 04EP009P1 - Wheat
[2025-02-16 19:12:40] district User -> Save Data | implemeneted ->Vellore@pds| 27 - 04EP009PY - Wheat
[2025-02-16 19:12:40] district User -> Save Data | implemeneted ->Vellore@pds| 27 - 04EP010P1 - Wheat
[2025-02-16 19:12:41] district User -> Save Data | implemeneted ->Vellore@pds| 27 - 04EP010PY - Wheat
[2025-02-16 19:12:41] district User -> Save Data | implemeneted ->Vellore@pds| 27 - 04EP011PN - Wheat
[2025-02-16 19:12:42] district User -> Save Data | implemeneted ->Vellore@pds| 27 - 04EP012PN - Wheat
[2025-02-16 19:12:42] district User -> Save Data | implemeneted ->Vellore@pds| 27 - 04EP013PN - Wheat
[2025-02-16 19:12:42] district User -> Save Data | implemeneted ->Vellore@pds| 27 - 04EP014PN - Wheat
[2025-02-16 19:12:43] district User -> Save Data | implemeneted ->Vellore@pds| 27 - 04EP015PN - Wheat
[2025-02-16 19:12:43] district User -> Save Data | implemeneted ->Vellore@pds| 27 - 04EP016PN - Wheat
[2025-02-16 19:12:44] district User -> Save Data | implemeneted ->Vellore@pds| 27 - 04EP017PN - Wheat
[2025-02-16 19:12:45] district User -> Save Data | implemeneted ->Vellore@pds| 27 - 04EP018PN - Wheat
[2025-02-16 19:12:47] district User -> Save Data | implemeneted ->Vellore@pds| 27 - 04EP019PN - Wheat
[2025-02-16 19:12:49] district User -> Save Data | implemeneted ->Vellore@pds| 27 - 04EP020PN - Wheat
[2025-02-16 19:12:50] district User -> Save Data | implemeneted ->Vellore@pds| 27 - 04EP021PN - Wheat
[2025-02-16 19:12:51] district User -> Save Data | implemeneted ->Vellore@pds| 27 - 04EP022P1 - Wheat
[2025-02-16 19:12:51] district User -> Save Data | implemeneted ->Vellore@pds| 27 - 04EP022PY - Wheat
[2025-02-16 19:12:51] district User -> Save Data | implemeneted ->Vellore@pds| 27 - 04EP023PN - Wheat
[2025-02-16 19:12:52] district User -> Save Data | implemeneted ->Vellore@pds| 27 - 04EP024P1 - Wheat
[2025-02-16 19:12:53] district User -> Save Data | implemeneted ->Vellore@pds| 27 - 04EP024PY - Wheat
[2025-02-16 19:12:53] district User -> Save Data | implemeneted ->Vellore@pds| 27 - 04EP025PN - Wheat
[2025-02-16 19:12:53] district User -> Save Data | implemeneted ->Vellore@pds| 27 - 04EP026PN - Wheat
[2025-02-16 19:12:54] district User -> Save Data | implemeneted ->Vellore@pds| 27 - 04EP027PN - Wheat
[2025-02-16 19:12:54] district User -> Save Data | implemeneted ->Vellore@pds| 27 - 04EP028PN - Wheat
[2025-02-16 19:12:55] district User -> Save Data | implemeneted ->Vellore@pds| 27 - 04EP029P1 - Wheat
[2025-02-16 19:12:55] district User -> Save Data | implemeneted ->Vellore@pds| 27 - 04EP029PY - Wheat
[2025-02-16 19:12:55] district User -> Save Data | implemeneted ->Vellore@pds| 27 - 04EP030P1 - Wheat
[2025-02-16 19:12:56] district User -> Save Data | implemeneted ->Vellore@pds| 27 - 04EP030PY - Wheat
[2025-02-16 19:12:56] district User -> Save Data | implemeneted ->Vellore@pds| 27 - 04EP031P1 - Wheat
[2025-02-16 19:12:56] district User -> Save Data | implemeneted ->Vellore@pds| 27 - 04EP031P2 - Wheat
[2025-02-16 19:12:57] district User -> Save Data | implemeneted ->Vellore@pds| 27 - 04EP031PY - Wheat
[2025-02-16 19:12:57] district User -> Save Data | implemeneted ->Vellore@pds| 27 - 04EP032PN - Wheat
[2025-02-16 19:12:57] district User -> Save Data | implemeneted ->Vellore@pds| 27 - 04EP033PN - Wheat
[2025-02-16 19:12:57] district User -> Save Data | implemeneted ->Vellore@pds| 27 - 04EP034P1 - Wheat
[2025-02-16 19:12:58] district User -> Save Data | implemeneted ->Vellore@pds| 27 - 04EP034PY - Wheat
[2025-02-16 19:12:58] district User -> Save Data | implemeneted ->Vellore@pds| 27 - 04EP035PN - Wheat
[2025-02-16 19:12:59] district User -> Save Data | implemeneted ->Vellore@pds| 27 - 04EP036PN - Wheat
[2025-02-16 19:12:59] district User -> Save Data | implemeneted ->Vellore@pds| 27 - 04EP037PN - Wheat
[2025-02-16 19:12:59] district User -> Save Data | implemeneted ->Vellore@pds| 27 - 04EP038PN - Wheat
[2025-02-16 19:13:00] district User -> Save Data | implemeneted ->Vellore@pds| 27 - 04EP039PN - Wheat
[2025-02-16 19:13:00] district User -> Save Data | implemeneted ->Vellore@pds| 27 - 04EP040P1 - Wheat
[2025-02-16 19:13:00] district User -> Save Data | implemeneted ->Vellore@pds| 27 - 04EP040PY - Wheat
[2025-02-16 19:13:01] district User -> Save Data | implemeneted ->Vellore@pds| 27 - 04EP041P1 - Wheat
[2025-02-16 19:13:01] district User -> Save Data | implemeneted ->Vellore@pds| 27 - 04EP041PY - Wheat
[2025-02-16 19:13:01] district User -> Save Data | implemeneted ->Vellore@pds| 27 - 04EP042PN - Wheat
[2025-02-16 19:13:02] district User -> Save Data | implemeneted ->Vellore@pds| 27 - 04EP043PN - Wheat
[2025-02-16 19:13:02] district User -> Save Data | implemeneted ->Vellore@pds| 27 - 04EP044P1 - Wheat
[2025-02-16 19:13:02] district User -> Save Data | implemeneted ->Vellore@pds| 27 - 04EP044PY - Wheat
[2025-02-16 19:13:03] district User -> Save Data | implemeneted ->Vellore@pds| 27 - 04EP045PN - Wheat
[2025-02-16 19:13:03] district User -> Save Data | implemeneted ->Vellore@pds| 27 - 04EP046PN - Wheat
[2025-02-16 19:13:04] district User -> Save Data | implemeneted ->Vellore@pds| 27 - 04EP047PN - Wheat
[2025-02-16 19:13:04] district User -> Save Data | implemeneted ->Vellore@pds| 27 - 04EP048P1 - Wheat
[2025-02-16 19:13:04] district User -> Save Data | implemeneted ->Vellore@pds| 27 - 04EP048PY - Wheat
[2025-02-16 19:13:05] district User -> Save Data | implemeneted ->Vellore@pds| 27 - 04EP049P1 - Wheat
[2025-02-16 19:13:05] district User -> Save Data | implemeneted ->Vellore@pds| 27 - 04EP049P2 - Wheat
[2025-02-16 19:13:06] district User -> Save Data | implemeneted ->Vellore@pds| 27 - 04EP049P3 - Wheat
[2025-02-16 19:13:06] district User -> Save Data | implemeneted ->Vellore@pds| 27 - 04EP049PY - Wheat
[2025-02-16 19:13:07] district User -> Save Data | implemeneted ->Vellore@pds| 27 - 04EP050PN - Wheat
[2025-02-16 19:13:07] district User -> Save Data | implemeneted ->Vellore@pds| 27 - 04EP051PN - Wheat
[2025-02-16 19:13:07] district User -> Save Data | implemeneted ->Vellore@pds| 27 - 04EP052P1 - Wheat
[2025-02-16 19:13:07] district User -> Save Data | implemeneted ->Vellore@pds| 27 - 04EP052PY - Wheat
[2025-02-16 19:13:08] district User -> Save Data | implemeneted ->Vellore@pds| 27 - 04EP053PN - Wheat
[2025-02-16 19:13:09] district User -> Save Data | implemeneted ->Vellore@pds| 27 - 04EP054P1 - Wheat
[2025-02-16 19:13:09] district User -> Save Data | implemeneted ->Vellore@pds| 27 - 04EP054PY - Wheat
[2025-02-16 19:13:10] district User -> Save Data | implemeneted ->Vellore@pds| 27 - 04EP055P1 - Wheat
[2025-02-16 19:13:10] district User -> Save Data | implemeneted ->Vellore@pds| 27 - 04EP055PY - Wheat
[2025-02-16 19:13:11] district User -> Save Data | implemeneted ->Vellore@pds| 27 - 04EP056PN - Wheat
[2025-02-16 19:13:11] district User -> Save Data | implemeneted ->Vellore@pds| 27 - 04EP057P1 - Wheat
[2025-02-16 19:13:12] district User -> Save Data | implemeneted ->Vellore@pds| 27 - 04EP057PY - Wheat
[2025-02-16 19:13:12] district User -> Save Data | implemeneted ->Vellore@pds| 27 - 04EP058P1 - Wheat
[2025-02-16 19:13:12] district User -> Save Data | implemeneted ->Vellore@pds| 27 - 04EP058PY - Wheat
[2025-02-16 19:13:12] district User -> Save Data | implemeneted ->Vellore@pds| 27 - 04EP059PN - Wheat
[2025-02-16 19:13:13] district User -> Save Data | implemeneted ->Vellore@pds| 27 - 04EP060PN - Wheat
[2025-02-16 19:13:13] district User -> Save Data | implemeneted ->Vellore@pds| 27 - 04EP061PN - Wheat
[2025-02-16 19:13:13] district User -> Save Data | implemeneted ->Vellore@pds| 27 - 04EP062PN - Wheat
[2025-02-16 19:13:14] district User -> Save Data | implemeneted ->Vellore@pds| 27 - 04HB012PN - Wheat
[2025-02-16 19:13:14] district User -> Save Data | implemeneted ->Vellore@pds| 27 - 04HE001PN - Wheat
[2025-02-16 19:13:14] district User -> Save Data | implemeneted ->Vellore@pds| 27 - 04HP011PN - Wheat
[2025-02-16 19:13:15] district User -> Save Data | implemeneted ->Vellore@pds| 27 - 04HP012PN - Wheat
[2025-02-16 19:13:16] district User -> Save Data | implemeneted ->Vellore@pds| 27 - 04HP033PN - Wheat
[2025-02-16 19:13:16] district User -> Save Data | implemeneted ->Vellore@pds| 27 - 04HP049PN - Wheat
[2025-02-16 19:13:16] district User -> Save Data | implemeneted ->Vellore@pds| 27 - 04HP050PN - Wheat
[2025-02-16 19:13:17] district User -> Save Data | implemeneted ->Vellore@pds| 27 - 04HP052PN - Wheat
[2025-02-16 19:13:17] district User -> Save Data | implemeneted ->Vellore@pds| 27 - 04HP053PN - Wheat
[2025-02-16 19:13:17] district User -> Save Data | implemeneted ->Vellore@pds| 27 - 04HP074PN - Wheat
[2025-02-16 19:13:18] district User -> Save Data | implemeneted ->Vellore@pds| 27 - 04HP084PN - Wheat
[2025-02-16 19:13:18] district User -> Save Data | implemeneted ->Vellore@pds| 27 - 04HP085PN - Wheat
[2025-02-16 19:13:19] district User -> Save Data | implemeneted ->Vellore@pds| 27 - 04HP089PN - Wheat
[2025-02-16 19:13:19] district User -> Save Data | implemeneted ->Vellore@pds| 27 - 04IE032P1 - Wheat
[2025-02-16 19:13:20] district User -> Save Data | implemeneted ->Vellore@pds| 27 - 04IE032PY - Wheat
[2025-02-16 19:13:20] district User -> Save Data | implemeneted ->Vellore@pds| 27 - 04IE033PN - Wheat
[2025-02-16 19:13:20] district User -> Save Data | implemeneted ->Vellore@pds| 27 - 04IE034PN - Wheat
[2025-02-16 19:13:21] district User -> Save Data | implemeneted ->Vellore@pds| 27 - 04IE035P1 - Wheat
[2025-02-16 19:13:21] district User -> Save Data | implemeneted ->Vellore@pds| 27 - 04IE035PY - Wheat
[2025-02-16 19:13:21] district User -> Save Data | implemeneted ->Vellore@pds| 27 - 04IE036PN - Wheat
[2025-02-16 19:13:22] district User -> Save Data | implemeneted ->Vellore@pds| 27 - 04IE037PN - Wheat
[2025-02-16 19:13:22] district User -> Save Data | implemeneted ->Vellore@pds| 27 - 04IE038PN - Wheat
[2025-02-16 19:13:22] district User -> Save Data | implemeneted ->Vellore@pds| 27 - 04IE039PN - Wheat
[2025-02-16 19:13:23] district User -> Save Data | implemeneted ->Vellore@pds| 27 - 04IE040PN - Wheat
[2025-02-16 19:13:24] district User -> Save Data | implemeneted ->Vellore@pds| 27 - 04IE041PN - Wheat
[2025-02-16 19:13:25] district User -> Save Data | implemeneted ->Vellore@pds| 27 - 04IE042PN - Wheat
[2025-02-16 19:13:25] district User -> Save Data | implemeneted ->Vellore@pds| 27 - 04IE043PN - Wheat
[2025-02-16 19:13:26] district User -> Save Data | implemeneted ->Vellore@pds| 27 - 04IE044PN - Wheat
[2025-02-16 19:13:26] district User -> Save Data | implemeneted ->Vellore@pds| 27 - 04IE045PN - Wheat
[2025-02-16 19:13:26] district User -> Save Data | implemeneted ->Vellore@pds| 27 - 04IE046PN - Wheat
[2025-02-16 19:13:27] district User -> Save Data | implemeneted ->Vellore@pds| 27 - 04IE047PN - Wheat
[2025-02-16 19:13:27] district User -> Save Data | implemeneted ->Vellore@pds| 27 - 04IE048PN - Wheat
[2025-02-16 19:13:28] district User -> Save Data | implemeneted ->Vellore@pds| 27 - 04IE049P1 - Wheat
[2025-02-16 19:13:28] district User -> Save Data | implemeneted ->Vellore@pds| 27 - 04IE049PY - Wheat
[2025-02-16 19:13:29] district User -> Save Data | implemeneted ->Vellore@pds| 27 - 04IE050PN - Wheat
[2025-02-16 19:13:29] district User -> Save Data | implemeneted ->Vellore@pds| 27 - 04IE051PN - Wheat
[2025-02-16 19:13:29] district User -> Save Data | implemeneted ->Vellore@pds| 27 - 04IE052PN - Wheat
[2025-02-16 19:13:30] district User -> Save Data | implemeneted ->Vellore@pds| 27 - 04IE053PN - Wheat
[2025-02-16 19:13:30] district User -> Save Data | implemeneted ->Vellore@pds| 27 - 04IP099P1 - Wheat
[2025-02-16 19:13:30] district User -> Save Data | implemeneted ->Vellore@pds| 27 - 04IP099P2 - Wheat
[2025-02-16 19:13:31] district User -> Save Data | implemeneted ->Vellore@pds| 27 - 04IP099PY - Wheat
[2025-02-16 19:13:31] district User -> Save Data | implemeneted ->Vellore@pds| 27 - 04IP100PN - Wheat
[2025-02-16 19:13:31] district User -> Save Data | implemeneted ->Vellore@pds| 27 - 04IP101P1 - Wheat
[2025-02-16 19:13:32] district User -> Save Data | implemeneted ->Vellore@pds| 27 - 04IP101PY - Wheat
[2025-02-16 19:13:32] district User -> Save Data | implemeneted ->Vellore@pds| 27 - 04IP110P1 - Wheat
[2025-02-16 19:13:32] district User -> Save Data | implemeneted ->Vellore@pds| 27 - 04IP110PY - Wheat
[2025-02-16 19:13:33] district User -> Save Data | implemeneted ->Vellore@pds| 27 - 04JB030PN - Wheat
[2025-02-16 19:13:34] district User -> Save Data | implemeneted ->Vellore@pds| 27 - 04JB031PN - Wheat
[2025-02-16 19:13:34] district User -> Save Data | implemeneted ->Vellore@pds| 27 - 04JB032PN - Wheat
[2025-02-16 19:13:34] district User -> Save Data | implemeneted ->Vellore@pds| 27 - 04JB033PN - Wheat
[2025-02-16 19:13:35] district User -> Save Data | implemeneted ->Vellore@pds| 27 - 04JB034PN - Wheat
[2025-02-16 19:13:35] district User -> Save Data | implemeneted ->Vellore@pds| 27 - 04JE025P1 - Wheat
[2025-02-16 19:13:36] district User -> Save Data | implemeneted ->Vellore@pds| 27 - 04JE025PY - Wheat
[2025-02-16 19:13:37] district User -> Save Data | implemeneted ->Vellore@pds| 27 - 04JE026PN - Wheat
[2025-02-16 19:13:37] district User -> Save Data | implemeneted ->Vellore@pds| 27 - 04JE027PN - Wheat
[2025-02-16 19:13:37] district User -> Save Data | implemeneted ->Vellore@pds| 27 - 04JE028PN - Wheat
[2025-02-16 19:13:37] district User -> Save Data | implemeneted ->Vellore@pds| 27 - 04JE029PN - Wheat
[2025-02-16 19:13:38] district User -> Save Data | implemeneted ->Vellore@pds| 27 - 04JE030PN - Wheat
[2025-02-16 19:13:38] district User -> Save Data | implemeneted ->Vellore@pds| 27 - 04JE031PN - Wheat
[2025-02-16 19:13:38] district User -> Save Data | implemeneted ->Vellore@pds| 27 - 04JE054P1 - Wheat
[2025-02-16 19:13:38] district User -> Save Data | implemeneted ->Vellore@pds| 27 - 04JE054PY - Wheat
[2025-02-16 19:13:39] district User -> Save Data | implemeneted ->Vellore@pds| 27 - 04JE055PN - Wheat
[2025-02-16 19:13:39] district User -> Save Data | implemeneted ->Vellore@pds| 27 - 04JE056PN - Wheat
[2025-02-16 19:13:40] district User -> Save Data | implemeneted ->Vellore@pds| 27 - 04JE057PN - Wheat
[2025-02-16 19:13:40] district User -> Save Data | implemeneted ->Vellore@pds| 27 - 04JE058PN - Wheat
[2025-02-16 19:13:40] district User -> Save Data | implemeneted ->Vellore@pds| 27 - 04JE063P1 - Wheat
[2025-02-16 19:13:41] district User -> Save Data | implemeneted ->Vellore@pds| 27 - 04JE073PN - Wheat
[2025-02-16 19:13:41] district User -> Save Data | implemeneted ->Vellore@pds| 27 - 04JE074PN - Wheat
[2025-02-16 19:13:41] district User -> Save Data | implemeneted ->Vellore@pds| 27 - 04JE075PN - Wheat
[2025-02-16 19:13:42] district User -> Save Data | implemeneted ->Vellore@pds| 27 - 04JE076PN - Wheat
[2025-02-16 19:13:42] district User -> Save Data | implemeneted ->Vellore@pds| 27 - 04JE077PN - Wheat
[2025-02-16 19:13:42] district User -> Save Data | implemeneted ->Vellore@pds| 27 - 04JE079PN - Wheat
[2025-02-16 19:13:42] district User -> Save Data | implemeneted ->Vellore@pds| 27 - 04JE082PN - Wheat
[2025-02-16 19:13:43] district User -> Save Data | implemeneted ->Vellore@pds| 27 - 04JE083PN - Wheat
[2025-02-16 19:13:43] district User -> Save Data | implemeneted ->Vellore@pds| 27 - 04JE084PN - Wheat
[2025-02-16 19:13:43] district User -> Save Data | implemeneted ->Vellore@pds| 27 - 04JE159PN - Wheat
[2025-02-16 19:13:44] district User -> Save Data | implemeneted ->Vellore@pds| 27 - 04MA001PN - Wheat
[2025-02-16 19:13:44] district User -> Save Data | implemeneted ->Vellore@pds| 27 - 04MB001PN - Wheat
[2025-02-16 19:13:45] district User -> Save Data | implemeneted ->Vellore@pds| 27 - 04MB002PN - Wheat
[2025-02-16 19:13:45] district User -> Save Data | implemeneted ->Vellore@pds| 27 - 04MB003PN - Wheat
[2025-02-16 19:13:46] district User -> Save Data | implemeneted ->Vellore@pds| 27 - 04MB004PN - Wheat
[2025-02-16 19:13:46] district User -> Save Data | implemeneted ->Vellore@pds| 27 - 04MC001PN - Wheat
[2025-02-16 19:13:47] district User -> Save Data | implemeneted ->Vellore@pds| 27 - 04MC002PN - Wheat
[2025-02-16 19:13:48] district User -> Save Data | implemeneted ->Vellore@pds| 27 - 04MC003PN - Wheat
[2025-02-16 19:13:48] district User -> Save Data | implemeneted ->Vellore@pds| 27 - 04MP001PN - Wheat
[2025-02-16 19:13:48] district User -> Save Data | implemeneted ->Vellore@pds| 27 - 04MP002PN - Wheat
[2025-02-16 19:13:49] district User -> Save Data | implemeneted ->Vellore@pds| 27 - 04MP003PN - Wheat
[2025-02-16 19:13:49] district User -> Save Data | implemeneted ->Vellore@pds| 27 - 04MP004P1 - Wheat
[2025-02-16 19:13:50] district User -> Save Data | implemeneted ->Vellore@pds| 27 - 04MP004PY - Wheat
[2025-02-16 19:13:51] district User -> Save Data | implemeneted ->Vellore@pds| 27 - 04MP005PN - Wheat
[2025-02-16 19:13:51] district User -> Save Data | implemeneted ->Vellore@pds| 27 - 04MP006P1 - Wheat
[2025-02-16 19:13:51] district User -> Save Data | implemeneted ->Vellore@pds| 27 - 04MP006PY - Wheat
[2025-02-16 19:13:52] district User -> Save Data | implemeneted ->Vellore@pds| 27 - 04MP007P1 - Wheat
[2025-02-16 19:13:52] district User -> Save Data | implemeneted ->Vellore@pds| 27 - 04MP007PY - Wheat
[2025-02-16 19:13:53] district User -> Save Data | implemeneted ->Vellore@pds| 27 - 04MP008PN - Wheat
[2025-02-16 19:13:53] district User -> Save Data | implemeneted ->Vellore@pds| 27 - 04MP009PN - Wheat
[2025-02-16 19:13:54] district User -> Save Data | implemeneted ->Vellore@pds| 27 - 04MP010PN - Wheat
[2025-02-16 19:13:54] district User -> Save Data | implemeneted ->Vellore@pds| 27 - 04MP011PN - Wheat
[2025-02-16 19:13:54] district User -> Save Data | implemeneted ->Vellore@pds| 27 - 04MP012PN - Wheat
[2025-02-16 19:13:55] district User -> Save Data | implemeneted ->Vellore@pds| 27 - 04MP013PN - Wheat
[2025-02-16 19:13:55] district User -> Save Data | implemeneted ->Vellore@pds| 27 - 04MP014PN - Wheat
[2025-02-16 19:13:55] district User -> Save Data | implemeneted ->Vellore@pds| 27 - 04MP015P1 - Wheat
[2025-02-16 19:13:56] district User -> Save Data | implemeneted ->Vellore@pds| 27 - 04MP015PY - Wheat
[2025-02-16 19:13:56] district User -> Save Data | implemeneted ->Vellore@pds| 27 - 04MP016PN - Wheat
[2025-02-16 19:13:56] district User -> Save Data | implemeneted ->Vellore@pds| 27 - 04MP017PN - Wheat
[2025-02-16 19:13:57] district User -> Save Data | implemeneted ->Vellore@pds| 27 - 04MP018PN - Wheat
[2025-02-16 19:13:58] district User -> Save Data | implemeneted ->Vellore@pds| 27 - 04MP019PN - Wheat
[2025-02-16 19:13:58] district User -> Save Data | implemeneted ->Vellore@pds| 27 - 04MP020PN - Wheat
[2025-02-16 19:13:59] district User -> Save Data | implemeneted ->Vellore@pds| 27 - 04MP021PN - Wheat
[2025-02-16 19:13:59] district User -> Save Data | implemeneted ->Vellore@pds| 27 - 04MP022P1 - Wheat
[2025-02-16 19:14:00] district User -> Save Data | implemeneted ->Vellore@pds| 27 - 04MP022PY - Wheat
[2025-02-16 19:14:00] district User -> Save Data | implemeneted ->Vellore@pds| 27 - 04MP023PN - Wheat
[2025-02-16 19:14:01] district User -> Save Data | implemeneted ->Vellore@pds| 27 - 04MP024PN - Wheat
[2025-02-16 19:14:01] district User -> Save Data | implemeneted ->Vellore@pds| 27 - 04MP025P1 - Wheat
[2025-02-16 19:14:01] district User -> Save Data | implemeneted ->Vellore@pds| 27 - 04MP025P2 - Wheat
[2025-02-16 19:14:02] district User -> Save Data | implemeneted ->Vellore@pds| 27 - 04MP025PY - Wheat
[2025-02-16 19:14:02] district User -> Save Data | implemeneted ->Vellore@pds| 27 - 04MP026P1 - Wheat
[2025-02-16 19:14:02] district User -> Save Data | implemeneted ->Vellore@pds| 27 - 04MP026PY - Wheat
[2025-02-16 19:14:03] district User -> Save Data | implemeneted ->Vellore@pds| 27 - 04MP027P1 - Wheat
[2025-02-16 19:14:03] district User -> Save Data | implemeneted ->Vellore@pds| 27 - 04MP027P2 - Wheat
[2025-02-16 19:14:04] district User -> Save Data | implemeneted ->Vellore@pds| 27 - 04MP027PY - Wheat
[2025-02-16 19:14:04] district User -> Save Data | implemeneted ->Vellore@pds| 27 - 04MP028PN - Wheat
[2025-02-16 19:14:04] district User -> Save Data | implemeneted ->Vellore@pds| 27 - 04MP029P1 - Wheat
[2025-02-16 19:14:05] district User -> Save Data | implemeneted ->Vellore@pds| 27 - 04MP029PY - Wheat
[2025-02-16 19:14:05] district User -> Save Data | implemeneted ->Vellore@pds| 27 - 04MP030PN - Wheat
[2025-02-16 19:14:06] district User -> Save Data | implemeneted ->Vellore@pds| 27 - 04MP031PN - Wheat
[2025-02-16 19:14:06] district User -> Save Data | implemeneted ->Vellore@pds| 27 - 04MP032PN - Wheat
[2025-02-16 19:14:06] district User -> Save Data | implemeneted ->Vellore@pds| 27 - 04MP033P1 - Wheat
[2025-02-16 19:14:07] district User -> Save Data | implemeneted ->Vellore@pds| 27 - 04MP033PY - Wheat
[2025-02-16 19:14:07] district User -> Save Data | implemeneted ->Vellore@pds| 27 - 04MP034PN - Wheat
[2025-02-16 19:14:07] district User -> Save Data | implemeneted ->Vellore@pds| 27 - 04MP035PN - Wheat
[2025-02-16 19:14:08] district User -> Save Data | implemeneted ->Vellore@pds| 27 - 04MP036PN - Wheat
[2025-02-16 19:14:08] district User -> Save Data | implemeneted ->Vellore@pds| 27 - 04MP037PN - Wheat
[2025-02-16 19:14:08] district User -> Save Data | implemeneted ->Vellore@pds| 27 - 04MP038PN - Wheat
[2025-02-16 19:14:09] district User -> Save Data | implemeneted ->Vellore@pds| 27 - 04MP039P1 - Wheat
[2025-02-16 19:14:09] district User -> Save Data | implemeneted ->Vellore@pds| 27 - 04MP039PY - Wheat
[2025-02-16 19:14:09] district User -> Save Data | implemeneted ->Vellore@pds| 27 - 04MP040PN - Wheat
[2025-02-16 19:14:10] district User -> Save Data | implemeneted ->Vellore@pds| 27 - 04MP041PN - Wheat
[2025-02-16 19:14:10] district User -> Save Data | implemeneted ->Vellore@pds| 27 - 04MP042PN - Wheat
[2025-02-16 19:14:11] district User -> Save Data | implemeneted ->Vellore@pds| 27 - 04MP043PN - Wheat
[2025-02-16 19:14:11] district User -> Save Data | implemeneted ->Vellore@pds| 27 - 04MP044P1 - Wheat
[2025-02-16 19:14:12] district User -> Save Data | implemeneted ->Vellore@pds| 27 - 04MP044P2 - Wheat
[2025-02-16 19:14:12] district User -> Save Data | implemeneted ->Vellore@pds| 27 - 04MP044P3 - Wheat
[2025-02-16 19:14:13] district User -> Save Data | implemeneted ->Vellore@pds| 27 - 04MP044PY - Wheat
[2025-02-16 19:14:13] district User -> Save Data | implemeneted ->Vellore@pds| 27 - 04MP045P1 - Wheat
[2025-02-16 19:14:13] district User -> Save Data | implemeneted ->Vellore@pds| 27 - 04MP045PY - Wheat
[2025-02-16 19:14:14] district User -> Save Data | implemeneted ->Vellore@pds| 27 - 04MP046P1 - Wheat
[2025-02-16 19:14:14] district User -> Save Data | implemeneted ->Vellore@pds| 27 - 04MP046PY - Wheat
[2025-02-16 19:14:15] district User -> Save Data | implemeneted ->Vellore@pds| 27 - 04MP047P1 - Wheat
[2025-02-16 19:14:15] district User -> Save Data | implemeneted ->Vellore@pds| 27 - 04MP047PY - Wheat
[2025-02-16 19:14:16] district User -> Save Data | implemeneted ->Vellore@pds| 27 - 04MP048PN - Wheat
[2025-02-16 19:14:16] district User -> Save Data | implemeneted ->Vellore@pds| 27 - 04MP049PN - Wheat
[2025-02-16 19:14:16] district User -> Save Data | implemeneted ->Vellore@pds| 27 - 04MP050PN - Wheat
[2025-02-16 19:14:17] district User -> Save Data | implemeneted ->Vellore@pds| 27 - 04MP051PN - Wheat
[2025-02-16 19:14:17] district User -> Save Data | implemeneted ->Vellore@pds| 27 - 04MP052PN - Wheat
[2025-02-16 19:14:17] district User -> Save Data | implemeneted ->Vellore@pds| 27 - 04MP053PN - Wheat
[2025-02-16 19:14:18] district User -> Save Data | implemeneted ->Vellore@pds| 27 - 04MP054PN - Wheat
[2025-02-16 19:14:18] district User -> Save Data | implemeneted ->Vellore@pds| 27 - 04MP055P1 - Wheat
[2025-02-16 19:14:18] district User -> Save Data | implemeneted ->Vellore@pds| 27 - 04MP055PY - Wheat
[2025-02-16 19:14:19] district User -> Save Data | implemeneted ->Vellore@pds| 27 - 04MP056PN - Wheat
[2025-02-16 19:14:19] district User -> Save Data | implemeneted ->Vellore@pds| 27 - 04MP057P1 - Wheat
[2025-02-16 19:14:20] district User -> Save Data | implemeneted ->Vellore@pds| 27 - 04MP057PY - Wheat
[2025-02-16 19:14:20] district User -> Save Data | implemeneted ->Vellore@pds| 27 - 04MP058P1 - Wheat
[2025-02-16 19:14:21] district User -> Save Data | implemeneted ->Vellore@pds| 27 - 04MP058P2 - Wheat
[2025-02-16 19:14:22] district User -> Save Data | implemeneted ->Vellore@pds| 27 - 04MP058PY - Wheat
[2025-02-16 19:14:22] district User -> Save Data | implemeneted ->Vellore@pds| 27 - 04MP059PN - Wheat
[2025-02-16 19:14:22] district User -> Save Data | implemeneted ->Vellore@pds| 27 - 04MP060PN - Wheat
[2025-02-16 19:14:23] district User -> Save Data | implemeneted ->Vellore@pds| 27 - 04MP061PN - Wheat
[2025-02-16 19:14:23] district User -> Save Data | implemeneted ->Vellore@pds| 27 - 04MP062P1 - Wheat
[2025-02-16 19:14:23] district User -> Save Data | implemeneted ->Vellore@pds| 27 - 04MP062PY - Wheat
[2025-02-16 19:14:24] district User -> Save Data | implemeneted ->Vellore@pds| 27 - 04MP063P1 - Wheat
[2025-02-16 19:14:25] district User -> Save Data | implemeneted ->Vellore@pds| 27 - 04MP063PY - Wheat
[2025-02-16 19:14:25] district User -> Save Data | implemeneted ->Vellore@pds| 34 - 04AA001PN - Wheat
[2025-02-16 19:14:25] district User -> Save Data | implemeneted ->Vellore@pds| 34 - 04AA002PN - Wheat
[2025-02-16 19:14:26] district User -> Save Data | implemeneted ->Vellore@pds| 34 - 04AA003PN - Wheat
[2025-02-16 19:14:26] district User -> Save Data | implemeneted ->Vellore@pds| 34 - 04AA004PN - Wheat
[2025-02-16 19:14:27] district User -> Save Data | implemeneted ->Vellore@pds| 34 - 04AA005PN - Wheat
[2025-02-16 19:14:27] district User -> Save Data | implemeneted ->Vellore@pds| 34 - 04AA006PN - Wheat
[2025-02-16 19:14:28] district User -> Save Data | implemeneted ->Vellore@pds| 34 - 04AA007PN - Wheat
[2025-02-16 19:14:29] district User -> Save Data | implemeneted ->Vellore@pds| 34 - 04AA008PN - Wheat
[2025-02-16 19:14:29] district User -> Save Data | implemeneted ->Vellore@pds| 34 - 04AA009PN - Wheat
[2025-02-16 19:14:29] district User -> Save Data | implemeneted ->Vellore@pds| 34 - 04AA010PN - Wheat
[2025-02-16 19:14:30] district User -> Save Data | implemeneted ->Vellore@pds| 34 - 04AA011PN - Wheat
[2025-02-16 19:14:30] district User -> Save Data | implemeneted ->Vellore@pds| 34 - 04AA012PN - Wheat
[2025-02-16 19:14:30] district User -> Save Data | implemeneted ->Vellore@pds| 34 - 04AA013PN - Wheat
[2025-02-16 19:14:31] district User -> Save Data | implemeneted ->Vellore@pds| 34 - 04AA014PN - Wheat
[2025-02-16 19:14:32] district User -> Save Data | implemeneted ->Vellore@pds| 34 - 04AA015PN - Wheat
[2025-02-16 19:14:32] district User -> Save Data | implemeneted ->Vellore@pds| 34 - 04AA016PN - Wheat
[2025-02-16 19:14:33] district User -> Save Data | implemeneted ->Vellore@pds| 34 - 04AA017PN - Wheat
[2025-02-16 19:14:33] district User -> Save Data | implemeneted ->Vellore@pds| 34 - 04AA018PN - Wheat
[2025-02-16 19:14:34] district User -> Save Data | implemeneted ->Vellore@pds| 34 - 04AA019PN - Wheat
[2025-02-16 19:14:34] district User -> Save Data | implemeneted ->Vellore@pds| 34 - 04AA020PN - Wheat
[2025-02-16 19:14:35] district User -> Save Data | implemeneted ->Vellore@pds| 34 - 04AA021PN - Wheat
[2025-02-16 19:14:35] district User -> Save Data | implemeneted ->Vellore@pds| 34 - 04AA022PN - Wheat
[2025-02-16 19:14:36] district User -> Save Data | implemeneted ->Vellore@pds| 34 - 04AA023P1 - Wheat
[2025-02-16 19:14:36] district User -> Save Data | implemeneted ->Vellore@pds| 34 - 04AA023PY - Wheat
[2025-02-16 19:14:36] district User -> Save Data | implemeneted ->Vellore@pds| 34 - 04AA024PN - Wheat
[2025-02-16 19:14:37] district User -> Save Data | implemeneted ->Vellore@pds| 34 - 04AA025PN - Wheat
[2025-02-16 19:14:37] district User -> Save Data | implemeneted ->Vellore@pds| 34 - 04AA026PN - Wheat
[2025-02-16 19:14:38] district User -> Save Data | implemeneted ->Vellore@pds| 34 - 04AA027PN - Wheat
[2025-02-16 19:14:38] district User -> Save Data | implemeneted ->Vellore@pds| 34 - 04AB001PN - Wheat
[2025-02-16 19:14:39] district User -> Save Data | implemeneted ->Vellore@pds| 34 - 04AB002PN - Wheat
[2025-02-16 19:14:39] district User -> Save Data | implemeneted ->Vellore@pds| 34 - 04AB003PN - Wheat
[2025-02-16 19:14:39] district User -> Save Data | implemeneted ->Vellore@pds| 34 - 04AB004PN - Wheat
[2025-02-16 19:14:40] district User -> Save Data | implemeneted ->Vellore@pds| 34 - 04AB005PN - Wheat
[2025-02-16 19:14:40] district User -> Save Data | implemeneted ->Vellore@pds| 34 - 04AB006PN - Wheat
[2025-02-16 19:14:41] district User -> Save Data | implemeneted ->Vellore@pds| 34 - 04AB007PN - Wheat
[2025-02-16 19:14:42] district User -> Save Data | implemeneted ->Vellore@pds| 34 - 04AB008PN - Wheat
[2025-02-16 19:14:42] district User -> Save Data | implemeneted ->Vellore@pds| 34 - 04AB009PN - Wheat
[2025-02-16 19:14:43] district User -> Save Data | implemeneted ->Vellore@pds| 34 - 04AB010PN - Wheat
[2025-02-16 19:14:43] district User -> Save Data | implemeneted ->Vellore@pds| 34 - 04AB011PN - Wheat
[2025-02-16 19:14:43] district User -> Save Data | implemeneted ->Vellore@pds| 34 - 04AB012PN - Wheat
[2025-02-16 19:14:45] district User -> Save Data | implemeneted ->Vellore@pds| 34 - 04AB013PN - Wheat
[2025-02-16 19:14:45] district User -> Save Data | implemeneted ->Vellore@pds| 34 - 04AB014PN - Wheat
[2025-02-16 19:14:45] district User -> Save Data | implemeneted ->Vellore@pds| 34 - 04AB015PN - Wheat
[2025-02-16 19:14:46] district User -> Save Data | implemeneted ->Vellore@pds| 34 - 04AB016PN - Wheat
[2025-02-16 19:14:47] district User -> Save Data | implemeneted ->Vellore@pds| 34 - 04AB017PN - Wheat
[2025-02-16 19:14:47] district User -> Save Data | implemeneted ->Vellore@pds| 34 - 04AB018PN - Wheat
[2025-02-16 19:14:47] district User -> Save Data | implemeneted ->Vellore@pds| 34 - 04AB019PN - Wheat
[2025-02-16 19:14:48] district User -> Save Data | implemeneted ->Vellore@pds| 34 - 04AB020PN - Wheat
[2025-02-16 19:14:48] district User -> Save Data | implemeneted ->Vellore@pds| 34 - 04AB021PN - Wheat
[2025-02-16 19:14:49] district User -> Save Data | implemeneted ->Vellore@pds| 34 - 04AB022PN - Wheat
[2025-02-16 19:14:50] district User -> Save Data | implemeneted ->Vellore@pds| 34 - 04AB023PN - Wheat
[2025-02-16 19:14:51] district User -> Save Data | implemeneted ->Vellore@pds| 34 - 04AB024PN - Wheat
[2025-02-16 19:14:51] district User -> Save Data | implemeneted ->Vellore@pds| 34 - 04AB025P1 - Wheat
[2025-02-16 19:14:52] district User -> Save Data | implemeneted ->Vellore@pds| 34 - 04AB025PY - Wheat
[2025-02-16 19:14:52] district User -> Save Data | implemeneted ->Vellore@pds| 34 - 04AB026PN - Wheat
[2025-02-16 19:14:53] district User -> Save Data | implemeneted ->Vellore@pds| 34 - 04AB027PN - Wheat
[2025-02-16 19:14:53] district User -> Save Data | implemeneted ->Vellore@pds| 34 - 04AB028PN - Wheat
[2025-02-16 19:14:54] district User -> Save Data | implemeneted ->Vellore@pds| 34 - 04AB029PN - Wheat
[2025-02-16 19:14:54] district User -> Save Data | implemeneted ->Vellore@pds| 34 - 04AC001PN - Wheat
[2025-02-16 19:14:55] district User -> Save Data | implemeneted ->Vellore@pds| 34 - 04AC002PN - Wheat
[2025-02-16 19:14:56] district User -> Save Data | implemeneted ->Vellore@pds| 34 - 04AC003PN - Wheat
[2025-02-16 19:14:56] district User -> Save Data | implemeneted ->Vellore@pds| 34 - 04AC004PN - Wheat
[2025-02-16 19:14:57] district User -> Save Data | implemeneted ->Vellore@pds| 34 - 04AC005PN - Wheat
[2025-02-16 19:14:57] district User -> Save Data | implemeneted ->Vellore@pds| 34 - 04AC006PN - Wheat
[2025-02-16 19:14:57] district User -> Save Data | implemeneted ->Vellore@pds| 34 - 04AC007PN - Wheat
[2025-02-16 19:14:58] district User -> Save Data | implemeneted ->Vellore@pds| 34 - 04AC008PN - Wheat
[2025-02-16 19:14:58] district User -> Save Data | implemeneted ->Vellore@pds| 34 - 04AC011P1 - Wheat
[2025-02-16 19:14:59] district User -> Save Data | implemeneted ->Vellore@pds| 34 - 04AC013PN - Wheat
[2025-02-16 19:14:59] district User -> Save Data | implemeneted ->Vellore@pds| 34 - 04AC014PN - Wheat
[2025-02-16 19:15:00] district User -> Save Data | implemeneted ->Vellore@pds| 34 - 04AC015PN - Wheat
[2025-02-16 19:15:00] district User -> Save Data | implemeneted ->Vellore@pds| 34 - 04AC016PN - Wheat
[2025-02-16 19:15:00] district User -> Save Data | implemeneted ->Vellore@pds| 34 - 04AC017P1 - Wheat
[2025-02-16 19:15:01] district User -> Save Data | implemeneted ->Vellore@pds| 34 - 04AC017PY - Wheat
[2025-02-16 19:15:01] district User -> Save Data | implemeneted ->Vellore@pds| 34 - 04AC018PN - Wheat
[2025-02-16 19:15:01] district User -> Save Data | implemeneted ->Vellore@pds| 34 - 04AC019PN - Wheat
[2025-02-16 19:15:02] district User -> Save Data | implemeneted ->Vellore@pds| 34 - 04AC022PN - Wheat
[2025-02-16 19:15:02] district User -> Save Data | implemeneted ->Vellore@pds| 34 - 04AC026P1 - Wheat
[2025-02-16 19:15:02] district User -> Save Data | implemeneted ->Vellore@pds| 34 - 04AC026PY - Wheat
[2025-02-16 19:15:03] district User -> Save Data | implemeneted ->Vellore@pds| 34 - 04AC027P1 - Wheat
[2025-02-16 19:15:03] district User -> Save Data | implemeneted ->Vellore@pds| 34 - 04AC027PY - Wheat
[2025-02-16 19:15:04] district User -> Save Data | implemeneted ->Vellore@pds| 34 - 04AC029P1 - Wheat
[2025-02-16 19:15:04] district User -> Save Data | implemeneted ->Vellore@pds| 34 - 04AC029PY - Wheat
[2025-02-16 19:15:05] district User -> Save Data | implemeneted ->Vellore@pds| 34 - 04AC031P1 - Wheat
[2025-02-16 19:15:05] district User -> Save Data | implemeneted ->Vellore@pds| 34 - 04AC031PY - Wheat
[2025-02-16 19:15:05] district User -> Save Data | implemeneted ->Vellore@pds| 34 - 04AC033PN - Wheat
[2025-02-16 19:15:06] district User -> Save Data | implemeneted ->Vellore@pds| 34 - 04AC034PN - Wheat
[2025-02-16 19:15:06] district User -> Save Data | implemeneted ->Vellore@pds| 34 - 04AC035PN - Wheat
[2025-02-16 19:15:07] district User -> Save Data | implemeneted ->Vellore@pds| 34 - 04AC037PN - Wheat
[2025-02-16 19:15:07] district User -> Save Data | implemeneted ->Vellore@pds| 34 - 04AD001PN - Wheat
[2025-02-16 19:15:07] district User -> Save Data | implemeneted ->Vellore@pds| 34 - 04AD002PN - Wheat
[2025-02-16 19:15:08] district User -> Save Data | implemeneted ->Vellore@pds| 34 - 04AD003PN - Wheat
[2025-02-16 19:15:08] district User -> Save Data | implemeneted ->Vellore@pds| 34 - 04AD004PN - Wheat
[2025-02-16 19:15:09] district User -> Save Data | implemeneted ->Vellore@pds| 34 - 04AE001PN - Wheat
[2025-02-16 19:15:09] district User -> Save Data | implemeneted ->Vellore@pds| 34 - 04AE002P1 - Wheat
[2025-02-16 19:15:10] district User -> Save Data | implemeneted ->Vellore@pds| 34 - 04AE002PY - Wheat
[2025-02-16 19:15:10] district User -> Save Data | implemeneted ->Vellore@pds| 34 - 04AE004P1 - Wheat
[2025-02-16 19:15:11] district User -> Save Data | implemeneted ->Vellore@pds| 34 - 04AE004P2 - Wheat
[2025-02-16 19:15:11] district User -> Save Data | implemeneted ->Vellore@pds| 34 - 04AE004PY - Wheat
[2025-02-16 19:15:11] district User -> Save Data | implemeneted ->Vellore@pds| 34 - 04AE006P1 - Wheat
[2025-02-16 19:15:12] district User -> Save Data | implemeneted ->Vellore@pds| 34 - 04AE006PY - Wheat
[2025-02-16 19:15:12] district User -> Save Data | implemeneted ->Vellore@pds| 34 - 04AE007PN - Wheat
[2025-02-16 19:15:12] district User -> Save Data | implemeneted ->Vellore@pds| 34 - 04AE009P1 - Wheat
[2025-02-16 19:15:13] district User -> Save Data | implemeneted ->Vellore@pds| 34 - 04AE009PY - Wheat
[2025-02-16 19:15:14] district User -> Save Data | implemeneted ->Vellore@pds| 34 - 04AE110P1 - Wheat
[2025-02-16 19:15:14] district User -> Save Data | implemeneted ->Vellore@pds| 34 - 04AE110PY - Wheat
[2025-02-16 19:15:15] district User -> Save Data | implemeneted ->Vellore@pds| 34 - 04AE112P1 - Wheat
[2025-02-16 19:15:15] district User -> Save Data | implemeneted ->Vellore@pds| 34 - 04AE112P2 - Wheat
[2025-02-16 19:15:16] district User -> Save Data | implemeneted ->Vellore@pds| 34 - 04AE112P3 - Wheat
[2025-02-16 19:15:16] district User -> Save Data | implemeneted ->Vellore@pds| 34 - 04AE112PY - Wheat
[2025-02-16 19:15:17] district User -> Save Data | implemeneted ->Vellore@pds| 34 - 04AE115P1 - Wheat
[2025-02-16 19:15:17] district User -> Save Data | implemeneted ->Vellore@pds| 34 - 04AE115PY - Wheat
[2025-02-16 19:15:18] district User -> Save Data | implemeneted ->Vellore@pds| 34 - 04AE116PN - Wheat
[2025-02-16 19:15:18] district User -> Save Data | implemeneted ->Vellore@pds| 34 - 04AE117PY - Wheat
[2025-02-16 19:15:18] district User -> Save Data | implemeneted ->Vellore@pds| 34 - 04AE119PN - Wheat
[2025-02-16 19:15:20] district User -> Save Data | implemeneted ->Vellore@pds| 34 - 04AE120PN - Wheat
[2025-02-16 19:15:20] district User -> Save Data | implemeneted ->Vellore@pds| 34 - 04AE121P1 - Wheat
[2025-02-16 19:15:21] district User -> Save Data | implemeneted ->Vellore@pds| 34 - 04AE121PY - Wheat
[2025-02-16 19:15:21] district User -> Save Data | implemeneted ->Vellore@pds| 34 - 04AE122PN - Wheat
[2025-02-16 19:15:21] district User -> Save Data | implemeneted ->Vellore@pds| 34 - 04AE123PN - Wheat
[2025-02-16 19:15:22] district User -> Save Data | implemeneted ->Vellore@pds| 34 - 04AE124P1 - Wheat
[2025-02-16 19:15:22] district User -> Save Data | implemeneted ->Vellore@pds| 34 - 04AE124P2 - Wheat
[2025-02-16 19:15:23] district User -> Save Data | implemeneted ->Vellore@pds| 34 - 04AE124PY - Wheat
[2025-02-16 19:15:23] district User -> Save Data | implemeneted ->Vellore@pds| 34 - 04AE127P1 - Wheat
[2025-02-16 19:15:23] district User -> Save Data | implemeneted ->Vellore@pds| 34 - 04AE127PY - Wheat
[2025-02-16 19:15:24] district User -> Save Data | implemeneted ->Vellore@pds| 34 - 04AE128P1 - Wheat
[2025-02-16 19:15:24] district User -> Save Data | implemeneted ->Vellore@pds| 34 - 04AE128P2 - Wheat
[2025-02-16 19:15:24] district User -> Save Data | implemeneted ->Vellore@pds| 34 - 04AE128PY - Wheat
[2025-02-16 19:15:25] district User -> Save Data | implemeneted ->Vellore@pds| 34 - 04AE131PN - Wheat
[2025-02-16 19:15:25] district User -> Save Data | implemeneted ->Vellore@pds| 34 - 04AE132P1 - Wheat
[2025-02-16 19:15:26] district User -> Save Data | implemeneted ->Vellore@pds| 34 - 04AE132PY - Wheat
[2025-02-16 19:15:26] district User -> Save Data | implemeneted ->Vellore@pds| 34 - 04AE134PN - Wheat
[2025-02-16 19:15:27] district User -> Save Data | implemeneted ->Vellore@pds| 34 - 04AE135PN - Wheat
[2025-02-16 19:15:27] district User -> Save Data | implemeneted ->Vellore@pds| 34 - 04AE136PN - Wheat
[2025-02-16 19:15:28] district User -> Save Data | implemeneted ->Vellore@pds| 34 - 04AE137PN - Wheat
[2025-02-16 19:15:28] district User -> Save Data | implemeneted ->Vellore@pds| 34 - 04AE138P1 - Wheat
[2025-02-16 19:15:29] district User -> Save Data | implemeneted ->Vellore@pds| 34 - 04AE138PY - Wheat
[2025-02-16 19:15:29] district User -> Save Data | implemeneted ->Vellore@pds| 34 - 04AE139P1 - Wheat
[2025-02-16 19:15:29] district User -> Save Data | implemeneted ->Vellore@pds| 34 - 04AE139PY - Wheat
[2025-02-16 19:15:30] district User -> Save Data | implemeneted ->Vellore@pds| 34 - 04AE140P1 - Wheat
[2025-02-16 19:15:30] district User -> Save Data | implemeneted ->Vellore@pds| 34 - 04AE140PY - Wheat
[2025-02-16 19:15:30] district User -> Save Data | implemeneted ->Vellore@pds| 34 - 04AE142PN - Wheat
[2025-02-16 19:15:31] district User -> Save Data | implemeneted ->Vellore@pds| 34 - 04AE144PN - Wheat
[2025-02-16 19:15:31] district User -> Save Data | implemeneted ->Vellore@pds| 34 - 04AE145PN - Wheat
[2025-02-16 19:15:31] district User -> Save Data | implemeneted ->Vellore@pds| 34 - 04AE146PN - Wheat
[2025-02-16 19:15:32] district User -> Save Data | implemeneted ->Vellore@pds| 34 - 04AE147PN - Wheat
[2025-02-16 19:15:32] district User -> Save Data | implemeneted ->Vellore@pds| 34 - 04AE148PN - Wheat
[2025-02-16 19:15:33] district User -> Save Data | implemeneted ->Vellore@pds| 34 - 04AE149PN - Wheat
[2025-02-16 19:15:33] district User -> Save Data | implemeneted ->Vellore@pds| 34 - 04AE150PN - Wheat
[2025-02-16 19:15:33] district User -> Save Data | implemeneted ->Vellore@pds| 34 - 04AE151PN - Wheat
[2025-02-16 19:15:34] district User -> Save Data | implemeneted ->Vellore@pds| 34 - 04AE152P1 - Wheat
[2025-02-16 19:15:35] district User -> Save Data | implemeneted ->Vellore@pds| 34 - 04AE152PY - Wheat
[2025-02-16 19:15:35] district User -> Save Data | implemeneted ->Vellore@pds| 34 - 04AE153PN - Wheat
[2025-02-16 19:15:35] district User -> Save Data | implemeneted ->Vellore@pds| 34 - 04AE154PN - Wheat
[2025-02-16 19:15:36] district User -> Save Data | implemeneted ->Vellore@pds| 34 - 04AE155PN - Wheat
[2025-02-16 19:15:36] district User -> Save Data | implemeneted ->Vellore@pds| 34 - 04AE156P1 - Wheat
[2025-02-16 19:15:37] district User -> Save Data | implemeneted ->Vellore@pds| 34 - 04AE156PY - Wheat
[2025-02-16 19:15:37] district User -> Save Data | implemeneted ->Vellore@pds| 34 - 04AE158PN - Wheat
[2025-02-16 19:15:38] district User -> Save Data | implemeneted ->Vellore@pds| 34 - 04AE159PN - Wheat
[2025-02-16 19:15:38] district User -> Save Data | implemeneted ->Vellore@pds| 34 - 04AE160PN - Wheat
[2025-02-16 19:15:38] district User -> Save Data | implemeneted ->Vellore@pds| 34 - 04HA004PN - Wheat
[2025-02-16 19:15:39] district User -> Save Data | implemeneted ->Vellore@pds| 34 - 04HA005PN - Wheat
[2025-02-16 19:15:39] district User -> Save Data | implemeneted ->Vellore@pds| 34 - 04HA006PN - Wheat
[2025-02-16 19:15:40] district User -> Save Data | implemeneted ->Vellore@pds| 34 - 04HA007PN - Wheat
[2025-02-16 19:15:40] district User -> Save Data | implemeneted ->Vellore@pds| 34 - 04HA008PN - Wheat
[2025-02-16 19:15:40] district User -> Save Data | implemeneted ->Vellore@pds| 34 - 04HA009PN - Wheat
[2025-02-16 19:15:41] district User -> Save Data | implemeneted ->Vellore@pds| 34 - 04HB013PN - Wheat
[2025-02-16 19:15:41] district User -> Save Data | implemeneted ->Vellore@pds| 34 - 04HB014PN - Wheat
[2025-02-16 19:15:42] district User -> Save Data | implemeneted ->Vellore@pds| 34 - 04HB015PN - Wheat
[2025-02-16 19:15:43] district User -> Save Data | implemeneted ->Vellore@pds| 34 - 04HB017PN - Wheat
[2025-02-16 19:15:43] district User -> Save Data | implemeneted ->Vellore@pds| 34 - 04HC013PN - Wheat
[2025-02-16 19:15:44] district User -> Save Data | implemeneted ->Vellore@pds| 34 - 04HC014PN - Wheat
[2025-02-16 19:15:44] district User -> Save Data | implemeneted ->Vellore@pds| 34 - 04HC018PN - Wheat
[2025-02-16 19:15:44] district User -> Save Data | implemeneted ->Vellore@pds| 34 - 04HD006PN - Wheat
[2025-02-16 19:15:45] district User -> Save Data | implemeneted ->Vellore@pds| 34 - 04HD007PN - Wheat
[2025-02-16 19:15:46] district User -> Save Data | implemeneted ->Vellore@pds| 34 - 04HD008PN - Wheat
[2025-02-16 19:15:46] district User -> Save Data | implemeneted ->Vellore@pds| 34 - 04HD009PN - Wheat
[2025-02-16 19:15:46] district User -> Save Data | implemeneted ->Vellore@pds| 34 - 04HD010PN - Wheat
[2025-02-16 19:15:47] district User -> Save Data | implemeneted ->Vellore@pds| 34 - 04HD011PN - Wheat
[2025-02-16 19:15:47] district User -> Save Data | implemeneted ->Vellore@pds| 34 - 04HD012PN - Wheat
[2025-02-16 19:15:48] district User -> Save Data | implemeneted ->Vellore@pds| 34 - 04HD013PN - Wheat
[2025-02-16 19:15:49] district User -> Save Data | implemeneted ->Vellore@pds| 34 - 04HP002PN - Wheat
[2025-02-16 19:15:50] district User -> Save Data | implemeneted ->Vellore@pds| 34 - 04HP003PN - Wheat
[2025-02-16 19:15:50] district User -> Save Data | implemeneted ->Vellore@pds| 34 - 04HP004PN - Wheat
[2025-02-16 19:15:50] district User -> Save Data | implemeneted ->Vellore@pds| 34 - 04HP005PN - Wheat
[2025-02-16 19:15:51] district User -> Save Data | implemeneted ->Vellore@pds| 34 - 04HP006PN - Wheat
[2025-02-16 19:15:51] district User -> Save Data | implemeneted ->Vellore@pds| 34 - 04HP007PN - Wheat
[2025-02-16 19:15:52] district User -> Save Data | implemeneted ->Vellore@pds| 34 - 04HP008PN - Wheat
[2025-02-16 19:15:52] district User -> Save Data | implemeneted ->Vellore@pds| 34 - 04HP009PN - Wheat
[2025-02-16 19:15:53] district User -> Save Data | implemeneted ->Vellore@pds| 34 - 04HP010PN - Wheat
[2025-02-16 19:15:53] district User -> Save Data | implemeneted ->Vellore@pds| 34 - 04HP016P1 - Wheat
[2025-02-16 19:15:54] district User -> Save Data | implemeneted ->Vellore@pds| 34 - 04HP016PY - Wheat
[2025-02-16 19:15:54] district User -> Save Data | implemeneted ->Vellore@pds| 34 - 04HP017P1 - Wheat
[2025-02-16 19:15:54] district User -> Save Data | implemeneted ->Vellore@pds| 34 - 04HP017PY - Wheat
[2025-02-16 19:15:55] district User -> Save Data | implemeneted ->Vellore@pds| 34 - 04HP018PN - Wheat
[2025-02-16 19:15:55] district User -> Save Data | implemeneted ->Vellore@pds| 34 - 04HP019PN - Wheat
[2025-02-16 19:15:55] district User -> Save Data | implemeneted ->Vellore@pds| 34 - 04HP020PN - Wheat
[2025-02-16 19:15:55] district User -> Save Data | implemeneted ->Vellore@pds| 34 - 04HP021PN - Wheat
[2025-02-16 19:15:56] district User -> Save Data | implemeneted ->Vellore@pds| 34 - 04HP022PN - Wheat
[2025-02-16 19:15:57] district User -> Save Data | implemeneted ->Vellore@pds| 34 - 04HP023PN - Wheat
[2025-02-16 19:15:57] district User -> Save Data | implemeneted ->Vellore@pds| 34 - 04HP024PN - Wheat
[2025-02-16 19:15:58] district User -> Save Data | implemeneted ->Vellore@pds| 34 - 04HP025PN - Wheat
[2025-02-16 19:15:58] district User -> Save Data | implemeneted ->Vellore@pds| 34 - 04HP026PN - Wheat
[2025-02-16 19:15:59] district User -> Save Data | implemeneted ->Vellore@pds| 34 - 04HP027PN - Wheat
[2025-02-16 19:15:59] district User -> Save Data | implemeneted ->Vellore@pds| 34 - 04HP028PN - Wheat
[2025-02-16 19:16:00] district User -> Save Data | implemeneted ->Vellore@pds| 34 - 04HP031PN - Wheat
[2025-02-16 19:16:00] district User -> Save Data | implemeneted ->Vellore@pds| 34 - 04HP032PN - Wheat
[2025-02-16 19:16:01] district User -> Save Data | implemeneted ->Vellore@pds| 34 - 04HP034PN - Wheat
[2025-02-16 19:16:01] district User -> Save Data | implemeneted ->Vellore@pds| 34 - 04HP035PN - Wheat
[2025-02-16 19:16:03] district User -> Save Data | implemeneted ->Vellore@pds| 34 - 04HP036PN - Wheat
[2025-02-16 19:16:05] district User -> Save Data | implemeneted ->Vellore@pds| 34 - 04HP040PN - Wheat
[2025-02-16 19:16:06] district User -> Save Data | implemeneted ->Vellore@pds| 34 - 04HP041PN - Wheat
[2025-02-16 19:16:08] district User -> Save Data | implemeneted ->Vellore@pds| 34 - 04HP043PN - Wheat
[2025-02-16 19:16:09] district User -> Save Data | implemeneted ->Vellore@pds| 34 - 04HP044PN - Wheat
[2025-02-16 19:16:09] district User -> Save Data | implemeneted ->Vellore@pds| 34 - 04HP045PN - Wheat
[2025-02-16 19:16:10] district User -> Save Data | implemeneted ->Vellore@pds| 34 - 04HP046PN - Wheat
[2025-02-16 19:16:11] district User -> Save Data | implemeneted ->Vellore@pds| 34 - 04HP047PN - Wheat
[2025-02-16 19:16:11] district User -> Save Data | implemeneted ->Vellore@pds| 34 - 04HP048PN - Wheat
[2025-02-16 19:16:11] district User -> Save Data | implemeneted ->Vellore@pds| 34 - 04HP051PN - Wheat
[2025-02-16 19:16:12] district User -> Save Data | implemeneted ->Vellore@pds| 34 - 04HP071PN - Wheat
[2025-02-16 19:16:12] district User -> Save Data | implemeneted ->Vellore@pds| 34 - 04HP078PN - Wheat
[2025-02-16 19:16:13] district User -> Save Data | implemeneted ->Vellore@pds| 34 - 04HP079PN - Wheat
[2025-02-16 19:16:13] district User -> Save Data | implemeneted ->Vellore@pds| 34 - 04HP080PN - Wheat
[2025-02-16 19:16:13] district User -> Save Data | implemeneted ->Vellore@pds| 34 - 04HP081PN - Wheat
[2025-02-16 19:16:15] district User -> Save Data | implemeneted ->Vellore@pds| 34 - 04HP082P1 - Wheat
[2025-02-16 19:16:16] district User -> Save Data | implemeneted ->Vellore@pds| 34 - 04HP082PY - Wheat
[2025-02-16 19:16:16] district User -> Save Data | implemeneted ->Vellore@pds| 34 - 04HP083PN - Wheat
[2025-02-16 19:16:16] district User -> Save Data | implemeneted ->Vellore@pds| 34 - 04HP093PN - Wheat
[2025-02-16 19:16:17] district User -> Save Data | implemeneted ->Vellore@pds| 34 - 04HP094PN - Wheat
[2025-02-16 19:16:17] district User -> Save Data | implemeneted ->Vellore@pds| 34 - 04HP102PN - Wheat
[2025-02-16 19:16:18] district User -> Save Data | implemeneted ->Vellore@pds| 34 - 04HP128PN - Wheat
[2025-02-16 19:16:18] district User -> Save Data | implemeneted ->Vellore@pds| 34 - 04HP131P1 - Wheat
[2025-02-16 19:16:18] district User -> Save Data | implemeneted ->Vellore@pds| 34 - 04HP131PY - Wheat
[2025-02-16 19:16:19] district User -> Save Data | implemeneted ->Vellore@pds| 34 - 04HP132PN - Wheat
[2025-02-16 19:16:19] district User -> Save Data | implemeneted ->Vellore@pds| 34 - 04HP139PN - Wheat
[2025-02-16 19:16:20] district User -> Save Data | implemeneted ->Vellore@pds| 34 - 04HP140PN - Wheat
[2025-02-16 19:16:20] district User -> Save Data | implemeneted ->Vellore@pds| 34 - 04HP141P1 - Wheat
[2025-02-16 19:16:21] district User -> Save Data | implemeneted ->Vellore@pds| 34 - 04HP142PN - Wheat
[2025-02-16 19:16:21] district User -> Save Data | implemeneted ->Vellore@pds| 34 - 04HP143PN - Wheat
[2025-02-16 19:16:22] district User -> Save Data | implemeneted ->Vellore@pds| 34 - 04HP144PN - Wheat
[2025-02-16 19:16:22] district User -> Save Data | implemeneted ->Vellore@pds| 34 - 04HP145PY - Wheat
[2025-02-16 19:16:23] district User -> Save Data | implemeneted ->Vellore@pds| 34 - 04HP158P1 - Wheat
[2025-02-16 19:16:23] district User -> Save Data | implemeneted ->Vellore@pds| 34 - 04HP158PY - Wheat
[2025-02-16 19:16:23] district User -> Save Data | implemeneted ->Vellore@pds| 34 - 04HP159PN - Wheat
[2025-02-16 19:16:24] district User -> Save Data | implemeneted ->Vellore@pds| 34 - 04HP160PN - Wheat
[2025-02-16 19:16:24] district User -> Save Data | implemeneted ->Vellore@pds| 34 - 04HP161PN - Wheat
[2025-02-16 19:16:25] district User -> Save Data | implemeneted ->Vellore@pds| 34 - 04HP162PN - Wheat
[2025-02-16 19:16:26] district User -> Save Data | implemeneted ->Vellore@pds| 34 - 04HP163PN - Wheat
[2025-02-16 19:16:26] district User -> Save Data | implemeneted ->Vellore@pds| 34 - 04HP164PN - Wheat
[2025-02-16 19:16:27] district User -> Save Data | implemeneted ->Vellore@pds| 34 - 04HP165PN - Wheat
[2025-02-16 19:16:27] district User -> Save Data | implemeneted ->Vellore@pds| 34 - 04HP166PN - Wheat
[2025-02-16 19:16:27] district User -> Save Data | implemeneted ->Vellore@pds| 34 - 04HP167PN - Wheat
[2025-02-16 19:16:28] district User -> Save Data | implemeneted ->Vellore@pds| 34 - 04JC021P1 - Wheat
[2025-02-16 19:16:28] district User -> Save Data | implemeneted ->Vellore@pds| 34 - 04JC021PY - Wheat
[2025-02-16 19:16:29] district User -> Save Data | implemeneted ->Vellore@pds| 34 - 04JC023PN - Wheat
[2025-02-16 19:16:29] district User -> Save Data | implemeneted ->Vellore@pds| 34 - 04JC024P1 - Wheat
[2025-02-16 19:16:30] district User -> Save Data | implemeneted ->Vellore@pds| 34 - 04JC024PY - Wheat
[2025-02-16 19:16:30] district User -> Save Data | implemeneted ->Vellore@pds| 34 - 04JE010PN - Wheat
[2025-02-16 19:16:30] district User -> Save Data | implemeneted ->Vellore@pds| 34 - 04JE011PN - Wheat
[2025-02-16 19:16:31] district User -> Save Data | implemeneted ->Vellore@pds| 34 - 04JE012P1 - Wheat
[2025-02-16 19:16:32] district User -> Save Data | implemeneted ->Vellore@pds| 34 - 04JE012PY - Wheat
[2025-02-16 19:16:32] district User -> Save Data | implemeneted ->Vellore@pds| 34 - 04JE013PN - Wheat
[2025-02-16 19:16:32] district User -> Save Data | implemeneted ->Vellore@pds| 34 - 04JE014PN - Wheat
[2025-02-16 19:16:33] district User -> Save Data | implemeneted ->Vellore@pds| 34 - 04JE015P1 - Wheat
[2025-02-16 19:16:33] district User -> Save Data | implemeneted ->Vellore@pds| 34 - 04JE015PY - Wheat
[2025-02-16 19:16:33] district User -> Save Data | implemeneted ->Vellore@pds| 34 - 04JE016PN - Wheat
[2025-02-16 19:16:34] district User -> Save Data | implemeneted ->Vellore@pds| 34 - 04JE017PN - Wheat
[2025-02-16 19:16:34] district User -> Save Data | implemeneted ->Vellore@pds| 34 - 04JE018PN - Wheat
[2025-02-16 19:16:34] district User -> Save Data | implemeneted ->Vellore@pds| 34 - 04JE019PN - Wheat
[2025-02-16 19:16:35] district User -> Save Data | implemeneted ->Vellore@pds| 34 - 04JE020PN - Wheat
[2025-02-16 19:16:35] district User -> Save Data | implemeneted ->Vellore@pds| 34 - 04JE021PN - Wheat
[2025-02-16 19:16:36] district User -> Save Data | implemeneted ->Vellore@pds| 34 - 04JE022PN - Wheat
[2025-02-16 19:16:36] district User -> Save Data | implemeneted ->Vellore@pds| 34 - 04JE023PN - Wheat
[2025-02-16 19:16:36] district User -> Save Data | implemeneted ->Vellore@pds| 34 - 04JE024PN - Wheat
[2025-02-16 19:16:37] district User -> Save Data | implemeneted ->Vellore@pds| 34 - 04JE059PN - Wheat
[2025-02-16 19:16:37] district User -> Save Data | implemeneted ->Vellore@pds| 34 - 04JE060PN - Wheat
[2025-02-16 19:16:37] district User -> Save Data | implemeneted ->Vellore@pds| 34 - 04JE061PN - Wheat
[2025-02-16 19:16:38] district User -> Save Data | implemeneted ->Vellore@pds| 34 - 04JE062PN - Wheat
[2025-02-16 19:16:38] district User -> Save Data | implemeneted ->Vellore@pds| 34 - 04JE063PY - Wheat
[2025-02-16 19:16:38] district User -> Save Data | implemeneted ->Vellore@pds| 34 - 04JE064PN - Wheat
[2025-02-16 19:16:40] district User -> Save Data | implemeneted ->Vellore@pds| 34 - 04JE065PN - Wheat
[2025-02-16 19:16:41] district User -> Save Data | implemeneted ->Vellore@pds| 34 - 04JE066P1 - Wheat
[2025-02-16 19:16:41] district User -> Save Data | implemeneted ->Vellore@pds| 34 - 04JE066PY - Wheat
[2025-02-16 19:16:41] district User -> Save Data | implemeneted ->Vellore@pds| 34 - 04JE067PN - Wheat
[2025-02-16 19:16:44] district User -> Save Data | implemeneted ->Vellore@pds| 34 - 04JE068P1 - Wheat
[2025-02-16 19:16:46] district User -> Save Data | implemeneted ->Vellore@pds| 34 - 04JE068P2 - Wheat
[2025-02-16 19:16:46] district User -> Save Data | implemeneted ->Vellore@pds| 34 - 04JE068PY - Wheat
[2025-02-16 19:16:46] district User -> Save Data | implemeneted ->Vellore@pds| 34 - 04JE069P1 - Wheat
[2025-02-16 19:16:46] district User -> Save Data | implemeneted ->Vellore@pds| 34 - 04JE069PY - Wheat
[2025-02-16 19:16:47] district User -> Save Data | implemeneted ->Vellore@pds| 34 - 04JE070P1 - Wheat
[2025-02-16 19:16:47] district User -> Save Data | implemeneted ->Vellore@pds| 34 - 04JE070PY - Wheat
[2025-02-16 19:16:47] district User -> Save Data | implemeneted ->Vellore@pds| 34 - 04JE071P1 - Wheat
[2025-02-16 19:16:48] district User -> Save Data | implemeneted ->Vellore@pds| 34 - 04JE071P2 - Wheat
[2025-02-16 19:16:48] district User -> Save Data | implemeneted ->Vellore@pds| 34 - 04JE071PY - Wheat
[2025-02-16 19:16:48] district User -> Save Data | implemeneted ->Vellore@pds| 34 - 04JE072PN - Wheat
[2025-02-16 19:16:49] district User -> Save Data | implemeneted ->Vellore@pds| 34 - 04JE078PN - Wheat
[2025-02-16 19:16:49] district User -> Save Data | implemeneted ->Vellore@pds| 34 - 04JE080PN - Wheat
[2025-02-16 19:16:49] district User -> Save Data | implemeneted ->Vellore@pds| 34 - 04JE081PN - Wheat
[2025-02-16 19:16:50] district User -> Save Data | implemeneted ->Vellore@pds| 34 - 04JE085PN - Wheat
[2025-02-16 19:16:50] district User -> Save Data | implemeneted ->Vellore@pds| 34 - 04JE086PN - Wheat
[2025-02-16 19:16:50] district User -> Save Data | implemeneted ->Vellore@pds| 34 - 04JE087P1 - Wheat
[2025-02-16 19:16:50] district User -> Save Data | implemeneted ->Vellore@pds| 34 - 04JE087PY - Wheat
[2025-02-16 19:16:51] district User -> Save Data | implemeneted ->Vellore@pds| 34 - 04JE088PN - Wheat
[2025-02-16 19:16:51] district User -> Save Data | implemeneted ->Vellore@pds| 34 - 04JE089PN - Wheat
[2025-02-16 19:16:51] district User -> Save Data | implemeneted ->Vellore@pds| 34 - 04JE090PN - Wheat
[2025-02-16 19:16:52] district User -> Save Data | implemeneted ->Vellore@pds| 34 - 04JE091P1 - Wheat
[2025-02-16 19:16:52] district User -> Save Data | implemeneted ->Vellore@pds| 34 - 04JE091PY - Wheat
[2025-02-16 19:16:52] district User -> Save Data | implemeneted ->Vellore@pds| 34 - 04JE092PN - Wheat
[2025-02-16 19:16:53] district User -> Save Data | implemeneted ->Vellore@pds| 34 - 04JE093PN - Wheat
[2025-02-16 19:16:53] district User -> Save Data | implemeneted ->Vellore@pds| 34 - 04JE094P1 - Wheat
[2025-02-16 19:16:53] district User -> Save Data | implemeneted ->Vellore@pds| 34 - 04JE094PY - Wheat
[2025-02-16 19:16:54] district User -> Save Data | implemeneted ->Vellore@pds| 34 - 04JE095PN - Wheat
[2025-02-16 19:16:54] district User -> Save Data | implemeneted ->Vellore@pds| 34 - 04JE096PN - Wheat
[2025-02-16 19:16:55] district User -> Save Data | implemeneted ->Vellore@pds| 34 - 04JE097PN - Wheat
[2025-02-16 19:16:55] district User -> Save Data | implemeneted ->Vellore@pds| 34 - 04JE098PN - Wheat
[2025-02-16 19:16:55] district User -> Save Data | implemeneted ->Vellore@pds| 34 - 04JE099PN - Wheat
[2025-02-16 19:16:56] district User -> Save Data | implemeneted ->Vellore@pds| 34 - 04JE100PN - Wheat
[2025-02-16 19:16:56] district User -> Save Data | implemeneted ->Vellore@pds| 34 - 04JE101PN - Wheat
[2025-02-16 19:16:56] district User -> Save Data | implemeneted ->Vellore@pds| 34 - 04JE102PN - Wheat
[2025-02-16 19:16:56] district User -> Save Data | implemeneted ->Vellore@pds| 34 - 04JE103PN - Wheat
[2025-02-16 19:16:57] district User -> Save Data | implemeneted ->Vellore@pds| 34 - 04JE104PN - Wheat
[2025-02-16 19:16:57] district User -> Save Data | implemeneted ->Vellore@pds| 34 - 04JE105P1 - Wheat
[2025-02-16 19:16:57] district User -> Save Data | implemeneted ->Vellore@pds| 34 - 04JE105PY - Wheat
[2025-02-16 19:16:58] district User -> Save Data | implemeneted ->Vellore@pds| 34 - 04JE106PN - Wheat
[2025-02-16 19:16:58] district User -> Save Data | implemeneted ->Vellore@pds| 34 - 04JE107PN - Wheat
[2025-02-16 19:16:59] district User -> Save Data | implemeneted ->Vellore@pds| 34 - 04JE108PN - Wheat
[2025-02-16 19:16:59] district User -> Save Data | implemeneted ->Vellore@pds| 34 - 04JE109PN - Wheat
[2025-02-16 19:17:00] district User -> Save Data | implemeneted ->Vellore@pds| 564 - 04AC009PN - Wheat
[2025-02-16 19:17:00] district User -> Save Data | implemeneted ->Vellore@pds| 564 - 04AC010PN - Wheat
[2025-02-16 19:17:00] district User -> Save Data | implemeneted ->Vellore@pds| 564 - 04AC011P2 - Wheat
[2025-02-16 19:17:01] district User -> Save Data | implemeneted ->Vellore@pds| 564 - 04AC011PY - Wheat
[2025-02-16 19:17:01] district User -> Save Data | implemeneted ->Vellore@pds| 564 - 04AC036P1 - Wheat
[2025-02-16 19:17:01] district User -> Save Data | implemeneted ->Vellore@pds| 564 - 04AC036PY - Wheat
[2025-02-16 19:17:02] district User -> Save Data | implemeneted ->Vellore@pds| 564 - 04EP006P1 - Wheat
[2025-02-16 19:17:02] district User -> Save Data | implemeneted ->Vellore@pds| 564 - 04EP006PY - Wheat
[2025-02-16 19:17:03] district User -> Save Data | implemeneted ->Vellore@pds| 564 - 04EP007PN - Wheat
[2025-02-16 19:17:03] district User -> Save Data | implemeneted ->Vellore@pds| 564 - 04HB016PN - Wheat
[2025-02-16 19:17:03] district User -> Save Data | implemeneted ->Vellore@pds| 564 - 04HC019PN - Wheat
[2025-02-16 19:17:04] district User -> Save Data | implemeneted ->Vellore@pds| 564 - 04HP013PN - Wheat
[2025-02-16 19:17:04] district User -> Save Data | implemeneted ->Vellore@pds| 564 - 04HP014PN - Wheat
[2025-02-16 19:17:04] district User -> Save Data | implemeneted ->Vellore@pds| 564 - 04HP015PN - Wheat
[2025-02-16 19:17:05] district User -> Save Data | implemeneted ->Vellore@pds| 564 - 04HP037PN - Wheat
[2025-02-16 19:17:05] district User -> Save Data | implemeneted ->Vellore@pds| 564 - 04HP038PN - Wheat
[2025-02-16 19:17:05] district User -> Save Data | implemeneted ->Vellore@pds| 564 - 04HP039PN - Wheat
[2025-02-16 19:17:06] district User -> Save Data | implemeneted ->Vellore@pds| 564 - 04HP042PN - Wheat
[2025-02-16 19:17:06] district User -> Save Data | implemeneted ->Vellore@pds| 564 - 04HP098PN - Wheat
[2025-02-16 19:17:06] district User -> Save Data | implemeneted ->Vellore@pds| 564 - 04HP099P1 - Wheat
[2025-02-16 19:17:06] district User -> Save Data | implemeneted ->Vellore@pds| 564 - 04HP099PY - Wheat
[2025-02-16 19:17:07] district User -> Save Data | implemeneted ->Vellore@pds| 564 - 04HP100PN - Wheat
[2025-02-16 19:17:07] district User -> Save Data | implemeneted ->Vellore@pds| 564 - 04HP101PN - Wheat
[2025-02-16 19:17:08] district User -> Save Data | implemeneted ->Vellore@pds| 564 - 04HP103PN - Wheat
[2025-02-16 19:17:08] district User -> Save Data | implemeneted ->Vellore@pds| 564 - 04HP104PN - Wheat
[2025-02-16 19:17:08] district User -> Save Data | implemeneted ->Vellore@pds| 564 - 04HP105PN - Wheat
[2025-02-16 19:17:09] district User -> Save Data | implemeneted ->Vellore@pds| 564 - 04HP106PN - Wheat
[2025-02-16 19:17:09] district User -> Save Data | implemeneted ->Vellore@pds| 564 - 04HP107P1 - Wheat
[2025-02-16 19:17:09] district User -> Save Data | implemeneted ->Vellore@pds| 564 - 04HP107PY - Wheat
[2025-02-16 19:17:10] district User -> Save Data | implemeneted ->Vellore@pds| 564 - 04HP108PN - Wheat
[2025-02-16 19:17:10] district User -> Save Data | implemeneted ->Vellore@pds| 564 - 04HP109PN - Wheat
[2025-02-16 19:17:10] district User -> Save Data | implemeneted ->Vellore@pds| 564 - 04HP110PN - Wheat
[2025-02-16 19:17:11] district User -> Save Data | implemeneted ->Vellore@pds| 564 - 04HP111PN - Wheat
[2025-02-16 19:17:11] district User -> Save Data | implemeneted ->Vellore@pds| 564 - 04HP112PN - Wheat
[2025-02-16 19:17:11] district User -> Save Data | implemeneted ->Vellore@pds| 564 - 04HP113P1 - Wheat
[2025-02-16 19:17:12] district User -> Save Data | implemeneted ->Vellore@pds| 564 - 04HP113PY - Wheat
[2025-02-16 19:17:12] district User -> Save Data | implemeneted ->Vellore@pds| 564 - 04HP114P1 - Wheat
[2025-02-16 19:17:12] district User -> Save Data | implemeneted ->Vellore@pds| 564 - 04HP114PY - Wheat
[2025-02-16 19:17:13] district User -> Save Data | implemeneted ->Vellore@pds| 564 - 04HP115P1 - Wheat
[2025-02-16 19:17:13] district User -> Save Data | implemeneted ->Vellore@pds| 564 - 04HP115P2 - Wheat
[2025-02-16 19:17:13] district User -> Save Data | implemeneted ->Vellore@pds| 564 - 04HP115PY - Wheat
[2025-02-16 19:17:14] district User -> Save Data | implemeneted ->Vellore@pds| 564 - 04HP116PN - Wheat
[2025-02-16 19:17:14] district User -> Save Data | implemeneted ->Vellore@pds| 564 - 04HP117PN - Wheat
[2025-02-16 19:17:14] district User -> Save Data | implemeneted ->Vellore@pds| 564 - 04HP118P1 - Wheat
[2025-02-16 19:17:15] district User -> Save Data | implemeneted ->Vellore@pds| 564 - 04HP118P2 - Wheat
[2025-02-16 19:17:15] district User -> Save Data | implemeneted ->Vellore@pds| 564 - 04HP118PY - Wheat
[2025-02-16 19:17:15] district User -> Save Data | implemeneted ->Vellore@pds| 564 - 04HP119PN - Wheat
[2025-02-16 19:17:15] district User -> Save Data | implemeneted ->Vellore@pds| 564 - 04HP120P1 - Wheat
[2025-02-16 19:17:16] district User -> Save Data | implemeneted ->Vellore@pds| 564 - 04HP120PY - Wheat
[2025-02-16 19:17:16] district User -> Save Data | implemeneted ->Vellore@pds| 564 - 04HP121P1 - Wheat
[2025-02-16 19:17:17] district User -> Save Data | implemeneted ->Vellore@pds| 564 - 04HP121PY - Wheat
[2025-02-16 19:17:18] district User -> Save Data | implemeneted ->Vellore@pds| 564 - 04HP122PN - Wheat
[2025-02-16 19:17:18] district User -> Save Data | implemeneted ->Vellore@pds| 564 - 04HP123P1 - Wheat
[2025-02-16 19:17:18] district User -> Save Data | implemeneted ->Vellore@pds| 564 - 04HP123PY - Wheat
[2025-02-16 19:17:19] district User -> Save Data | implemeneted ->Vellore@pds| 564 - 04HP124P1 - Wheat
[2025-02-16 19:17:19] district User -> Save Data | implemeneted ->Vellore@pds| 564 - 04HP124PY - Wheat
[2025-02-16 19:17:20] district User -> Save Data | implemeneted ->Vellore@pds| 564 - 04HP125PN - Wheat
[2025-02-16 19:17:20] district User -> Save Data | implemeneted ->Vellore@pds| 564 - 04HP126PN - Wheat
[2025-02-16 19:17:20] district User -> Save Data | implemeneted ->Vellore@pds| 564 - 04HP127P1 - Wheat
[2025-02-16 19:17:21] district User -> Save Data | implemeneted ->Vellore@pds| 564 - 04HP127P2 - Wheat
[2025-02-16 19:17:21] district User -> Save Data | implemeneted ->Vellore@pds| 564 - 04HP127PY - Wheat
[2025-02-16 19:17:21] district User -> Save Data | implemeneted ->Vellore@pds| 564 - 04HP129PN - Wheat
[2025-02-16 19:17:22] district User -> Save Data | implemeneted ->Vellore@pds| 564 - 04HP130PN - Wheat
[2025-02-16 19:17:22] district User -> Save Data | implemeneted ->Vellore@pds| 564 - 04HP133PN - Wheat
[2025-02-16 19:17:22] district User -> Save Data | implemeneted ->Vellore@pds| 564 - 04HP134PN - Wheat
[2025-02-16 19:17:23] district User -> Save Data | implemeneted ->Vellore@pds| 564 - 04HP135P1 - Wheat
[2025-02-16 19:17:23] district User -> Save Data | implemeneted ->Vellore@pds| 564 - 04HP135PY - Wheat
[2025-02-16 19:17:23] district User -> Save Data | implemeneted ->Vellore@pds| 564 - 04HP136PN - Wheat
[2025-02-16 19:17:23] district User -> Save Data | implemeneted ->Vellore@pds| 564 - 04HP137P1 - Wheat
[2025-02-16 19:17:24] district User -> Save Data | implemeneted ->Vellore@pds| 564 - 04HP137PY - Wheat
[2025-02-16 19:17:24] district User -> Save Data | implemeneted ->Vellore@pds| 564 - 04HP138PN - Wheat
[2025-02-16 19:17:24] district User -> Save Data | implemeneted ->Vellore@pds| 564 - 04HP141PY - Wheat
[2025-02-16 19:17:24] district User -> Save Data | implemeneted ->Vellore@pds| 564 - 04HP145P1 - Wheat
[2025-02-16 19:17:25] district User -> Save Data | implemeneted ->Vellore@pds| 564 - 04HP146PN - Wheat
[2025-02-16 19:17:25] district User -> Save Data | implemeneted ->Vellore@pds| 564 - 04HP147PN - Wheat
[2025-02-16 19:17:25] district User -> Save Data | implemeneted ->Vellore@pds| 564 - 04HP148PN - Wheat
