[2025-07-03 10:06:42] User -> Warehouse deleted -> admin@pds| Requested JSON -> {"uid":"all"} | all
[2025-07-03 10:08:15] User -> Warehouse Added -> admin@pds| CHENGALPATU
[2025-07-03 10:08:15] User -> Warehouse Added -> admin@pds| MADURANTAKAM
[2025-07-03 10:08:15] User -> Warehouse Added -> admin@pds| THIRUKALUKUNDRAM
[2025-07-03 10:08:15] User -> Warehouse Added -> admin@pds| VALLAM GODOWN
[2025-07-03 10:08:15] User -> Warehouse Added -> admin@pds| VILVARAYANALLUR
[2025-07-03 10:08:15] User -> Warehouse Added -> admin@pds| ANNA NAGAR
[2025-07-03 10:08:15] User -> Warehouse Added -> admin@pds| ANNA NAGAR
[2025-07-03 10:08:15] User -> Warehouse Added -> admin@pds| Abc
[2025-07-03 10:08:15] User -> Warehouse Added -> admin@pds| JEYANKONDAM OG
[2025-07-03 10:08:15] User -> Warehouse Added -> admin@pds| SENTHURAI OG
[2025-07-03 10:08:15] User -> Warehouse Added -> admin@pds| Abc
[2025-07-03 10:08:15] User -> Warehouse Added -> admin@pds| A Hrefhttpevilcoma
[2025-07-03 10:08:15] User -> Warehouse Added -> admin@pds| Itesteri
[2025-07-03 10:08:15] User -> Warehouse Added -> admin@pds| <i>tester</i>
[2025-07-03 10:08:15] User -> Warehouse Added -> admin@pds| <b>tester</b>
[2025-07-03 10:08:41] User -> FPS deleted -> admin@pds| Requested JSON -> {"uid":"all"} | all
[2025-07-03 14:43:58] User -> FPS added ->admin@pds| Requested JSON -> {"name":"tester","type":"Model FPS","latitude":"11.6","longitude":"22.3","district":"Ariyalur","id":"1","demand":"1","demand_rice":"1","demand_frice":"1"}
[2025-07-03 14:45:46] User -> District added ->admin@pds| Requested JSON -> {"name":"retester"}
[2025-07-03 14:46:54] User -> District added ->admin@pds| Requested JSON -> {"name":"retesterrrrr"}
[2025-07-03 14:47:26] User -> District added ->admin@pds| Requested JSON -> {"name":"retesterrrr"}
[2025-07-03 14:52:50] User -> FPS InActive -> admin@pds| tester
[2025-07-03 14:53:23] User -> FPS Active -> admin@pds| tester
[2025-07-03 14:54:06] User -> FPS InActive -> admin@pds| tester
[2025-07-03 14:54:35] User -> FPS Data Edit->admin@pds| Requested JSON -> {"name":"tester","uniqueid":"FPS_686649d6dd5","active":false,"type":"Model FPS","latitude":"11.6","longitude":"22.3","district":"Ariyalur","id":"1","demand":"1","demand_rice":"1","demand_frice":"2"}
[2025-07-03 15:00:11] User -> Warehouse InActive -> admin@pds| <i>tester</i>
[2025-07-03 15:02:36] User -> Warehouse Edit ->admin@pds| Requested JSON -> {"name":"Abcd","uniqueid":"WH_68660937eb58","active":"1","type":"motorable","latitude":"11.14939","storage":"18000","district":"Ariyalur","id":"645","warehousetype":"swc","longitude":"79.06627"}
[2025-07-03 15:03:00] User -> Warehouse Edit ->admin@pds| Requested JSON -> {"name":"Abcd","uniqueid":"WH_68660937eb58","active":"1","type":"motorable","latitude":"11.14939","storage":"18000","district":"Ariyalur","id":"645","warehousetype":"swc","longitude":"79.06627"}
[2025-07-03 15:03:06] User -> Warehouse Edit ->admin@pds| Requested JSON -> {"name":"Abcd","uniqueid":"WH_68660937eb58","active":"1","type":"motorable","latitude":"11.14939","storage":"18000","district":"Ariyalur","id":"645","warehousetype":"swc","longitude":"79.06627"}
[2025-07-03 15:05:28] User -> Warehouse Edit ->admin@pds| Requested JSON -> {"name":"Abcd","uniqueid":"WH_68660937eb58","active":"1","type":"motorable","latitude":"11.14939","storage":"18000","district":"Ariyalur","id":"645","warehousetype":"swc","longitude":"79.06627"}
[2025-07-03 15:05:36] User -> Warehouse Edit ->admin@pds| Requested JSON -> {"name":"Abcd","uniqueid":"WH_68660937eb58","active":"1","type":"motorable","latitude":"11.14939","storage":"18000","district":"Ariyalur","id":"645","warehousetype":"swc","longitude":"79.06627"}
[2025-07-03 15:05:48] User -> Warehouse Edit ->admin@pds| Requested JSON -> {"name":"Abcd","uniqueid":"WH_68660937eb58","active":"1","type":"motorable","latitude":"11.14939","storage":"18000","district":"Ariyalur","id":"645","warehousetype":"swc","longitude":"79.06627"}
[2025-07-03 15:05:58] User -> Warehouse Edit ->admin@pds| Requested JSON -> {"name":"Abcd","uniqueid":"WH_68660937eb58","active":"1","type":"motorable","latitude":"11.14939","storage":"18000","district":"Ariyalur","id":"645","warehousetype":"swc","longitude":"79.06627"}
[2025-07-03 15:06:06] User -> Warehouse Edit ->admin@pds| Requested JSON -> {"name":"Abcd","uniqueid":"WH_68660937eb58","active":"1","type":"motorable","latitude":"11.14939","storage":"18000","district":"Ariyalur","id":"645","warehousetype":"swc","longitude":"79.06627"}
[2025-07-03 15:06:13] User -> Warehouse Edit ->admin@pds| Requested JSON -> {"name":"Abcd","uniqueid":"WH_68660937eb58","active":"1","type":"motorable","latitude":"11.14939","storage":"18000","district":"Ariyalur","id":"645","warehousetype":"swc","longitude":"79.06627"}
[2025-07-03 15:06:21] User -> Warehouse Edit ->admin@pds| Requested JSON -> {"name":"Abcd","uniqueid":"WH_68660937eb58","active":"1","type":"motorable","latitude":"11.14939","storage":"18000","district":"Ariyalur","id":"645","warehousetype":"swc","longitude":"79.06627"}
[2025-07-03 15:06:31] User -> Warehouse Edit ->admin@pds| Requested JSON -> {"name":"Abcd","uniqueid":"WH_68660937eb58","active":"1","type":"motorable","latitude":"11.14939","storage":"18000","district":"Ariyalur","id":"645","warehousetype":"swc","longitude":"79.06627"}
[2025-07-03 15:06:37] User -> Warehouse Edit ->admin@pds| Requested JSON -> {"name":"Abcd","uniqueid":"WH_68660937eb58","active":"1","type":"motorable","latitude":"11.14939","storage":"18000","district":"Ariyalur","id":"645","warehousetype":"swc","longitude":"79.06627"}
[2025-07-03 15:06:44] User -> Warehouse Edit ->admin@pds| Requested JSON -> {"name":"Abcd","uniqueid":"WH_68660937eb58","active":"1","type":"motorable","latitude":"11.14939","storage":"18000","district":"Ariyalur","id":"645","warehousetype":"swc","longitude":"79.06627"}
[2025-07-03 15:06:52] User -> Warehouse Edit ->admin@pds| Requested JSON -> {"name":"Abcd","uniqueid":"WH_68660937eb58","active":"1","type":"motorable","latitude":"11.14939","storage":"18000","district":"Ariyalur","id":"645","warehousetype":"swc","longitude":"79.06627"}
[2025-07-03 15:06:59] User -> Warehouse Edit ->admin@pds| Requested JSON -> {"name":"Abcd","uniqueid":"WH_68660937eb58","active":"1","type":"motorable","latitude":"11.14939","storage":"18000","district":"Ariyalur","id":"645","warehousetype":"swc","longitude":"79.06627"}
[2025-07-03 15:07:06] User -> Warehouse Edit ->admin@pds| Requested JSON -> {"name":"Abcd","uniqueid":"WH_68660937eb58","active":"1","type":"motorable","latitude":"11.14939","storage":"18000","district":"Ariyalur","id":"645","warehousetype":"swc","longitude":"79.06627"}
[2025-07-03 15:07:19] User -> Warehouse Edit ->admin@pds| Requested JSON -> {"name":"Abcd","uniqueid":"WH_68660937eb58","active":"1","type":"motorable","latitude":"11.14939","storage":"18000","district":"Ariyalur","id":"645","warehousetype":"swc","longitude":"79.06627"}
[2025-07-03 15:07:29] User -> Warehouse Edit ->admin@pds| Requested JSON -> {"name":"Abcd","uniqueid":"WH_68660937eb58","active":"1","type":"motorable","latitude":"11.14939","storage":"18000","district":"Ariyalur","id":"645","warehousetype":"swc","longitude":"79.06627"}
[2025-07-03 15:07:39] User -> Warehouse Edit ->admin@pds| Requested JSON -> {"name":"Abcd","uniqueid":"WH_68660937eb58","active":"1","type":"motorable","latitude":"11.14939","storage":"18000","district":"Ariyalur","id":"645","warehousetype":"swc","longitude":"79.06627"}
[2025-07-03 15:07:47] User -> Warehouse Edit ->admin@pds| Requested JSON -> {"name":"Abcd","uniqueid":"WH_68660937eb58","active":"1","type":"motorable","latitude":"11.14939","storage":"18000","district":"Ariyalur","id":"645","warehousetype":"swc","longitude":"79.06627"}
[2025-07-03 15:07:54] User -> Warehouse Edit ->admin@pds| Requested JSON -> {"name":"Abcd","uniqueid":"WH_68660937eb58","active":"1","type":"motorable","latitude":"11.14939","storage":"18000","district":"Ariyalur","id":"645","warehousetype":"swc","longitude":"79.06627"}
[2025-07-03 15:08:01] User -> Warehouse Edit ->admin@pds| Requested JSON -> {"name":"Abcd","uniqueid":"WH_68660937eb58","active":"1","type":"motorable","latitude":"11.14939","storage":"18000","district":"Ariyalur","id":"645","warehousetype":"swc","longitude":"79.06627"}
[2025-07-03 15:08:10] User -> Warehouse Edit ->admin@pds| Requested JSON -> {"name":"Abcd","uniqueid":"WH_68660937eb58","active":"1","type":"motorable","latitude":"11.14939","storage":"18000","district":"Ariyalur","id":"645","warehousetype":"swc","longitude":"79.06627"}
[2025-07-03 15:08:18] User -> Warehouse Edit ->admin@pds| Requested JSON -> {"name":"Abcd","uniqueid":"WH_68660937eb58","active":"1","type":"motorable","latitude":"11.14939","storage":"18000","district":"Ariyalur","id":"645","warehousetype":"swc","longitude":"79.06627"}
[2025-07-03 15:08:22] User -> Warehouse Edit ->admin@pds| Requested JSON -> {"name":"Abcd","uniqueid":"WH_68660937eb58","active":"1","type":"motorable","latitude":"11.14939","storage":"18000","district":"Ariyalur","id":"645","warehousetype":"swc","longitude":"79.06627"}
[2025-07-03 15:08:28] User -> Warehouse Edit ->admin@pds| Requested JSON -> {"name":"Abcd","uniqueid":"WH_68660937eb58","active":"1","type":"motorable","latitude":"11.14939","storage":"18000","district":"Ariyalur","id":"645","warehousetype":"swc","longitude":"79.06627"}
[2025-07-03 15:10:13] User -> Warehouse Edit ->admin@pds| Requested JSON -> {"name":"Abcd","uniqueid":"WH_68660937eb58","active":"1","type":"motorable","latitude":"11.14939","storage":"18000","district":"Ariyalur","id":"645","warehousetype":"swc","longitude":"79.06627"}
[2025-07-03 15:10:21] User -> Warehouse Edit ->admin@pds| Requested JSON -> {"name":"Abcd","uniqueid":"WH_68660937eb58","active":"1","type":"motorable","latitude":"11.14939","storage":"18000","district":"Ariyalur","id":"645","warehousetype":"swc","longitude":"79.06627"}
[2025-07-03 15:10:34] User -> Warehouse Edit ->admin@pds| Requested JSON -> {"name":"Abcd","uniqueid":"WH_68660937eb58","active":"1","type":"motorable","latitude":"11.14939","storage":"18000","district":"Ariyalur","id":"645","warehousetype":"swc","longitude":"79.06627"}
[2025-07-03 15:10:47] User -> Warehouse Edit ->admin@pds| Requested JSON -> {"name":"Abcd","uniqueid":"WH_68660937eb58","active":"1","type":"motorable","latitude":"11.14939","storage":"18000","district":"Ariyalur","id":"645","warehousetype":"swc","longitude":"79.06627"}
[2025-07-03 15:10:55] User -> Warehouse Edit ->admin@pds| Requested JSON -> {"name":"Abcd","uniqueid":"WH_68660937eb58","active":"1","type":"motorable","latitude":"11.14939","storage":"18000","district":"Ariyalur","id":"645","warehousetype":"swc","longitude":"79.06627"}
[2025-07-03 15:12:40] User -> Warehouse Active -> admin@pds| <i>tester</i>
[2025-07-03 17:45:16] User -> FPS Data Edit->admin@pds| Requested JSON -> {"name":"String.fromCharCode60 105 62 106 117 108 121 60 47 105 62","uniqueid":"FPS_686649d6dd5","active":false,"type":"Model FPS","latitude":"11.6","longitude":"22.3","district":"Ariyalur","id":"1","demand":"1","demand_rice":"1","demand_frice":"2"}
[2025-07-03 17:46:19] User -> Send  Message ->admin@pds| Requested JSON -> {"message":"ijulyi","uniqueid":"678bf97f760ce"} | Madurai@pds
