[2025-07-08 11:08:56] User -> Warehouse InActive -> admin@pds| Abcd
[2025-07-08 11:11:15] User -> Warehouse Edit ->admin@pds| Requested JSON -> {"name":"Abcd","uniqueid":"WH_68660937eb58","active":false,"type":"motorable","latitude":"11.14939","storage":"1800","district":"Ariyalur","id":"645","warehousetype":"swc","longitude":"79.06627"}
[2025-07-08 11:21:14] User -> Send  Message ->admin@pds| Requested JSON -> {"message":"TEST","uniqueid":"678bf97f760ce"} | Madurai@pds
[2025-07-08 11:21:24] User -> Send  Message ->admin@pds| Requested JSON -> {"message":"TEST","uniqueid":"678bf97f760ce"} | Madurai@pds
[2025-07-08 11:21:37] User -> Send  Message ->admin@pds| Requested JSON -> {"message":"TEST","uniqueid":"678bf97f760ce"} | Madurai@pds
[2025-07-08 11:21:48] User -> Send  Message ->admin@pds| Requested JSON -> {"message":"TEST","uniqueid":"678bf97f760ce"} | Madurai@pds
[2025-07-08 11:22:02] User -> Send  Message ->admin@pds| Requested JSON -> {"message":"TEST","uniqueid":"678bf97f760ce"} | Madurai@pds
[2025-07-08 11:22:11] User -> Send  Message ->admin@pds| Requested JSON -> {"message":"TEST","uniqueid":"678bf97f760ce"} | Madurai@pds
[2025-07-08 11:22:23] User -> Send  Message ->admin@pds| Requested JSON -> {"message":"TEST","uniqueid":"678bf97f760ce"} | Madurai@pds
[2025-07-08 11:22:34] User -> Send  Message ->admin@pds| Requested JSON -> {"message":"TEST","uniqueid":"678bf97f760ce"} | Madurai@pds
[2025-07-08 11:23:18] User -> Verify User ->admin@pds| Requested JSON -> {"uid":"686b85f4ee57e"} | testerr
[2025-07-08 11:23:30] User -> Verify User ->admin@pds| Requested JSON -> {"uid":"686b85f4ee57e"} | testerr
[2025-07-08 11:23:41] User -> Verify User ->admin@pds| Requested JSON -> {"uid":"686b85f4ee57e"} | testerr
[2025-07-08 11:24:16] User -> Verify User ->admin@pds| Requested JSON -> {"uid":"686b85f4ee57e"} | testerr
[2025-07-08 11:24:28] User -> Verify User ->admin@pds| Requested JSON -> {"uid":"686b85f4ee57e"} | testerr
[2025-07-08 11:24:37] User -> Verify User ->admin@pds| Requested JSON -> {"uid":"686b85f4ee57e"} | testerr
[2025-07-08 11:24:44] User -> Verify User ->admin@pds| Requested JSON -> {"uid":"686b85f4ee57e"} | testerr
[2025-07-08 11:24:51] User -> Verify User ->admin@pds| Requested JSON -> {"uid":"686b85f4ee57e"} | testerr
[2025-07-08 11:25:02] User -> Verify User ->admin@pds| Requested JSON -> {"uid":"686b85f4ee57e"} | testerr
[2025-07-08 11:25:39] User -> Block User ->admin@pds| Requested JSON -> {"uid":"686b85f4ee57e"} | testerr
[2025-07-08 11:25:57] User -> Block User ->admin@pds| Requested JSON -> {"uid":"686b85f4ee57e"} | testerr
[2025-07-08 11:26:05] User -> Block User ->admin@pds| Requested JSON -> {"uid":"686b85f4ee57e"} | testerr
[2025-07-08 11:26:27] User -> Block User ->admin@pds| Requested JSON -> {"uid":"686b85f4ee57e"} | testerr
[2025-07-08 11:26:34] User -> Block User ->admin@pds| Requested JSON -> {"uid":"686b85f4ee57e"} | testerr
[2025-07-08 11:27:31] User -> Delete User ->admin@pds| Requested JSON -> {"uid":"686b85f4ee57e"} | testerr
[2025-07-08 11:28:12] User -> User Add ->admin@pds| Requested JSON -> {"newusername":"Saurabh","district":"admin","newpassword":"Saurabh@123"} | Saurabh
[2025-07-08 14:17:52] User -> Warehouse InActive -> admin@pds| <b>tester</b>
[2025-07-08 14:19:36] User -> Warehouse Edit ->admin@pds| Requested JSON -> {"name":"btesterb","uniqueid":"WH_68660937f2c7","active":false,"type":"motorable","latitude":"10","storage":"18","district":"Ariyalur","id":"btesterb","warehousetype":"swc","longitude":"11"}
[2025-07-08 14:19:40] User -> Warehouse Edit ->admin@pds| Requested JSON -> {"name":"btesterb","uniqueid":"WH_68660937f2c7","active":false,"type":"motorable","latitude":"10","storage":"18","district":"Ariyalur","id":"btesterb","warehousetype":"swc","longitude":"11"}
[2025-07-08 14:19:53] User -> Warehouse Edit ->admin@pds| Requested JSON -> {"name":"btesterb","uniqueid":"WH_68660937f2c7","active":false,"type":"motorable","latitude":"10","storage":"18","district":"Ariyalur","id":"btesterb","warehousetype":"swc","longitude":"11"}
[2025-07-08 14:20:00] User -> Warehouse Edit ->admin@pds| Requested JSON -> {"name":"btesterb","uniqueid":"WH_68660937f2c7","active":false,"type":"motorable","latitude":"10","storage":"18","district":"Ariyalur","id":"btesterb","warehousetype":"swc","longitude":"11"}
[2025-07-08 14:20:10] User -> Warehouse Edit ->admin@pds| Requested JSON -> {"name":"btesterb","uniqueid":"WH_68660937f2c7","active":false,"type":"motorable","latitude":"10","storage":"18","district":"Ariyalur","id":"btesterb","warehousetype":"swc","longitude":"11"}
[2025-07-08 14:20:17] User -> Warehouse Edit ->admin@pds| Requested JSON -> {"name":"btesterb","uniqueid":"WH_68660937f2c7","active":false,"type":"motorable","latitude":"10","storage":"18","district":"Ariyalur","id":"btesterb","warehousetype":"swc","longitude":"11"}
[2025-07-08 14:20:23] User -> Warehouse Edit ->admin@pds| Requested JSON -> {"name":"btesterb","uniqueid":"WH_68660937f2c7","active":false,"type":"motorable","latitude":"10","storage":"18","district":"Ariyalur","id":"btesterb","warehousetype":"swc","longitude":"11"}
[2025-07-08 14:20:33] User -> Warehouse Edit ->admin@pds| Requested JSON -> {"name":"btesterb","uniqueid":"WH_68660937f2c7","active":false,"type":"motorable","latitude":"10","storage":"18","district":"Ariyalur","id":"btesterb","warehousetype":"swc","longitude":"11"}
[2025-07-08 14:20:41] User -> Warehouse Edit ->admin@pds| Requested JSON -> {"name":"btesterb","uniqueid":"WH_68660937f2c7","active":false,"type":"motorable","latitude":"10","storage":"18","district":"Ariyalur","id":"btesterb","warehousetype":"swc","longitude":"11"}
[2025-07-08 14:20:50] User -> Warehouse Edit ->admin@pds| Requested JSON -> {"name":"btesterb","uniqueid":"WH_68660937f2c7","active":false,"type":"motorable","latitude":"10","storage":"18","district":"Ariyalur","id":"btesterb","warehousetype":"swc","longitude":"11"}
[2025-07-08 14:20:58] User -> Warehouse Edit ->admin@pds| Requested JSON -> {"name":"btesterb","uniqueid":"WH_68660937f2c7","active":false,"type":"motorable","latitude":"10","storage":"18","district":"Ariyalur","id":"btesterb","warehousetype":"swc","longitude":"11"}
[2025-07-08 14:21:07] User -> Warehouse Edit ->admin@pds| Requested JSON -> {"name":"btesterb","uniqueid":"WH_68660937f2c7","active":false,"type":"motorable","latitude":"10","storage":"18","district":"Ariyalur","id":"btesterb","warehousetype":"swc","longitude":"11"}
[2025-07-08 14:21:17] User -> Warehouse Edit ->admin@pds| Requested JSON -> {"name":"btesterb","uniqueid":"WH_68660937f2c7","active":false,"type":"motorable","latitude":"10","storage":"18","district":"Ariyalur","id":"btesterb","warehousetype":"swc","longitude":"11"}
[2025-07-08 14:21:28] User -> Warehouse Edit ->admin@pds| Requested JSON -> {"name":"btesterb","uniqueid":"WH_68660937f2c7","active":false,"type":"motorable","latitude":"10","storage":"18","district":"Ariyalur","id":"btesterb","warehousetype":"swc","longitude":"11"}
[2025-07-08 14:21:34] User -> Warehouse Edit ->admin@pds| Requested JSON -> {"name":"btesterb","uniqueid":"WH_68660937f2c7","active":false,"type":"motorable","latitude":"10","storage":"18","district":"Ariyalur","id":"btesterb","warehousetype":"swc","longitude":"11"}
[2025-07-08 14:21:43] User -> Warehouse Edit ->admin@pds| Requested JSON -> {"name":"btesterb","uniqueid":"WH_68660937f2c7","active":false,"type":"motorable","latitude":"10","storage":"18","district":"Ariyalur","id":"btesterb","warehousetype":"swc","longitude":"11"}
[2025-07-08 14:21:49] User -> Warehouse Edit ->admin@pds| Requested JSON -> {"name":"btesterb","uniqueid":"WH_68660937f2c7","active":false,"type":"motorable","latitude":"10","storage":"18","district":"Ariyalur","id":"btesterb","warehousetype":"swc","longitude":"11"}
[2025-07-08 14:21:57] User -> Warehouse Edit ->admin@pds| Requested JSON -> {"name":"btesterb","uniqueid":"WH_68660937f2c7","active":false,"type":"motorable","latitude":"10","storage":"18","district":"Ariyalur","id":"btesterb","warehousetype":"swc","longitude":"11"}
[2025-07-08 14:22:03] User -> Warehouse Edit ->admin@pds| Requested JSON -> {"name":"btesterb","uniqueid":"WH_68660937f2c7","active":false,"type":"motorable","latitude":"10","storage":"18","district":"Ariyalur","id":"btesterb","warehousetype":"swc","longitude":"11"}
[2025-07-08 14:22:10] User -> Warehouse Edit ->admin@pds| Requested JSON -> {"name":"btesterb","uniqueid":"WH_68660937f2c7","active":false,"type":"motorable","latitude":"10","storage":"18","district":"Ariyalur","id":"btesterb","warehousetype":"swc","longitude":"11"}
[2025-07-08 14:22:19] User -> Warehouse Edit ->admin@pds| Requested JSON -> {"name":"btesterb","uniqueid":"WH_68660937f2c7","active":false,"type":"motorable","latitude":"10","storage":"18","district":"Ariyalur","id":"btesterb","warehousetype":"swc","longitude":"11"}
[2025-07-08 14:22:29] User -> Warehouse Edit ->admin@pds| Requested JSON -> {"name":"btesterb","uniqueid":"WH_68660937f2c7","active":false,"type":"motorable","latitude":"10","storage":"18","district":"Ariyalur","id":"btesterb","warehousetype":"swc","longitude":"11"}
[2025-07-08 14:22:38] User -> Warehouse Edit ->admin@pds| Requested JSON -> {"name":"btesterb","uniqueid":"WH_68660937f2c7","active":false,"type":"motorable","latitude":"10","storage":"18","district":"Ariyalur","id":"btesterb","warehousetype":"swc","longitude":"11"}
[2025-07-08 14:22:48] User -> Warehouse Edit ->admin@pds| Requested JSON -> {"name":"btesterb","uniqueid":"WH_68660937f2c7","active":false,"type":"motorable","latitude":"10","storage":"18","district":"Ariyalur","id":"btesterb","warehousetype":"swc","longitude":"11"}
[2025-07-08 14:22:54] User -> Warehouse Edit ->admin@pds| Requested JSON -> {"name":"btesterb","uniqueid":"WH_68660937f2c7","active":false,"type":"motorable","latitude":"10","storage":"18","district":"Ariyalur","id":"btesterb","warehousetype":"swc","longitude":"11"}
[2025-07-08 14:23:04] User -> Warehouse Edit ->admin@pds| Requested JSON -> {"name":"btesterb","uniqueid":"WH_68660937f2c7","active":false,"type":"motorable","latitude":"10","storage":"18","district":"Ariyalur","id":"btesterb","warehousetype":"swc","longitude":"11"}
[2025-07-08 14:23:13] User -> Warehouse Edit ->admin@pds| Requested JSON -> {"name":"btesterb","uniqueid":"WH_68660937f2c7","active":false,"type":"motorable","latitude":"10","storage":"18","district":"Ariyalur","id":"btesterb","warehousetype":"swc","longitude":"11"}
[2025-07-08 14:23:21] User -> Warehouse Edit ->admin@pds| Requested JSON -> {"name":"btesterb","uniqueid":"WH_68660937f2c7","active":false,"type":"motorable","latitude":"10","storage":"18","district":"Ariyalur","id":"btesterb","warehousetype":"swc","longitude":"11"}
[2025-07-08 14:23:32] User -> Warehouse Edit ->admin@pds| Requested JSON -> {"name":"btesterb","uniqueid":"WH_68660937f2c7","active":false,"type":"motorable","latitude":"10","storage":"18","district":"Ariyalur","id":"btesterb","warehousetype":"swc","longitude":"11"}
[2025-07-08 14:23:49] User -> Warehouse Edit ->admin@pds| Requested JSON -> {"name":"btesterb","uniqueid":"WH_68660937f2c7","active":false,"type":"motorable","latitude":"10","storage":"18","district":"Ariyalur","id":"btesterb","warehousetype":"swc","longitude":"11"}
[2025-07-08 14:24:01] User -> Warehouse Edit ->admin@pds| Requested JSON -> {"name":"btesterb","uniqueid":"WH_68660937f2c7","active":false,"type":"motorable","latitude":"10","storage":"18","district":"Ariyalur","id":"btesterb","warehousetype":"swc","longitude":"11"}
[2025-07-08 14:24:36] User -> Warehouse InActive -> admin@pds| Ariyalur
[2025-07-08 14:24:45] User -> Warehouse InActive -> admin@pds| Ariyalur
[2025-07-08 14:24:53] User -> Warehouse InActive -> admin@pds| Ariyalur
[2025-07-08 14:25:03] User -> Warehouse InActive -> admin@pds| Ariyalur
[2025-07-08 14:25:12] User -> Warehouse InActive -> admin@pds| Ariyalur
[2025-07-08 14:25:30] User -> Warehouse InActive -> admin@pds| Ariyalur
[2025-07-08 14:25:39] User -> Warehouse InActive -> admin@pds| Ariyalur
[2025-07-08 14:25:46] User -> Warehouse InActive -> admin@pds| Ariyalur
[2025-07-08 14:25:56] User -> Warehouse InActive -> admin@pds| Ariyalur
[2025-07-08 14:26:53] User -> Warehouse InActive -> admin@pds| Ariyalur
[2025-07-08 14:27:36] User -> Cost for leg1 Reset ->admin@pds| Requested JSON -> {"id":"NTUnSpTWeucUgA"} | 
[2025-07-08 14:27:48] User -> Cost for leg2 Added ->admin@pds| Requested JSON -> {"cost_NTUnSpTWeucUgA":"24"} | 2024 | may
[2025-07-08 14:28:40] User -> Cost for leg2 Added ->admin@pds| Requested JSON -> {"cost_NTUnSpTWeucUgA":"25"} | 2024 | may
