[2025-07-22 16:14:39] User -> Warehouse deleted -> admin@pds| Requested JSON -> {"uid":"WH_687f617b5089"} | Abcd
[2025-07-22 16:21:23] User -> Warehouse Added -> admin@pds| Abcd
[2025-07-22 16:21:44] User -> Warehouse deleted -> admin@pds| Requested JSON -> {"uid":"WH_687f6d2bd4c0"} | Abcd
[2025-07-22 16:33:54] User -> Warehouse Added -> admin@pds| Abcd
[2025-07-22 16:59:44] {"id":"lbQU5ZSHdjTE0r"}
[2025-07-22 16:59:44] User -> Cost for leg2 Reset ->admin@pds| Requested JSON -> {"id":"lbQU5ZSHdjTE0r"} | 
[2025-07-22 16:59:47] User -> Cost for leg2 Added ->admin@pds| Requested JSON -> {"cost_lbQU5ZSHdjTE0r":"2"} | 2024 | may
[2025-07-22 17:00:02] {"id":"lbQU5ZSHdjTE0r'"}
[2025-07-22 17:01:09] {"id":"lbQU5ZSHdjTE0r\""}
[2025-07-22 17:01:16] {"id":"lbQU5ZSHdjTE0r`"}
[2025-07-22 17:22:40] User -> Warehouse Edit ->admin@pds| Requested JSON -> {"name":"Itesteri","uniqueid":"WH_68660937f187","active":false,"type":"motorable","latitude":"11.14939","storage":"87","district":"Ariyalurr","id":"45678","warehousetype":"swc","longitude":"79.06627"}
[2025-07-22 17:23:28] User -> Warehouse Edit ->admin@pds| Requested JSON -> {"name":"Itesteri","uniqueid":"WH_68660937f187","active":false,"type":"motorable","latitude":"11.14939","storage":"87","district":"Ariyalurr","id":"45678","warehousetype":"swc","longitude":"79"}
[2025-07-22 17:23:36] User -> Warehouse Edit ->admin@pds| Requested JSON -> {"name":"Itesteri","uniqueid":"WH_68660937f187","active":false,"type":"motorable","latitude":"11.14939","storage":"87","district":"Ariyalurr","id":"45678","warehousetype":false,"longitude":"79"}
[2025-07-22 17:23:42] User -> Warehouse Edit ->admin@pds| Requested JSON -> {"name":"Itesteri","uniqueid":"WH_68660937f187","active":false,"type":"motorable","latitude":"11.14939","storage":"87","district":"Ariyalurr","id":"45678","warehousetype":"swc","longitude":"79.06627"}
[2025-07-22 17:28:18] User -> District Name Edit->admin@pds| Requested JSON -> {"name":"Ariyalur","uid":"664052e0e9e5d"}
[2025-07-22 17:28:24] User -> District Name Edit->admin@pds| Requested JSON -> {"name":"Ariyalur","uid":false}
[2025-07-22 17:28:38] User -> District Name Edit->admin@pds| Requested JSON -> {"name":false,"uid":"664052e0e9e5d"}
[2025-07-22 17:29:09] User -> District Name Edit->admin@pds| Requested JSON -> {"name":"Ariyalur","uid":"664052e0e9e5d"}
[2025-07-22 17:29:36] User -> District added ->admin@pds| Requested JSON -> {"name":"t"}
[2025-07-22 17:30:06] User -> District added ->admin@pds| Requested JSON -> {"name":false}
[2025-07-22 17:38:10] User -> Warehouse Active -> admin@pds| <i>tester</i>
[2025-07-22 17:38:35] User -> Warehouse Edit ->admin@pds| Requested JSON -> {"name":"itesteri","uniqueid":"WH_68660937f241","active":"1","type":"motorable","latitude":"10","storage":"8","district":"Ariyalur","id":"itesteri","warehousetype":"swc","longitude":"11"}
[2025-07-22 17:39:21] User -> Warehouse Edit ->admin@pds| Requested JSON -> {"name":false,"uniqueid":"WH_68660937f241","active":"1","type":"motorable","latitude":"10","storage":"8","district":"Ariyalur","id":"itesteri","warehousetype":"swc","longitude":"11"}
[2025-07-22 17:39:53] User -> Warehouse Edit ->admin@pds| Requested JSON -> {"name":"itesteri","uniqueid":"WH_68660937f241","active":"1","type":false,"latitude":"10","storage":"8","district":"Ariyalur","id":"itesteri","warehousetype":"swc","longitude":"11"}
[2025-07-22 17:40:23] User -> Warehouse Edit ->admin@pds| Requested JSON -> {"name":"itesteri","uniqueid":"WH_68660937f241","active":"1","type":"motorable","latitude":"10","storage":"8","district":false,"id":"itesteri","warehousetype":"swc","longitude":"11"}
[2025-07-22 17:41:07] User -> Warehouse Edit ->admin@pds| Requested JSON -> {"name":"itesteri","uniqueid":"WH_68660937f241","active":"1","type":"motorable","latitude":"10","storage":"8","district":"Ariyalur","id":"itesteri","warehousetype":false,"longitude":"11"}
[2025-07-22 17:42:03] User -> Warehouse Edit ->admin@pds| Requested JSON -> {"name":"itesteri","uniqueid":"WH_68660937f241","active":"1","type":"motorable","latitude":"10","storage":"8","district":"Ariyalur","id":"itesteri","warehousetype":"swc","longitude":"11"}
[2025-07-22 17:42:43] User -> Warehouse Active -> admin@pds| Ariyalur
[2025-07-22 17:44:02] User -> Warehouse InActive -> admin@pds| Ariyalur
[2025-07-22 17:44:17] User -> Warehouse Active -> admin@pds| 
[2025-07-22 17:44:32] User -> Warehouse InActive -> admin@pds| Ariyalur
[2025-07-22 17:45:03] User -> Warehouse Active -> admin@pds| 
[2025-07-22 17:45:56] User -> Warehouse Active -> admin@pds| Ariyalur
[2025-07-22 17:47:19] User -> Warehouse added ->admin@pds| Requested JSON -> {"name":"wsx","type":"motorable","latitude":"11","storage":"1","district":"Ariyalur","id":"21","warehousetype":"swc","longitude":"22"}
[2025-07-22 17:51:54] User -> FPS added ->admin@pds| Requested JSON -> {"name":"qweqw","type":"Model FPS","latitude":"1","longitude":"11","district":"Ariyalur","id":"23","demand":"1","demand_rice":"11","demand_frice":"11"}
[2025-07-22 17:59:53] User -> User Add ->admin@pds| Requested JSON -> {"newusername":"tester","district":"admin","newpassword":"tester@12345 "} | tester
[2025-07-22 18:10:56] User -> Send  Message ->admin@pds| Requested JSON -> {"message":"testerrr","uniqueid":"678bf97f760ce"} | Madurai@pds
[2025-07-22 18:17:12] User -> Cost for leg1 Reset ->admin@pds| Requested JSON -> {"id":"NTUnSpTWeucUgA"} | 
[2025-07-22 18:20:38] User -> Cost for leg2 Added ->admin@pds| Requested JSON -> {"cost_NTUnSpTWeucUgA":"3"} | 2024 | may
[2025-07-22 18:21:12] User -> Cost for leg2 Added ->admin@pds| Requested JSON -> {"cost_NTUnSpTWeucUgA":"3"} | 2024 | may
[2025-07-22 18:21:31] {"id":"lbQU5ZSHdjTE0r"}
[2025-07-22 18:21:31] User -> Cost for leg2 Reset ->admin@pds| Requested JSON -> {"id":"lbQU5ZSHdjTE0r"} | 
[2025-07-22 18:21:37] User -> Cost for leg2 Added ->admin@pds| Requested JSON -> {"cost_lbQU5ZSHdjTE0r":"3"} | 2024 | may
