[2025-07-30 16:02:46] User -> Warehouse deleted -> admin@pds| Requested JSON -> {"uid":"all"} | all
[2025-07-30 16:04:56] User -> Warehouse Added -> admin@pds| CHENGALPATU
[2025-07-30 16:04:56] User -> Warehouse Added -> admin@pds| MADURANTAKAM
[2025-07-30 16:04:56] User -> Warehouse Added -> admin@pds| THIRUKALUKUNDRAM
[2025-07-30 16:04:56] User -> Warehouse Added -> admin@pds| VALLAM GODOWN
[2025-07-30 16:04:56] User -> Warehouse Added -> admin@pds| VILVARAYANALLUR
[2025-07-30 16:04:56] User -> Warehouse Added -> admin@pds| ANNA NAGAR
[2025-07-30 16:04:56] User -> Warehouse Added -> admin@pds| ANNA NAGAR
[2025-07-30 16:04:56] User -> Warehouse Added -> admin@pds| Abcd
[2025-07-30 16:04:56] User -> Warehouse Added -> admin@pds| JEYANKONDAM OG
[2025-07-30 16:04:56] User -> Warehouse Added -> admin@pds| SENTHURAI OG
[2025-07-30 16:04:56] User -> Warehouse Added -> admin@pds| Abc
[2025-07-30 16:04:56] User -> Warehouse Added -> admin@pds| Itesteri
[2025-07-30 16:04:56] User -> Warehouse Added -> admin@pds| Itesteri
[2025-07-30 16:04:56] User -> Warehouse Added -> admin@pds| Btesterb
[2025-07-30 16:04:56] User -> Warehouse Added -> admin@pds| Itesteri
[2025-07-30 16:04:56] User -> Warehouse Added -> admin@pds| Abcd
[2025-07-30 16:04:56] User -> Warehouse Added -> admin@pds| Wsx
[2025-07-30 16:04:56] User -> Warehouse Added -> admin@pds| Qwert
[2025-07-30 16:04:56] User -> Warehouse Added -> admin@pds| Qwert
[2025-07-30 16:04:56] User -> Warehouse Added -> admin@pds| Retester
[2025-07-30 16:05:08] User -> Warehouse Active -> admin@pds| Itesteri
[2025-07-30 16:05:09] User -> Warehouse Active -> admin@pds| Abcd
[2025-07-30 17:30:44] User -> Warehouse Edit ->admin@pds| Requested JSON -> {"name":"Itesteri","uniqueid":"WH_6889f550675a","active":"1","type":"motorable","latitude":"10","storage":"8","district":"Ariyalur","id":"itesteri","warehousetype":"swc","longitude":"11"}
[2025-07-30 17:32:39] User -> Warehouse deleted -> admin@pds| Requested JSON -> {"uid":"WH_6889f550675a"} | Itesteri
[2025-07-30 17:40:16] User -> FPS InActive -> admin@pds| asdfg
[2025-07-30 18:08:49] User -> FPS Added -> admin@pds| asdfghjkl
[2025-07-30 18:10:06] User -> FPS Edit -> admin@pds| asdfghjkl
