[2026-07-28 12:42:15] User -> Warehouse added ->admin@pds| Requested JSON -> {"name":"Aksgdz","type":"motorable","latitude":"11","storage":"0","district":"Chengalpet","id":"8990","warehousetype":"swc","longitude":"89"}
[2026-07-28 12:42:25] User -> Warehouse deleted -> admin@pds| Requested JSON -> {"uid":"WH_6a68564f83a2"} | Aksgdz
[2026-07-28 12:47:32] User -> FPS added ->admin@pds| Requested JSON -> {"name":"Akshay","type":"Full Time FPS","latitude":"11","longitude":"89","district":"Chengalpet","id":"8990","demand":"0","demand_rice":"0","demand_frice":"0"}
[2026-07-28 12:47:41] User -> FPS InActive -> admin@pds| Akshay
[2026-07-28 12:47:49] User -> FPS deleted -> admin@pds| Requested JSON -> {"uid":"FPS_6a68578c065"} | Akshay
[2026-07-28 12:58:55] User -> Model FPS InActive -> admin@pds| Ariyalur
[2026-07-28 13:01:20] User -> Full Time FPS InActive -> admin@pds| Ariyalur
[2026-07-28 13:01:31] User -> Full Time FPS Active -> admin@pds| Ariyalur
[2026-07-28 13:04:28] User ->Full Time FPS InActive -> admin@pds| Varadharaja Nagar
[2026-07-28 13:04:30] User ->Full Time FPS Active -> admin@pds| Varadharaja Nagar
[2026-07-28 13:07:53] User -> Delete Message ->admin@pds| Requested JSON -> hlo | Ariyalur@pds
[2026-07-28 15:03:26] User -> Cost for leg2 Added ->admin@pds| Requested JSON -> {"cost_A9PpJxrfvEZmUd":"5566"} | 2026 | jan
[2026-07-28 15:03:36] User -> Cost for leg2 Added ->admin@pds| Requested JSON -> {"cost_A9PpJxrfvEZmUd":"876"} | 2026 | jan
[2026-07-28 15:03:45] User -> Cost for leg2 Added ->admin@pds| Requested JSON -> {"cost_NTUnSpTWeucUgA":"76"} | 2024 | may
[2026-07-28 15:05:07] User -> Cost for leg2 Added ->admin@pds| Requested JSON -> {"cost_NTUnSpTWeucUgA":"0"} | 2024 | may
[2026-07-28 15:05:17] User -> Cost for leg2 Added ->admin@pds| Requested JSON -> {"cost_A9PpJxrfvEZmUd":"0"} | 2026 | jan
[2026-07-28 15:20:01] User -> Delete User ->admin@pds| Requested JSON -> {"uid":"6a630a52c7ad0"} | DFPD@pds
[2026-07-28 15:20:46] User -> User Add ->admin@pds| Requested JSON -> {"newusername":"dfpd@pds","district":"dfpd","newpassword":"eyJjaXBoZXJ0ZXh0IjoidHVBZVdpdWhjTmxaaW40UU80V2JtQT09IiwiaXYiOiI0NTdkY2U2OGVmNzM1ZTMwMWNmNWVkZThhNGI4ZTMyZCIsInNhbHQiOiIwZTRhZDk3ODI0MzBhMWEyYzE0ZmE0NzhkM2FiYWFlOTAzYWYyZDNkNWJmNjJlMWM3MDU0NmFlYzA4MDcxNDFhOGY5MmFhYTQyMDExNmEzNDQ0YTZkMDdmY2E4YmFhNzUzMDQwNDMzNTA1ZGJjNWNhYTAzNWQ5YzExNzEyOGFkZjBmMjI1Nzc2Y2JjZDlmOWQ1NjVmMTZiZWIxZmRmNzkwYmU3NzY3NDA4YjNiYWY4OGZiMmJjNGY3YjI0YTc5YmFlOGQ5ZGNiM2I2MWY0MzYzMTU2NTQzMjk0YjEzN2Y4OGIzM2M3MTQ4M2YwMThlYjM4YzkwYmZjYTQ1ZDk3ZTJiZGE2MDg1YTg1NTkxNTA4YjE2ZWZkYWI4MGI1Yzc4MTMwZmEzNWEyYmRhY2IzNTQwMzMxNTZiMWM4ZDY0MzZlNGViMDljZWI4N2E2NjA0NWZhMmU5ZjY1Nzk0NGE1NWZmZTIyNzVhMjJiYjk0ZThlOGU1Njg5OTIzZTlhMzI0N2E3NTgyYTJmNWYwMzdhYjliYTM1YWM1NzU1OGViMGM0ODY0ZWRlYzNiNDc3MDBlYjA4OGFmZDljMDM1MWUwOTc4YjMwMTUzMjc3YTM0ODI5ZjY3YjE1YjEwNGVmNzRiM2I0ZTczZjY2ZjFmNjEzOTE5MjA3YTNhZDE4YTgyNWEwMCIsIml0ZXJhdGlvbnMiOjk5OX0="} | dfpd@pds
[2026-07-28 15:26:24] User -> Delete User ->admin@pds| Requested JSON -> {"uid":"6a633c7596cc0"} | fci@pds
[2026-07-28 15:26:53] User -> User Add ->admin@pds| Requested JSON -> {"newusername":"fci@pds","district":"fci","newpassword":"eyJjaXBoZXJ0ZXh0IjoibC8zdSswc1R3dy8yMHpDTVlKd29CZz09IiwiaXYiOiJlNjQwYTU0N2IyMTI0NDljZDViY2U1MGQ2NzhmYmM1NCIsInNhbHQiOiI2YTBmZjllYjAwZTJjZTRhYzEyNzFmYmNlOGNkNzljOTE1MDExZjY1ZTQ3OWZkNDU0MmQwZGFlNGMyNGQ4NmYwNTU1Yjk4MGMzNjZhNjIyYzFiNjFmMGJhMzY3ZTNlYjhmZjcyMmQzNzBlYWE2OGM0MDAyMWY1YTE5NWY3ODY0ODE1NWNhNjU4MjMzMDcwYTdkMWE0ZTVlZmI3OGY0NjgxZjA0MTM4Yjk4MmZjNDkzZTIzMWM2NDIwYzcxNDYwZGM0NGM1MjA5YzNhYzk0NjFlODU3Yjk0Njc1ODA3NTU4Yzk5MmUwYmQ1NWJlOGEzYWRkNzgyMzBkZjY3NzcyMTFlZmYyODk0M2IxNjcxYjNlOTNjMGU0YzQwZWJkMDg5YWQ3NjZiZmY0NGExY2U5NmM4NTFlYWY4NDQxNzdmODlmZjMxZGM5ODMyMGY3MDAwZTU1YzY5OTE0MDYyOTBmMmIyZjc0YjhhMzM5ODZhYjNkY2RjNmI0ZmY1OGYyMzBlNjQ2MWU4NTM3OWQyZjNlNjllZTI3YjYxODk0OGRmNTdhM2M5ZTBjNGQ3MGIyZDY3OGEzYWU3N2U4YmU2MzE4ZWVkY2VmNjVjNmU2NTM2ODhjNWNiNjY4ZjQwN2IxMDQ5YzNkY2QwZDA4N2FiOTEwNjU1ZmEwZjY4NGZlNzkxODQxYiIsIml0ZXJhdGlvbnMiOjk5OX0="} | fci@pds
